Archive member included to satisfy reference by file (symbol)

/usr/local/m68k-elf/lib/libc.a(libc_a-exit.o)
                              crt0.o (exit)
/usr/local/m68k-elf/lib/libc.a(libc_a-rand.o)
                              test3.o (rand)
/usr/local/m68k-elf/lib/libc.a(libc_a-fdopen.o)
                              mtk_c.o (fdopen)
/usr/local/m68k-elf/lib/libc.a(libc_a-findfp.o)
                              /usr/local/m68k-elf/lib/libc.a(libc_a-exit.o) (__stdio_exit_handler)
/usr/local/m68k-elf/lib/libc.a(libc_a-flags.o)
                              /usr/local/m68k-elf/lib/libc.a(libc_a-fdopen.o) (__sflags)
/usr/local/m68k-elf/lib/libc.a(libc_a-fwalk.o)
                              /usr/local/m68k-elf/lib/libc.a(libc_a-findfp.o) (_fwalk_sglue)
/usr/local/m68k-elf/lib/libc.a(libc_a-stdio.o)
                              /usr/local/m68k-elf/lib/libc.a(libc_a-fdopen.o) (__sread)
/usr/local/m68k-elf/lib/libc.a(libc_a-vsprintf.o)
                              test3.o (vsprintf)
/usr/local/m68k-elf/lib/libc.a(libc_a-strncmp.o)
                              test3.o (strncmp)
/usr/local/m68k-elf/lib/libc.a(libc_a-closer.o)
                              /usr/local/m68k-elf/lib/libc.a(libc_a-stdio.o) (_close_r)
/usr/local/m68k-elf/lib/libc.a(libc_a-reent.o)
                              /usr/local/m68k-elf/lib/libc.a(libc_a-closer.o) (errno)
/usr/local/m68k-elf/lib/libc.a(libc_a-impure.o)
                              /usr/local/m68k-elf/lib/libc.a(libc_a-rand.o) (_impure_ptr)
/usr/local/m68k-elf/lib/libc.a(libc_a-lseekr.o)
                              /usr/local/m68k-elf/lib/libc.a(libc_a-stdio.o) (_lseek_r)
/usr/local/m68k-elf/lib/libc.a(libc_a-readr.o)
                              /usr/local/m68k-elf/lib/libc.a(libc_a-stdio.o) (_read_r)
/usr/local/m68k-elf/lib/libc.a(libc_a-writer.o)
                              /usr/local/m68k-elf/lib/libc.a(libc_a-stdio.o) (_write_r)
/usr/local/m68k-elf/lib/libc.a(libc_a-strlen.o)
                              test3.o (strlen)
/usr/local/m68k-elf/lib/libc.a(libc_a-memset.o)
                              mtk_c.o (memset)
/usr/local/m68k-elf/lib/libc.a(libc_a-__call_atexit.o)
                              /usr/local/m68k-elf/lib/libc.a(libc_a-exit.o) (__call_exitprocs)
/usr/local/m68k-elf/lib/libc.a(libc_a-freer.o)
                              /usr/local/m68k-elf/lib/libc.a(libc_a-reent.o) (_free_r)
/usr/local/m68k-elf/lib/libc.a(libc_a-mallocr.o)
                              /usr/local/m68k-elf/lib/libc.a(libc_a-findfp.o) (_malloc_r)
/usr/local/m68k-elf/lib/libc.a(libc_a-mlock.o)
                              /usr/local/m68k-elf/lib/libc.a(libc_a-freer.o) (__malloc_lock)
/usr/local/m68k-elf/lib/libc.a(libc_a-svfprintf.o)
                              /usr/local/m68k-elf/lib/libc.a(libc_a-vsprintf.o) (_svfprintf_r)
/usr/local/m68k-elf/lib/libc.a(libc_a-fclose.o)
                              /usr/local/m68k-elf/lib/libc.a(libc_a-findfp.o) (_fclose_r)
/usr/local/m68k-elf/lib/libc.a(libc_a-fflush.o)
                              /usr/local/m68k-elf/lib/libc.a(libc_a-fclose.o) (__sflush_r)
/usr/local/m68k-elf/lib/libc.a(libc_a-memchr.o)
                              /usr/local/m68k-elf/lib/libc.a(libc_a-svfprintf.o) (memchr)
/usr/local/m68k-elf/lib/libc.a(libc_a-localeconv.o)
                              /usr/local/m68k-elf/lib/libc.a(libc_a-svfprintf.o) (_localeconv_r)
/usr/local/m68k-elf/lib/libc.a(libc_a-sbrkr.o)
                              /usr/local/m68k-elf/lib/libc.a(libc_a-freer.o) (_sbrk_r)
/usr/local/m68k-elf/lib/libc.a(libc_a-dtoa.o)
                              /usr/local/m68k-elf/lib/libc.a(libc_a-svfprintf.o) (_dtoa_r)
/usr/local/m68k-elf/lib/libc.a(libc_a-mprec.o)
                              /usr/local/m68k-elf/lib/libc.a(libc_a-dtoa.o) (_Balloc)
/usr/local/m68k-elf/lib/libc.a(libc_a-svfiprintf.o)
                              /usr/local/m68k-elf/lib/libc.a(libc_a-svfprintf.o) (__ssprint_r)
/usr/local/m68k-elf/lib/libc.a(libc_a-memmove.o)
                              /usr/local/m68k-elf/lib/libc.a(libc_a-svfiprintf.o) (memmove)
/usr/local/m68k-elf/lib/libc.a(libc_a-locale.o)
                              /usr/local/m68k-elf/lib/libc.a(libc_a-localeconv.o) (__global_locale)
/usr/local/m68k-elf/lib/libc.a(libc_a-memcpy.o)
                              /usr/local/m68k-elf/lib/libc.a(libc_a-dtoa.o) (memcpy)
/usr/local/m68k-elf/lib/libc.a(libc_a-assert.o)
                              /usr/local/m68k-elf/lib/libc.a(libc_a-dtoa.o) (__assert_func)
/usr/local/m68k-elf/lib/libc.a(libc_a-callocr.o)
                              /usr/local/m68k-elf/lib/libc.a(libc_a-mprec.o) (_calloc_r)
/usr/local/m68k-elf/lib/libc.a(libc_a-mbtowc_r.o)
                              /usr/local/m68k-elf/lib/libc.a(libc_a-locale.o) (__ascii_mbtowc)
/usr/local/m68k-elf/lib/libc.a(libc_a-reallocr.o)
                              /usr/local/m68k-elf/lib/libc.a(libc_a-svfiprintf.o) (_realloc_r)
/usr/local/m68k-elf/lib/libc.a(libc_a-wctomb_r.o)
[...]
Memory Configuration

Name             Origin             Length             Attributes
ram              0x0000000000000000 0x0000000000040000 xrw
rom0             0x0000000000c00000 0x0000000000080000
device           0x0000000000fff000 0x0000000000001000
*default*        0x0000000000000000 0xffffffffffffffff

Linker script and memory map

LOAD crt0.o
LOAD mon.o
LOAD csys68k.o
LOAD inchrw.o
LOAD mtk_asm.o
LOAD mtk_c.o
LOAD outchr.o
LOAD test3.o
START GROUP
LOAD /usr/local/m68k-elf/lib/libidp.a
LOAD /usr/local/m68k-elf/lib/libc.a
LOAD /usr/local/lib/gcc/m68k-elf/11/libgcc.a
END GROUP
                0x0000000000000000                __DYNAMIC = 0x0
                0x000000000003fff0                PROVIDE (__stack = 0x3fff0)
                0x0000000000000000                PROVIDE (hardware_init_hook = 0x0)
                [!provide]                        PROVIDE (_hardware_init_hook = 0x0)
                0x0000000000000000                PROVIDE (software_init_hook = 0x0)
                [!provide]                        PROVIDE (_software_init_hook = 0x0)

.vector
 *(.vector)

.text           0x0000000000000400     0xe4fb
                0x0000000000000400                __text_start = .
 *(.text)
 .text          0x0000000000000400       0x90 crt0.o
                0x000000000000043c                start
 .text          0x0000000000000490      0x498 mon.o
                0x0000000000000490                monitor_begin
 .text          0x0000000000000928      0x13e csys68k.o
                0x0000000000000928                read
                0x00000000000009ec                write
 *fill*         0x0000000000000a66        0x2 
 .text          0x0000000000000a68       0x54 inchrw.o
                0x0000000000000a68                inbyte
                0x0000000000000a92                inkeyw
 .text          0x0000000000000abc       0xea mtk_asm.o
                0x0000000000000abc                first_task
                0x0000000000000ae0                pv_handler
                0x0000000000000b12                P
                0x0000000000000b24                V
                0x0000000000000b36                swtch
                0x0000000000000b64                hard_clock
                0x0000000000000b92                init_timer
 *fill*         0x0000000000000ba6        0x2 
 .text          0x0000000000000ba8      0x618 mtk_c.o
                0x0000000000000ba8                inkey
                0x0000000000000bcc                fcntl
                0x0000000000000bde                init_kernel
                0x0000000000000c50                init_io
                0x0000000000000ca8                set_task
                0x0000000000000d9a                init_stack
                0x0000000000000df4                begin_sch
                0x0000000000000e28                addq
                0x0000000000000ea6                removeq
                0x0000000000000ec6                p_body
                0x0000000000000f8a                v_body
                0x0000000000001042                sched
                0x000000000000106e                sleep
                0x0000000000001122                wakeup
 .text          0x00000000000011c0       0x2a outchr.o
                0x00000000000011c0                outbyte
 *fill*         0x00000000000011ea        0x2 
 .text          0x00000000000011ec     0x1b42 test3.o
                0x00000000000011ec                fast_printf
                0x0000000000001270                runtime_clock
                0x000000000000146c                command_bar
                0x0000000000001d36                main_app
                0x00000000000028ca                init_ui
 *fill*         0x0000000000002d2e        0x2 
 .text          0x0000000000002d30       0x28 /usr/local/m68k-elf/lib/libc.a(libc_a-exit.o)
                0x0000000000002d30                exit
 .text          0x0000000000002d58       0x52 /usr/local/m68k-elf/lib/libc.a(libc_a-rand.o)
                0x0000000000002d58                srand
                0x0000000000002d6a                rand
 *fill*         0x0000000000002daa        0x2 
 .text          0x0000000000002dac      0x102 /usr/local/m68k-elf/lib/libc.a(libc_a-fdopen.o)
                0x0000000000002dac                _fdopen_r
                0x0000000000002e2c                fdopen
 *fill*         0x0000000000002eae        0x2 
 .text          0x0000000000002eb0      0x362 /usr/local/m68k-elf/lib/libc.a(libc_a-findfp.o)
                0x00000000000030b0                __sfp
                0x00000000000031be                __sinit
                0x00000000000031de                __sfp_lock_acquire
                0x00000000000031e0                __sfp_lock_release
                0x00000000000031e2                __fp_lock_all
                0x00000000000031fa                __fp_unlock_all
 *fill*         0x0000000000003212        0x2 
 .text          0x0000000000003214       0xaa /usr/local/m68k-elf/lib/libc.a(libc_a-flags.o)
                0x0000000000003214                __sflags
 *fill*         0x00000000000032be        0x2 
 .text          0x00000000000032c0       0x56 /usr/local/m68k-elf/lib/libc.a(libc_a-fwalk.o)
                0x00000000000032c0                _fwalk_sglue
 *fill*         0x0000000000003316        0x2 
 .text          0x0000000000003318      0x114 /usr/local/m68k-elf/lib/libc.a(libc_a-stdio.o)
                0x0000000000003318                __sread
                0x0000000000003350                __seofread
                0x0000000000003354                __swrite
                0x00000000000033da                __sseek
                0x000000000000341a                __sclose
 .text          0x000000000000342c       0xa2 /usr/local/m68k-elf/lib/libc.a(libc_a-vsprintf.o)
                0x000000000000342c                vsprintf
                0x000000000000347e                _vsprintf_r
 *fill*         0x00000000000034ce        0x2 
 .text          0x00000000000034d0       0xa4 /usr/local/m68k-elf/lib/libc.a(libc_a-strncmp.o)
                0x00000000000034d0                strncmp
 .text          0x0000000000003574       0x2a /usr/local/m68k-elf/lib/libc.a(libc_a-closer.o)
                0x0000000000003574                _close_r
 *fill*         0x000000000000359e        0x2 
 .text          0x00000000000035a0       0x92 /usr/local/m68k-elf/lib/libc.a(libc_a-reent.o)
                0x00000000000035a0                _reclaim_reent
 *fill*         0x0000000000003632        0x2 
 .text          0x0000000000003634        0x0 /usr/local/m68k-elf/lib/libc.a(libc_a-impure.o)
 .text          0x0000000000003634       0x34 /usr/local/m68k-elf/lib/libc.a(libc_a-lseekr.o)
                0x0000000000003634                _lseek_r
 .text          0x0000000000003668       0x34 /usr/local/m68k-elf/lib/libc.a(libc_a-readr.o)
                0x0000000000003668                _read_r
 .text          0x000000000000369c       0x34 /usr/local/m68k-elf/lib/libc.a(libc_a-writer.o)
                0x000000000000369c                _write_r
 .text          0x00000000000036d0       0x14 /usr/local/m68k-elf/lib/libc.a(libc_a-strlen.o)
                0x00000000000036d0                strlen
 .text          0x00000000000036e4       0x72 /usr/local/m68k-elf/lib/libc.a(libc_a-memset.o)
                0x00000000000036e4                memset
 *fill*         0x0000000000003756        0x2 
 .text          0x0000000000003758       0xaa /usr/local/m68k-elf/lib/libc.a(libc_a-__call_atexit.o)
                0x0000000000003758                __call_exitprocs
 *fill*         0x0000000000003802        0x2 
 .text          0x0000000000003804      0x424 /usr/local/m68k-elf/lib/libc.a(libc_a-freer.o)
                0x0000000000003804                _malloc_trim_r
                0x00000000000038de                _free_r
 .text          0x0000000000003c28      0x85a /usr/local/m68k-elf/lib/libc.a(libc_a-mallocr.o)
                0x0000000000003c28                _malloc_r
 *fill*         0x0000000000004482        0x2 
 .text          0x0000000000004484        0x4 /usr/local/m68k-elf/lib/libc.a(libc_a-mlock.o)
                0x0000000000004484                __malloc_lock
                0x0000000000004486                __malloc_unlock
 .text          0x0000000000004488     0x1db0 /usr/local/m68k-elf/lib/libc.a(libc_a-svfprintf.o)
                0x0000000000004488                _svfprintf_r
 .text          0x0000000000006238       0xea /usr/local/m68k-elf/lib/libc.a(libc_a-fclose.o)
                0x0000000000006238                _fclose_r
                0x0000000000006310                fclose
 *fill*         0x0000000000006322        0x2 
 .text          0x0000000000006324      0x296 /usr/local/m68k-elf/lib/libc.a(libc_a-fflush.o)
                0x0000000000006324                __sflush_r
                0x0000000000006508                _fflush_r
                0x000000000000654a                fflush
 *fill*         0x00000000000065ba        0x2 
 .text          0x00000000000065bc       0x9c /usr/local/m68k-elf/lib/libc.a(libc_a-memchr.o)
                0x00000000000065bc                memchr
 .text          0x0000000000006658       0x1c /usr/local/m68k-elf/lib/libc.a(libc_a-localeconv.o)
                0x0000000000006658                __localeconv_l
                0x0000000000006664                _localeconv_r
                0x000000000000666c                localeconv
 .text          0x0000000000006674       0x2a /usr/local/m68k-elf/lib/libc.a(libc_a-sbrkr.o)
                0x0000000000006674                _sbrk_r
 *fill*         0x000000000000669e        0x2 
 .text          0x00000000000066a0     0x1ae0 /usr/local/m68k-elf/lib/libc.a(libc_a-dtoa.o)
                0x0000000000006828                _dtoa_r
 .text          0x0000000000008180      0xe1a /usr/local/m68k-elf/lib/libc.a(libc_a-mprec.o)
                0x0000000000008180                _Balloc
                0x0000000000008210                _Bfree
                0x0000000000008234                __multadd
                0x000000000000832e                __s2b
                0x000000000000840a                __hi0bits
                0x0000000000008464                __lo0bits
                0x00000000000084da                __i2b
                0x000000000000857e                __multiply
                0x000000000000878e                __pow5mult
                0x0000000000008886                __lshift
                0x0000000000008976                __mcmp
                0x00000000000089c4                __mdiff
                0x0000000000008b9a                __ulp
                0x0000000000008bec                __b2d
                0x0000000000008cde                __d2b
                0x0000000000008df8                __ratio
                0x0000000000008e90                _mprec_log10
                0x0000000000008eea                __copybits
                0x0000000000008f40                __any_on
 *fill*         0x0000000000008f9a        0x2 
 .text          0x0000000000008f9c      0xe32 /usr/local/m68k-elf/lib/libc.a(libc_a-svfiprintf.o)
                0x0000000000008f9c                __ssprint_r
                0x00000000000090fc                _svfiprintf_r
 *fill*         0x0000000000009dce        0x2 
 .text          0x0000000000009dd0       0xfa /usr/local/m68k-elf/lib/libc.a(libc_a-memmove.o)
                0x0000000000009dd0                memmove
 *fill*         0x0000000000009eca        0x2 
 .text          0x0000000000009ecc       0xb4 /usr/local/m68k-elf/lib/libc.a(libc_a-locale.o)
                0x0000000000009ecc                _setlocale_r
                0x0000000000009f20                __locale_mb_cur_max
                0x0000000000009f2c                setlocale
 .text          0x0000000000009f80       0x6e /usr/local/m68k-elf/lib/libc.a(libc_a-memcpy.o)
                0x0000000000009f80                memcpy
 *fill*         0x0000000000009fee        0x2 
 .text          0x0000000000009ff0       0x80 /usr/local/m68k-elf/lib/libc.a(libc_a-assert.o)
                0x0000000000009ff0                __assert_func
                0x000000000000a05e                __assert
 .text          0x000000000000a070      0x122 /usr/local/m68k-elf/lib/libc.a(libc_a-callocr.o)
                0x000000000000a070                _calloc_r
 *fill*         0x000000000000a192        0x2 
 .text          0x000000000000a194       0x4c /usr/local/m68k-elf/lib/libc.a(libc_a-mbtowc_r.o)
                0x000000000000a194                _mbtowc_r
                0x000000000000a19c                __ascii_mbtowc
 .text          0x000000000000a1e0      0x61a /usr/local/m68k-elf/lib/libc.a(libc_a-reallocr.o)
                0x000000000000a1e0                _realloc_r
 *fill*         0x000000000000a7fa        0x2 
 .text          0x000000000000a7fc       0x36 /usr/local/m68k-elf/lib/libc.a(libc_a-wctomb_r.o)
                0x000000000000a7fc                _wctomb_r
                0x000000000000a804                __ascii_wctomb
 *fill*         0x000000000000a832        0x2 
 .text          0x000000000000a834        0x0 /usr/local/m68k-elf/lib/libc.a(libc_a-ctype_.o)
 .text          0x000000000000a834       0x46 /usr/local/m68k-elf/lib/libc.a(libc_a-fiprintf.o)
                0x000000000000a834                _fiprintf_r
                0x000000000000a856                fiprintf
 *fill*         0x000000000000a87a        0x2 
 .text          0x000000000000a87c     0x11c4 /usr/local/m68k-elf/lib/libc.a(libc_a-vfiprintf.o)
                0x000000000000a918                __sprint_r
                0x000000000000a942                _vfiprintf_r
                0x000000000000b982                vfiprintf
 .text          0x000000000000ba40      0x3cc /usr/local/m68k-elf/lib/libc.a(libc_a-fvwrite.o)
                0x000000000000ba40                __sfvwrite_r
 .text          0x000000000000be0c      0x12a /usr/local/m68k-elf/lib/libc.a(libc_a-wsetup.o)
                0x000000000000be0c                __swsetup_r
 *fill*         0x000000000000bf36        0x2 
 .text          0x000000000000bf38      0x166 /usr/local/m68k-elf/lib/libc.a(libc_a-fputwc.o)
                0x000000000000bf38                __fputwc
                0x000000000000c016                _fputwc_r
                0x000000000000c04a                fputwc
 *fill*         0x000000000000c09e        0x2 
 .text          0x000000000000c0a0       0x6e /usr/local/m68k-elf/lib/libc.a(libc_a-strcmp.o)
                0x000000000000c0a0                strcmp
 *fill*         0x000000000000c10e        0x2 
 .text          0x000000000000c110        0x8 /usr/local/m68k-elf/lib/libc.a(libc_a-errno.o)
                0x000000000000c110                __errno
 .text          0x000000000000c118       0x14 /usr/local/m68k-elf/lib/libc.a(libc_a-abort.o)
                0x000000000000c118                abort
 .text          0x000000000000c12c       0xc8 /usr/local/m68k-elf/lib/libc.a(libc_a-wcrtomb.o)
                0x000000000000c12c                _wcrtomb_r
                0x000000000000c18c                wcrtomb
 .text          0x000000000000c1f4      0x1d2 /usr/local/m68k-elf/lib/libc.a(libc_a-makebuf.o)
                0x000000000000c1f4                __smakebuf_r
                0x000000000000c32a                __swhatbuf_r
 *fill*         0x000000000000c3c6        0x2 
 .text          0x000000000000c3c8      0x12a /usr/local/m68k-elf/lib/libc.a(libc_a-wbuf.o)
                0x000000000000c3c8                __swbuf_r
                0x000000000000c4da                __swbuf
 *fill*         0x000000000000c4f2        0x2 
 .text          0x000000000000c4f4      0x390 /usr/local/m68k-elf/lib/libc.a(libc_a-signal.o)
                0x000000000000c4f4                _init_signal_r
                0x000000000000c536                _signal_r
                0x000000000000c5a2                _raise_r
                0x000000000000c626                __sigtramp_r
                0x000000000000c6b8                raise
                0x000000000000c73e                signal
                0x000000000000c7ac                _init_signal
                0x000000000000c7f0                __sigtramp
 .text          0x000000000000c884       0x2e /usr/local/m68k-elf/lib/libc.a(libc_a-fstatr.o)
                0x000000000000c884                _fstat_r
 *fill*         0x000000000000c8b2        0x2 
 .text          0x000000000000c8b4       0x2a /usr/local/m68k-elf/lib/libc.a(libc_a-isattyr.o)
                0x000000000000c8b4                _isatty_r
 *fill*         0x000000000000c8de        0x2 
 .text          0x000000000000c8e0       0x34 /usr/local/m68k-elf/lib/libc.a(libc_a-signalr.o)
                0x000000000000c8e0                _kill_r
                0x000000000000c90e                _getpid_r
 .text          0x000000000000c914       0x22 /usr/local/lib/gcc/m68k-elf/11/libgcc.a(_mulsi3.o)
                0x000000000000c914                __mulsi3
 *fill*         0x000000000000c936        0x2 
 .text          0x000000000000c938       0x5c /usr/local/lib/gcc/m68k-elf/11/libgcc.a(_udivsi3.o)
                0x000000000000c938                __udivsi3
 .text          0x000000000000c994       0x2e /usr/local/lib/gcc/m68k-elf/11/libgcc.a(_divsi3.o)
                0x000000000000c994                __divsi3
 *fill*         0x000000000000c9c2        0x2 
 .text          0x000000000000c9c4       0x2e /usr/local/lib/gcc/m68k-elf/11/libgcc.a(_umodsi3.o)
                0x000000000000c9c4                __umodsi3
 *fill*         0x000000000000c9f2        0x2 
 .text          0x000000000000c9f4       0x2e /usr/local/lib/gcc/m68k-elf/11/libgcc.a(_modsi3.o)
                0x000000000000c9f4                __modsi3
 *fill*         0x000000000000ca22        0x2 
 .text          0x000000000000ca24      0x9cc /usr/local/lib/gcc/m68k-elf/11/libgcc.a(_double.o)
                0x000000000000ca7e                __subdf3
                0x000000000000ca84                __adddf3
                0x000000000000ce1a                __muldf3
                0x000000000000cfc8                __divdf3
                0x000000000000d23c                __negdf2
                0x000000000000d29a                __cmpdf2_internal
                0x000000000000d36a                __cmpdf2
 .text          0x000000000000d3f0       0x6a /usr/local/lib/gcc/m68k-elf/11/libgcc.a(_floatex.o)
                0x000000000000d3f0                __clear_sticky_bit
                0x000000000000d3fe                $_exception_handler
 *fill*         0x000000000000d45a        0x2 
 .text          0x000000000000d45c       0x22 /usr/local/lib/gcc/m68k-elf/11/libgcc.a(_eqdf2.o)
                0x000000000000d45c                __eqdf2
 *fill*         0x000000000000d47e        0x2 
 .text          0x000000000000d480       0x22 /usr/local/lib/gcc/m68k-elf/11/libgcc.a(_nedf2.o)
                0x000000000000d480                __nedf2
 *fill*         0x000000000000d4a2        0x2 
 .text          0x000000000000d4a4       0x22 /usr/local/lib/gcc/m68k-elf/11/libgcc.a(_gtdf2.o)
                0x000000000000d4a4                __gtdf2
 *fill*         0x000000000000d4c6        0x2 
 .text          0x000000000000d4c8       0x22 /usr/local/lib/gcc/m68k-elf/11/libgcc.a(_ltdf2.o)
                0x000000000000d4c8                __ltdf2
 *fill*         0x000000000000d4ea        0x2 
 .text          0x000000000000d4ec       0x22 /usr/local/lib/gcc/m68k-elf/11/libgcc.a(_ledf2.o)
                0x000000000000d4ec                __ledf2
 *fill*         0x000000000000d50e        0x2 
 .text          0x000000000000d510       0x68 /usr/local/lib/gcc/m68k-elf/11/libgcc.a(_muldi3.o)
                0x000000000000d510                __muldi3
 .text          0x000000000000d578      0x53a /usr/local/lib/gcc/m68k-elf/11/libgcc.a(fpgnulib.o)
                0x000000000000d626                __unordsf2
                0x000000000000d67c                __unorddf2
                0x000000000000d6ec                __floatunsidf
                0x000000000000d762                __floatsidf
                0x000000000000d776                __floatunsisf
                0x000000000000d7f0                __floatsisf
                0x000000000000d80c                __extendsfdf2
                0x000000000000d880                __truncdfsf2
                0x000000000000d98e                __fixdfsi
                0x000000000000da1e                __fixsfsi
 *fill*         0x000000000000dab2        0x2 
 .text          0x000000000000dab4      0x8c0 /usr/local/lib/gcc/m68k-elf/11/libgcc.a(xfgnulib.o)
                0x000000000000dab4                __unordxf2
                0x000000000000db54                __extenddfxf2
                0x000000000000dc08                __truncxfdf2
                0x000000000000dcd0                __extendsfxf2
                0x000000000000dd8a                __truncxfsf2
                0x000000000000de84                __floatsixf
                0x000000000000deca                __floatunsixf
                0x000000000000df10                __fixxfsi
                0x000000000000df32                __addxf3
                0x000000000000dfa8                __subxf3
                0x000000000000e01e                __mulxf3
                0x000000000000e094                __divxf3
                0x000000000000e10a                __negxf2
                0x000000000000e160                __cmpxf2
                0x000000000000e1ac                __eqxf2
                0x000000000000e1f8                __nexf2
                0x000000000000e244                __ltxf2
                0x000000000000e290                __lexf2
                0x000000000000e2dc                __gtxf2
                0x000000000000e328                __gexf2
 .text          0x000000000000e374        0x4 /usr/local/m68k-elf/lib/libidp.a(close.o)
                0x000000000000e374                close
 .text          0x000000000000e378       0x14 /usr/local/m68k-elf/lib/libidp.a(fstat.o)
                0x000000000000e378                fstat
 .text          0x000000000000e38c        0x4 /usr/local/m68k-elf/lib/libidp.a(getpid.o)
                0x000000000000e38c                getpid
 .text          0x000000000000e390        0x4 /usr/local/m68k-elf/lib/libidp.a(isatty.o)
                0x000000000000e390                isatty
 .text          0x000000000000e394       0x16 /usr/local/m68k-elf/lib/libidp.a(kill.o)
                0x000000000000e394                kill
 *fill*         0x000000000000e3aa        0x2 
 .text          0x000000000000e3ac       0x10 /usr/local/m68k-elf/lib/libidp.a(lseek.o)
                0x000000000000e3ac                lseek
 .text          0x000000000000e3bc       0x2a /usr/local/m68k-elf/lib/libidp.a(sbrk.o)
                0x000000000000e3bc                sbrk
 *fill*         0x000000000000e3e6        0x2 
 .text          0x000000000000e3e8       0x12 /usr/local/m68k-elf/lib/libidp.a(mc68ec.o)
                0x000000000000e3e8                _exit
                0x000000000000e3ec                delay
                0x000000000000e3fc                . = ALIGN (0x4)
 *fill*         0x000000000000e3fa        0x2 
                0x000000000000e3fc                __CTOR_LIST__ = .
                0x000000000000e3fc                ___CTOR_LIST__ = .
                0x000000000000e3fc        0x4 LONG 0x0 (((__CTOR_END__ - __CTOR_LIST__) / 0x4) - 0x2)
 *(.ctors)
                0x000000000000e400        0x4 LONG 0x0
                0x000000000000e404                __CTOR_END__ = .
                0x000000000000e404                __DTOR_LIST__ = .
                0x000000000000e404                ___DTOR_LIST__ = .
                0x000000000000e404        0x4 LONG 0x0 (((__DTOR_END__ - __DTOR_LIST__) / 0x4) - 0x2)
 *(.dtors)
                0x000000000000e408        0x4 LONG 0x0
                0x000000000000e40c                __DTOR_END__ = .
 *(.rodata)
 .rodata        0x000000000000e40c       0x14 mtk_c.o
                0x000000000000e40c                empty_task_tab
 .rodata        0x000000000000e420      0x245 test3.o
                0x000000000000e420                help_text
                0x000000000000e4b3                tip_list
                0x000000000000e643                command_prompt
                0x000000000000e64d                msg_input_prompt
                0x000000000000e65a                term_line10
                0x000000000000e661                term_backspace
 .rodata        0x000000000000e665       0x20 /usr/local/m68k-elf/lib/libc.a(libc_a-svfprintf.o)
 *fill*         0x000000000000e685        0x1 
 .rodata        0x000000000000e686      0x124 /usr/local/m68k-elf/lib/libc.a(libc_a-mprec.o)
                0x000000000000e692                __mprec_tinytens
                0x000000000000e6ba                __mprec_bigtens
                0x000000000000e6e2                __mprec_tens
 .rodata        0x000000000000e7aa       0x20 /usr/local/m68k-elf/lib/libc.a(libc_a-svfiprintf.o)
 .rodata        0x000000000000e7ca      0x101 /usr/local/m68k-elf/lib/libc.a(libc_a-ctype_.o)
                0x000000000000e7ca                _ctype_
 .rodata        0x000000000000e8cb       0x20 /usr/local/m68k-elf/lib/libc.a(libc_a-vfiprintf.o)
 *(.gcc_except_table)
                0x000000000000e8eb                __INIT_SECTION__ = .
                0x000000000000e8eb        0x4 LONG 0x4e560000
 *(.init)
                0x000000000000e8ef        0x2 SHORT 0x4e5e
                0x000000000000e8f1        0x2 SHORT 0x4e75
                0x000000000000e8f3                __FINI_SECTION__ = .
                0x000000000000e8f3        0x4 LONG 0x4e560000
 *(.fini)
                0x000000000000e8f7        0x2 SHORT 0x4e5e
                0x000000000000e8f9        0x2 SHORT 0x4e75
                0x000000000000e8fb                _etext = .
 *(.lit)

.text.startup   0x000000000000e8fc       0x3e
 .text.startup  0x000000000000e8fc       0x3e test3.o
                0x000000000000e8fc                main

.rodata.str1.1  0x000000000000e93a      0x378
 .rodata.str1.1
                0x000000000000e93a        0x4 mtk_c.o
 .rodata.str1.1
                0x000000000000e93e      0x1fb test3.o
 .rodata.str1.1
                0x000000000000eb39       0x3b /usr/local/m68k-elf/lib/libc.a(libc_a-svfprintf.o)
 .rodata.str1.1
                0x000000000000eb74       0x59 /usr/local/m68k-elf/lib/libc.a(libc_a-dtoa.o)
 .rodata.str1.1
                0x000000000000ebcd       0x4b /usr/local/m68k-elf/lib/libc.a(libc_a-mprec.o)
 .rodata.str1.1
                0x000000000000ec18       0x29 /usr/local/m68k-elf/lib/libc.a(libc_a-svfiprintf.o)
 .rodata.str1.1
                0x000000000000ec41        0xb /usr/local/m68k-elf/lib/libc.a(libc_a-locale.o)
 .rodata.str1.1
                0x000000000000ec4c       0x3d /usr/local/m68k-elf/lib/libc.a(libc_a-assert.o)
 .rodata.str1.1
                0x000000000000ec89       0x29 /usr/local/m68k-elf/lib/libc.a(libc_a-vfiprintf.o)

.data           0x000000000000ecb4      0xb48
 *(.shdata)
 *(.data)
 .data          0x000000000000ecb4        0x4 crt0.o
 .data          0x000000000000ecb8      0x45a mon.o
 *fill*         0x000000000000f112        0x2 
 .data          0x000000000000f114        0x0 csys68k.o
 .data          0x000000000000f114        0x0 inchrw.o
 .data          0x000000000000f114        0x4 mtk_asm.o
                0x000000000000f114                runtime
 .data          0x000000000000f118        0x0 mtk_c.o
 .data          0x000000000000f118        0x0 outchr.o
 .data          0x000000000000f118       0x26 test3.o
                0x000000000000f118                chat_row
                0x000000000000f11c                screen_width
                0x000000000000f120                screen_height
                0x000000000000f124                client_nickname
                0x000000000000f138                client_nickname_color
                0x000000000000f13a                keypress
                0x000000000000f13c                inappcom
 *fill*         0x000000000000f13e        0x2 
 .data          0x000000000000f140        0x0 /usr/local/m68k-elf/lib/libc.a(libc_a-exit.o)
 .data          0x000000000000f140        0x0 /usr/local/m68k-elf/lib/libc.a(libc_a-rand.o)
 .data          0x000000000000f140        0x0 /usr/local/m68k-elf/lib/libc.a(libc_a-fdopen.o)
 .data          0x000000000000f140        0xc /usr/local/m68k-elf/lib/libc.a(libc_a-findfp.o)
                0x000000000000f140                __sglue
 .data          0x000000000000f14c        0x0 /usr/local/m68k-elf/lib/libc.a(libc_a-flags.o)
 .data          0x000000000000f14c        0x0 /usr/local/m68k-elf/lib/libc.a(libc_a-fwalk.o)
 .data          0x000000000000f14c        0x0 /usr/local/m68k-elf/lib/libc.a(libc_a-stdio.o)
 .data          0x000000000000f14c        0x0 /usr/local/m68k-elf/lib/libc.a(libc_a-vsprintf.o)
 .data          0x000000000000f14c        0x0 /usr/local/m68k-elf/lib/libc.a(libc_a-strncmp.o)
 .data          0x000000000000f14c        0x0 /usr/local/m68k-elf/lib/libc.a(libc_a-closer.o)
 .data          0x000000000000f14c        0x0 /usr/local/m68k-elf/lib/libc.a(libc_a-reent.o)
 .data          0x000000000000f14c      0x11a /usr/local/m68k-elf/lib/libc.a(libc_a-impure.o)
                0x000000000000f14c                _impure_ptr
                0x000000000000f150                _impure_data
 *fill*         0x000000000000f266        0x2 
 .data          0x000000000000f268        0x0 /usr/local/m68k-elf/lib/libc.a(libc_a-lseekr.o)
 .data          0x000000000000f268        0x0 /usr/local/m68k-elf/lib/libc.a(libc_a-readr.o)
 .data          0x000000000000f268        0x0 /usr/local/m68k-elf/lib/libc.a(libc_a-writer.o)
 .data          0x000000000000f268        0x0 /usr/local/m68k-elf/lib/libc.a(libc_a-strlen.o)
 .data          0x000000000000f268        0x0 /usr/local/m68k-elf/lib/libc.a(libc_a-memset.o)
 .data          0x000000000000f268        0x0 /usr/local/m68k-elf/lib/libc.a(libc_a-__call_atexit.o)
 .data          0x000000000000f268        0x0 /usr/local/m68k-elf/lib/libc.a(libc_a-freer.o)
 .data          0x000000000000f268      0x410 /usr/local/m68k-elf/lib/libc.a(libc_a-mallocr.o)
                0x000000000000f268                __malloc_sbrk_base
                0x000000000000f26c                __malloc_trim_threshold
                0x000000000000f270                __malloc_av_
 .data          0x000000000000f678        0x0 /usr/local/m68k-elf/lib/libc.a(libc_a-mlock.o)
 .data          0x000000000000f678        0x0 /usr/local/m68k-elf/lib/libc.a(libc_a-svfprintf.o)
 .data          0x000000000000f678        0x0 /usr/local/m68k-elf/lib/libc.a(libc_a-fclose.o)
 .data          0x000000000000f678        0x0 /usr/local/m68k-elf/lib/libc.a(libc_a-fflush.o)
 .data          0x000000000000f678        0x0 /usr/local/m68k-elf/lib/libc.a(libc_a-memchr.o)
 .data          0x000000000000f678        0x0 /usr/local/m68k-elf/lib/libc.a(libc_a-localeconv.o)
 .data          0x000000000000f678        0x0 /usr/local/m68k-elf/lib/libc.a(libc_a-sbrkr.o)
 .data          0x000000000000f678        0x0 /usr/local/m68k-elf/lib/libc.a(libc_a-dtoa.o)
 .data          0x000000000000f678        0x0 /usr/local/m68k-elf/lib/libc.a(libc_a-mprec.o)
 .data          0x000000000000f678        0x0 /usr/local/m68k-elf/lib/libc.a(libc_a-svfiprintf.o)
 .data          0x000000000000f678        0x0 /usr/local/m68k-elf/lib/libc.a(libc_a-memmove.o)
 .data          0x000000000000f678      0x168 /usr/local/m68k-elf/lib/libc.a(libc_a-locale.o)
                0x000000000000f678                __global_locale
 .data          0x000000000000f7e0        0x0 /usr/local/m68k-elf/lib/libc.a(libc_a-memcpy.o)
 .data          0x000000000000f7e0        0x0 /usr/local/m68k-elf/lib/libc.a(libc_a-assert.o)
 .data          0x000000000000f7e0        0x0 /usr/local/m68k-elf/lib/libc.a(libc_a-callocr.o)
 .data          0x000000000000f7e0        0x0 /usr/local/m68k-elf/lib/libc.a(libc_a-mbtowc_r.o)
 .data          0x000000000000f7e0        0x0 /usr/local/m68k-elf/lib/libc.a(libc_a-reallocr.o)
 .data          0x000000000000f7e0        0x0 /usr/local/m68k-elf/lib/libc.a(libc_a-wctomb_r.o)
 .data          0x000000000000f7e0        0x0 /usr/local/m68k-elf/lib/libc.a(libc_a-ctype_.o)
 .data          0x000000000000f7e0        0x0 /usr/local/m68k-elf/lib/libc.a(libc_a-fiprintf.o)
 .data          0x000000000000f7e0        0x0 /usr/local/m68k-elf/lib/libc.a(libc_a-vfiprintf.o)
 .data          0x000000000000f7e0        0x0 /usr/local/m68k-elf/lib/libc.a(libc_a-fvwrite.o)
 .data          0x000000000000f7e0        0x0 /usr/local/m68k-elf/lib/libc.a(libc_a-wsetup.o)
 .data          0x000000000000f7e0        0x0 /usr/local/m68k-elf/lib/libc.a(libc_a-fputwc.o)
 .data          0x000000000000f7e0        0x0 /usr/local/m68k-elf/lib/libc.a(libc_a-strcmp.o)
 .data          0x000000000000f7e0        0x0 /usr/local/m68k-elf/lib/libc.a(libc_a-errno.o)
 .data          0x000000000000f7e0        0x0 /usr/local/m68k-elf/lib/libc.a(libc_a-abort.o)
 .data          0x000000000000f7e0        0x0 /usr/local/m68k-elf/lib/libc.a(libc_a-wcrtomb.o)
 .data          0x000000000000f7e0        0x0 /usr/local/m68k-elf/lib/libc.a(libc_a-makebuf.o)
 .data          0x000000000000f7e0        0x0 /usr/local/m68k-elf/lib/libc.a(libc_a-wbuf.o)
 .data          0x000000000000f7e0        0x0 /usr/local/m68k-elf/lib/libc.a(libc_a-signal.o)
 .data          0x000000000000f7e0        0x0 /usr/local/m68k-elf/lib/libc.a(libc_a-fstatr.o)
 .data          0x000000000000f7e0        0x0 /usr/local/m68k-elf/lib/libc.a(libc_a-isattyr.o)
 .data          0x000000000000f7e0        0x0 /usr/local/m68k-elf/lib/libc.a(libc_a-signalr.o)
 .data          0x000000000000f7e0        0x0 /usr/local/lib/gcc/m68k-elf/11/libgcc.a(_mulsi3.o)
 .data          0x000000000000f7e0        0x0 /usr/local/lib/gcc/m68k-elf/11/libgcc.a(_udivsi3.o)
 .data          0x000000000000f7e0        0x0 /usr/local/lib/gcc/m68k-elf/11/libgcc.a(_divsi3.o)
 .data          0x000000000000f7e0        0x0 /usr/local/lib/gcc/m68k-elf/11/libgcc.a(_umodsi3.o)
 .data          0x000000000000f7e0        0x0 /usr/local/lib/gcc/m68k-elf/11/libgcc.a(_modsi3.o)
 .data          0x000000000000f7e0        0x0 /usr/local/lib/gcc/m68k-elf/11/libgcc.a(_double.o)
 .data          0x000000000000f7e0       0x1c /usr/local/lib/gcc/m68k-elf/11/libgcc.a(_floatex.o)
                0x000000000000f7e0                _fpCCR
 .data          0x000000000000f7fc        0x0 /usr/local/lib/gcc/m68k-elf/11/libgcc.a(_eqdf2.o)
 .data          0x000000000000f7fc        0x0 /usr/local/lib/gcc/m68k-elf/11/libgcc.a(_nedf2.o)
 .data          0x000000000000f7fc        0x0 /usr/local/lib/gcc/m68k-elf/11/libgcc.a(_gtdf2.o)
 .data          0x000000000000f7fc        0x0 /usr/local/lib/gcc/m68k-elf/11/libgcc.a(_ltdf2.o)
 .data          0x000000000000f7fc        0x0 /usr/local/lib/gcc/m68k-elf/11/libgcc.a(_ledf2.o)
 .data          0x000000000000f7fc        0x0 /usr/local/lib/gcc/m68k-elf/11/libgcc.a(_muldi3.o)
 .data          0x000000000000f7fc        0x0 /usr/local/lib/gcc/m68k-elf/11/libgcc.a(fpgnulib.o)
 .data          0x000000000000f7fc        0x0 /usr/local/lib/gcc/m68k-elf/11/libgcc.a(xfgnulib.o)
 .data          0x000000000000f7fc        0x0 /usr/local/m68k-elf/lib/libidp.a(close.o)
 .data          0x000000000000f7fc        0x0 /usr/local/m68k-elf/lib/libidp.a(fstat.o)
 .data          0x000000000000f7fc        0x0 /usr/local/m68k-elf/lib/libidp.a(getpid.o)
 .data          0x000000000000f7fc        0x0 /usr/local/m68k-elf/lib/libidp.a(isatty.o)
 .data          0x000000000000f7fc        0x0 /usr/local/m68k-elf/lib/libidp.a(kill.o)
 .data          0x000000000000f7fc        0x0 /usr/local/m68k-elf/lib/libidp.a(lseek.o)
 .data          0x000000000000f7fc        0x0 /usr/local/m68k-elf/lib/libidp.a(sbrk.o)
 .data          0x000000000000f7fc        0x0 /usr/local/m68k-elf/lib/libidp.a(mc68ec.o)
                0x000000000000f7fc                _edata = .

.bss            0x000000000000f7fc     0xad88
                0x000000000000f7fc                . = ALIGN (0x4)
                0x000000000000f7fc                __bss_start = .
 *(.shbss)
 *(.bss)
 .bss           0x000000000000f7fc        0x0 crt0.o
 .bss           0x000000000000f7fc     0x8104 mon.o
 .bss           0x0000000000017900        0x0 csys68k.o
 .bss           0x0000000000017900        0x4 inchrw.o
 .bss           0x0000000000017904        0x0 mtk_asm.o
 .bss           0x0000000000017904     0x28c0 mtk_c.o
                0x0000000000017904                ready
                0x0000000000017908                new_task
                0x000000000001790c                next_task
                0x0000000000017910                curr_task
                0x0000000000017914                task_tab
                0x000000000001798c                stacks
                0x000000000001a18c                semaphore
                0x000000000001a1b4                comin
                0x000000000001a1bc                comout
 .bss           0x000000000001a1c4        0x2 outchr.o
 *fill*         0x000000000001a1c6        0x2 
 .bss           0x000000000001a1c8      0x23c test3.o
                0x000000000001a1c8                tip_num
                0x000000000001a1d0                printf_buf
                0x000000000001a234                cmd_buf_len
                0x000000000001a23c                cmd_buf
                0x000000000001a304                msg_buf_len
                0x000000000001a30c                msg_buf
                0x000000000001a3d4                term_input_col
                0x000000000001a3dc                client_nickname_set
                0x000000000001a3de                last_keybuf_len
                0x000000000001a3e6                last_keybuf
                0x000000000001a3fa                in_alt_screen
                0x000000000001a3fc                j
                0x000000000001a400                i
 .bss           0x000000000001a404        0x0 /usr/local/m68k-elf/lib/libc.a(libc_a-exit.o)
 .bss           0x000000000001a404        0x0 /usr/local/m68k-elf/lib/libc.a(libc_a-rand.o)
 .bss           0x000000000001a404        0x0 /usr/local/m68k-elf/lib/libc.a(libc_a-fdopen.o)
 .bss           0x000000000001a404      0x13c /usr/local/m68k-elf/lib/libc.a(libc_a-findfp.o)
                0x000000000001a404                __sf
                0x000000000001a53c                __stdio_exit_handler
 .bss           0x000000000001a540        0x0 /usr/local/m68k-elf/lib/libc.a(libc_a-flags.o)
 .bss           0x000000000001a540        0x0 /usr/local/m68k-elf/lib/libc.a(libc_a-fwalk.o)
 .bss           0x000000000001a540        0x0 /usr/local/m68k-elf/lib/libc.a(libc_a-stdio.o)
 .bss           0x000000000001a540        0x0 /usr/local/m68k-elf/lib/libc.a(libc_a-vsprintf.o)
 .bss           0x000000000001a540        0x0 /usr/local/m68k-elf/lib/libc.a(libc_a-strncmp.o)
 .bss           0x000000000001a540        0x0 /usr/local/m68k-elf/lib/libc.a(libc_a-closer.o)
 .bss           0x000000000001a540        0x4 /usr/local/m68k-elf/lib/libc.a(libc_a-reent.o)
                0x000000000001a540                errno
 .bss           0x000000000001a544        0x0 /usr/local/m68k-elf/lib/libc.a(libc_a-impure.o)
 .bss           0x000000000001a544        0x0 /usr/local/m68k-elf/lib/libc.a(libc_a-lseekr.o)
 .bss           0x000000000001a544        0x0 /usr/local/m68k-elf/lib/libc.a(libc_a-readr.o)
 .bss           0x000000000001a544        0x0 /usr/local/m68k-elf/lib/libc.a(libc_a-writer.o)
 .bss           0x000000000001a544        0x0 /usr/local/m68k-elf/lib/libc.a(libc_a-strlen.o)
 .bss           0x000000000001a544        0x0 /usr/local/m68k-elf/lib/libc.a(libc_a-memset.o)
 .bss           0x000000000001a544        0x4 /usr/local/m68k-elf/lib/libc.a(libc_a-__call_atexit.o)
                0x000000000001a544                __atexit
 .bss           0x000000000001a548        0x0 /usr/local/m68k-elf/lib/libc.a(libc_a-freer.o)
 .bss           0x000000000001a548       0x34 /usr/local/m68k-elf/lib/libc.a(libc_a-mallocr.o)
                0x000000000001a548                __malloc_current_mallinfo
                0x000000000001a570                __malloc_max_total_mem
                0x000000000001a574                __malloc_max_sbrked_mem
                0x000000000001a578                __malloc_top_pad
 .bss           0x000000000001a57c        0x0 /usr/local/m68k-elf/lib/libc.a(libc_a-mlock.o)
 .bss           0x000000000001a57c        0x0 /usr/local/m68k-elf/lib/libc.a(libc_a-svfprintf.o)
 .bss           0x000000000001a57c        0x0 /usr/local/m68k-elf/lib/libc.a(libc_a-fclose.o)
 .bss           0x000000000001a57c        0x0 /usr/local/m68k-elf/lib/libc.a(libc_a-fflush.o)
 .bss           0x000000000001a57c        0x0 /usr/local/m68k-elf/lib/libc.a(libc_a-memchr.o)
 .bss           0x000000000001a57c        0x0 /usr/local/m68k-elf/lib/libc.a(libc_a-localeconv.o)
 .bss           0x000000000001a57c        0x0 /usr/local/m68k-elf/lib/libc.a(libc_a-sbrkr.o)
 .bss           0x000000000001a57c        0x0 /usr/local/m68k-elf/lib/libc.a(libc_a-dtoa.o)
 .bss           0x000000000001a57c        0x0 /usr/local/m68k-elf/lib/libc.a(libc_a-mprec.o)
 .bss           0x000000000001a57c        0x0 /usr/local/m68k-elf/lib/libc.a(libc_a-svfiprintf.o)
 .bss           0x000000000001a57c        0x0 /usr/local/m68k-elf/lib/libc.a(libc_a-memmove.o)
 .bss           0x000000000001a57c        0x4 /usr/local/m68k-elf/lib/libc.a(libc_a-locale.o)
                0x000000000001a57c                _PathLocale
 .bss           0x000000000001a580        0x0 /usr/local/m68k-elf/lib/libc.a(libc_a-memcpy.o)
 .bss           0x000000000001a580        0x0 /usr/local/m68k-elf/lib/libc.a(libc_a-assert.o)
 .bss           0x000000000001a580        0x0 /usr/local/m68k-elf/lib/libc.a(libc_a-callocr.o)
 .bss           0x000000000001a580        0x0 /usr/local/m68k-elf/lib/libc.a(libc_a-mbtowc_r.o)
 .bss           0x000000000001a580        0x0 /usr/local/m68k-elf/lib/libc.a(libc_a-reallocr.o)
 .bss           0x000000000001a580        0x0 /usr/local/m68k-elf/lib/libc.a(libc_a-wctomb_r.o)
 .bss           0x000000000001a580        0x0 /usr/local/m68k-elf/lib/libc.a(libc_a-ctype_.o)
 .bss           0x000000000001a580        0x0 /usr/local/m68k-elf/lib/libc.a(libc_a-fiprintf.o)
 .bss           0x000000000001a580        0x0 /usr/local/m68k-elf/lib/libc.a(libc_a-vfiprintf.o)
 .bss           0x000000000001a580        0x0 /usr/local/m68k-elf/lib/libc.a(libc_a-fvwrite.o)
 .bss           0x000000000001a580        0x0 /usr/local/m68k-elf/lib/libc.a(libc_a-wsetup.o)
 .bss           0x000000000001a580        0x0 /usr/local/m68k-elf/lib/libc.a(libc_a-fputwc.o)
 .bss           0x000000000001a580        0x0 /usr/local/m68k-elf/lib/libc.a(libc_a-strcmp.o)
 .bss           0x000000000001a580        0x0 /usr/local/m68k-elf/lib/libc.a(libc_a-errno.o)
 .bss           0x000000000001a580        0x0 /usr/local/m68k-elf/lib/libc.a(libc_a-abort.o)
 .bss           0x000000000001a580        0x0 /usr/local/m68k-elf/lib/libc.a(libc_a-wcrtomb.o)
 .bss           0x000000000001a580        0x0 /usr/local/m68k-elf/lib/libc.a(libc_a-makebuf.o)
 .bss           0x000000000001a580        0x0 /usr/local/m68k-elf/lib/libc.a(libc_a-wbuf.o)
 .bss           0x000000000001a580        0x0 /usr/local/m68k-elf/lib/libc.a(libc_a-signal.o)
 .bss           0x000000000001a580        0x0 /usr/local/m68k-elf/lib/libc.a(libc_a-fstatr.o)
 .bss           0x000000000001a580        0x0 /usr/local/m68k-elf/lib/libc.a(libc_a-isattyr.o)
 .bss           0x000000000001a580        0x0 /usr/local/m68k-elf/lib/libc.a(libc_a-signalr.o)
 .bss           0x000000000001a580        0x0 /usr/local/lib/gcc/m68k-elf/11/libgcc.a(_mulsi3.o)
 .bss           0x000000000001a580        0x0 /usr/local/lib/gcc/m68k-elf/11/libgcc.a(_udivsi3.o)
 .bss           0x000000000001a580        0x0 /usr/local/lib/gcc/m68k-elf/11/libgcc.a(_divsi3.o)
 .bss           0x000000000001a580        0x0 /usr/local/lib/gcc/m68k-elf/11/libgcc.a(_umodsi3.o)
 .bss           0x000000000001a580        0x0 /usr/local/lib/gcc/m68k-elf/11/libgcc.a(_modsi3.o)
 .bss           0x000000000001a580        0x0 /usr/local/lib/gcc/m68k-elf/11/libgcc.a(_double.o)
 .bss           0x000000000001a580        0x0 /usr/local/lib/gcc/m68k-elf/11/libgcc.a(_floatex.o)
 .bss           0x000000000001a580        0x0 /usr/local/lib/gcc/m68k-elf/11/libgcc.a(_eqdf2.o)
 .bss           0x000000000001a580        0x0 /usr/local/lib/gcc/m68k-elf/11/libgcc.a(_nedf2.o)
 .bss           0x000000000001a580        0x0 /usr/local/lib/gcc/m68k-elf/11/libgcc.a(_gtdf2.o)
 .bss           0x000000000001a580        0x0 /usr/local/lib/gcc/m68k-elf/11/libgcc.a(_ltdf2.o)
 .bss           0x000000000001a580        0x0 /usr/local/lib/gcc/m68k-elf/11/libgcc.a(_ledf2.o)
 .bss           0x000000000001a580        0x0 /usr/local/lib/gcc/m68k-elf/11/libgcc.a(_muldi3.o)
 .bss           0x000000000001a580        0x0 /usr/local/lib/gcc/m68k-elf/11/libgcc.a(fpgnulib.o)
 .bss           0x000000000001a580        0x0 /usr/local/lib/gcc/m68k-elf/11/libgcc.a(xfgnulib.o)
 .bss           0x000000000001a580        0x0 /usr/local/m68k-elf/lib/libidp.a(close.o)
 .bss           0x000000000001a580        0x0 /usr/local/m68k-elf/lib/libidp.a(fstat.o)
 .bss           0x000000000001a580        0x0 /usr/local/m68k-elf/lib/libidp.a(getpid.o)
 .bss           0x000000000001a580        0x0 /usr/local/m68k-elf/lib/libidp.a(isatty.o)
 .bss           0x000000000001a580        0x0 /usr/local/m68k-elf/lib/libidp.a(kill.o)
 .bss           0x000000000001a580        0x0 /usr/local/m68k-elf/lib/libidp.a(lseek.o)
 .bss           0x000000000001a580        0x4 /usr/local/m68k-elf/lib/libidp.a(sbrk.o)
                0x000000000001a580                heap_ptr
 .bss           0x000000000001a584        0x0 /usr/local/m68k-elf/lib/libidp.a(mc68ec.o)
 *(COMMON)
                0x000000000001a588                _end = ALIGN (0x8)
                0x000000000001a588                __end = _end

.stab
 *(.stab)

.stabstr
 *(.stabstr)
OUTPUT(test3.hex srec)

.debug_info     0x0000000000000000    0x2088f
 .debug_info    0x0000000000000000      0x1f4 csys68k.o
 .debug_info    0x00000000000001f4     0x1134 mtk_c.o
 .debug_info    0x0000000000001328      0xc84 test3.o
 .debug_info    0x0000000000001fac       0xee /usr/local/m68k-elf/lib/libc.a(libc_a-exit.o)
 .debug_info    0x000000000000209a      0x773 /usr/local/m68k-elf/lib/libc.a(libc_a-rand.o)
 .debug_info    0x000000000000280d      0x934 /usr/local/m68k-elf/lib/libc.a(libc_a-fdopen.o)
 .debug_info    0x0000000000003141      0xdee /usr/local/m68k-elf/lib/libc.a(libc_a-findfp.o)
 .debug_info    0x0000000000003f2f      0x777 /usr/local/m68k-elf/lib/libc.a(libc_a-flags.o)
 .debug_info    0x00000000000046a6      0x7d6 /usr/local/m68k-elf/lib/libc.a(libc_a-fwalk.o)
 .debug_info    0x0000000000004e7c      0x9ff /usr/local/m68k-elf/lib/libc.a(libc_a-stdio.o)
 .debug_info    0x000000000000587b      0x8b7 /usr/local/m68k-elf/lib/libc.a(libc_a-vsprintf.o)
 .debug_info    0x0000000000006132      0x108 /usr/local/m68k-elf/lib/libc.a(libc_a-strncmp.o)
 .debug_info    0x000000000000623a      0x764 /usr/local/m68k-elf/lib/libc.a(libc_a-closer.o)
 .debug_info    0x000000000000699e      0x7bb /usr/local/m68k-elf/lib/libc.a(libc_a-reent.o)
 .debug_info    0x0000000000007159      0x735 /usr/local/m68k-elf/lib/libc.a(libc_a-impure.o)
 .debug_info    0x000000000000788e      0x7a3 /usr/local/m68k-elf/lib/libc.a(libc_a-lseekr.o)
 .debug_info    0x0000000000008031      0x796 /usr/local/m68k-elf/lib/libc.a(libc_a-readr.o)
 .debug_info    0x00000000000087c7      0x79c /usr/local/m68k-elf/lib/libc.a(libc_a-writer.o)
 .debug_info    0x0000000000008f63       0xdb /usr/local/m68k-elf/lib/libc.a(libc_a-strlen.o)
 .debug_info    0x000000000000903e       0x24 /usr/local/m68k-elf/lib/libc.a(libc_a-memset.o)
 .debug_info    0x0000000000009062      0x21b /usr/local/m68k-elf/lib/libc.a(libc_a-__call_atexit.o)
 .debug_info    0x000000000000927d      0xac7 /usr/local/m68k-elf/lib/libc.a(libc_a-freer.o)
 .debug_info    0x0000000000009d44      0xc29 /usr/local/m68k-elf/lib/libc.a(libc_a-mallocr.o)
 .debug_info    0x000000000000a96d      0x747 /usr/local/m68k-elf/lib/libc.a(libc_a-mlock.o)
 .debug_info    0x000000000000b0b4     0x1402 /usr/local/m68k-elf/lib/libc.a(libc_a-svfprintf.o)
 .debug_info    0x000000000000c4b6      0x897 /usr/local/m68k-elf/lib/libc.a(libc_a-fclose.o)
 .debug_info    0x000000000000cd4d      0x9ca /usr/local/m68k-elf/lib/libc.a(libc_a-fflush.o)
 .debug_info    0x000000000000d717      0x142 /usr/local/m68k-elf/lib/libc.a(libc_a-memchr.o)
 .debug_info    0x000000000000d859      0xa2e /usr/local/m68k-elf/lib/libc.a(libc_a-localeconv.o)
 .debug_info    0x000000000000e287      0x783 /usr/local/m68k-elf/lib/libc.a(libc_a-sbrkr.o)
 .debug_info    0x000000000000ea0a     0x156f /usr/local/m68k-elf/lib/libc.a(libc_a-dtoa.o)
 .debug_info    0x000000000000ff79     0x1b9d /usr/local/m68k-elf/lib/libc.a(libc_a-mprec.o)
 .debug_info    0x0000000000011b16      0xfd3 /usr/local/m68k-elf/lib/libc.a(libc_a-svfiprintf.o)
 .debug_info    0x0000000000012ae9      0x144 /usr/local/m68k-elf/lib/libc.a(libc_a-memmove.o)
 .debug_info    0x0000000000012c2d      0xbc8 /usr/local/m68k-elf/lib/libc.a(libc_a-locale.o)
 .debug_info    0x00000000000137f5       0x24 /usr/local/m68k-elf/lib/libc.a(libc_a-memcpy.o)
 .debug_info    0x0000000000013819      0x7ef /usr/local/m68k-elf/lib/libc.a(libc_a-assert.o)
 .debug_info    0x0000000000014008      0x8a6 /usr/local/m68k-elf/lib/libc.a(libc_a-callocr.o)
 .debug_info    0x00000000000148ae      0xaa2 /usr/local/m68k-elf/lib/libc.a(libc_a-mbtowc_r.o)
 .debug_info    0x0000000000015350      0xb69 /usr/local/m68k-elf/lib/libc.a(libc_a-reallocr.o)
 .debug_info    0x0000000000015eb9      0xa63 /usr/local/m68k-elf/lib/libc.a(libc_a-wctomb_r.o)
 .debug_info    0x000000000001691c       0xb9 /usr/local/m68k-elf/lib/libc.a(libc_a-ctype_.o)
 .debug_info    0x00000000000169d5      0x830 /usr/local/m68k-elf/lib/libc.a(libc_a-fiprintf.o)
 .debug_info    0x0000000000017205     0x164c /usr/local/m68k-elf/lib/libc.a(libc_a-vfiprintf.o)
 .debug_info    0x0000000000018851      0xa3c /usr/local/m68k-elf/lib/libc.a(libc_a-fvwrite.o)
 .debug_info    0x000000000001928d      0x7b9 /usr/local/m68k-elf/lib/libc.a(libc_a-wsetup.o)
 .debug_info    0x0000000000019a46      0x9e8 /usr/local/m68k-elf/lib/libc.a(libc_a-fputwc.o)
 .debug_info    0x000000000001a42e       0xeb /usr/local/m68k-elf/lib/libc.a(libc_a-strcmp.o)
 .debug_info    0x000000000001a519      0x71b /usr/local/m68k-elf/lib/libc.a(libc_a-errno.o)
 .debug_info    0x000000000001ac34       0xc8 /usr/local/m68k-elf/lib/libc.a(libc_a-abort.o)
 .debug_info    0x000000000001acfc      0xab8 /usr/local/m68k-elf/lib/libc.a(libc_a-wcrtomb.o)
 .debug_info    0x000000000001b7b4      0xbcc /usr/local/m68k-elf/lib/libc.a(libc_a-makebuf.o)
 .debug_info    0x000000000001c380      0x830 /usr/local/m68k-elf/lib/libc.a(libc_a-wbuf.o)
 .debug_info    0x000000000001cbb0      0xc54 /usr/local/m68k-elf/lib/libc.a(libc_a-signal.o)
 .debug_info    0x000000000001d804      0x977 /usr/local/m68k-elf/lib/libc.a(libc_a-fstatr.o)
 .debug_info    0x000000000001e17b      0x764 /usr/local/m68k-elf/lib/libc.a(libc_a-isattyr.o)
 .debug_info    0x000000000001e8df      0x7da /usr/local/m68k-elf/lib/libc.a(libc_a-signalr.o)
 .debug_info    0x000000000001f0b9       0x24 /usr/local/lib/gcc/m68k-elf/11/libgcc.a(_mulsi3.o)
 .debug_info    0x000000000001f0dd       0x24 /usr/local/lib/gcc/m68k-elf/11/libgcc.a(_udivsi3.o)
 .debug_info    0x000000000001f101       0x24 /usr/local/lib/gcc/m68k-elf/11/libgcc.a(_divsi3.o)
 .debug_info    0x000000000001f125       0x24 /usr/local/lib/gcc/m68k-elf/11/libgcc.a(_umodsi3.o)
 .debug_info    0x000000000001f149       0x24 /usr/local/lib/gcc/m68k-elf/11/libgcc.a(_modsi3.o)
 .debug_info    0x000000000001f16d       0x25 /usr/local/lib/gcc/m68k-elf/11/libgcc.a(_double.o)
 .debug_info    0x000000000001f192       0x24 /usr/local/lib/gcc/m68k-elf/11/libgcc.a(_floatex.o)
 .debug_info    0x000000000001f1b6       0x24 /usr/local/lib/gcc/m68k-elf/11/libgcc.a(_eqdf2.o)
 .debug_info    0x000000000001f1da       0x24 /usr/local/lib/gcc/m68k-elf/11/libgcc.a(_nedf2.o)
 .debug_info    0x000000000001f1fe       0x24 /usr/local/lib/gcc/m68k-elf/11/libgcc.a(_gtdf2.o)
 .debug_info    0x000000000001f222       0x24 /usr/local/lib/gcc/m68k-elf/11/libgcc.a(_ltdf2.o)
 .debug_info    0x000000000001f246       0x24 /usr/local/lib/gcc/m68k-elf/11/libgcc.a(_ledf2.o)
 .debug_info    0x000000000001f26a      0x194 /usr/local/lib/gcc/m68k-elf/11/libgcc.a(_muldi3.o)
 .debug_info    0x000000000001f3fe      0x5bf /usr/local/lib/gcc/m68k-elf/11/libgcc.a(fpgnulib.o)
 .debug_info    0x000000000001f9bd      0x7d0 /usr/local/lib/gcc/m68k-elf/11/libgcc.a(xfgnulib.o)
 .debug_info    0x000000000002018d       0x5e /usr/local/m68k-elf/lib/libidp.a(close.o)
 .debug_info    0x00000000000201eb      0x2b9 /usr/local/m68k-elf/lib/libidp.a(fstat.o)
 .debug_info    0x00000000000204a4       0x4b /usr/local/m68k-elf/lib/libidp.a(getpid.o)
 .debug_info    0x00000000000204ef       0x5e /usr/local/m68k-elf/lib/libidp.a(isatty.o)
 .debug_info    0x000000000002054d       0x9b /usr/local/m68k-elf/lib/libidp.a(kill.o)
 .debug_info    0x00000000000205e8       0xfb /usr/local/m68k-elf/lib/libidp.a(lseek.o)
 .debug_info    0x00000000000206e3       0xe4 /usr/local/m68k-elf/lib/libidp.a(sbrk.o)
 .debug_info    0x00000000000207c7       0xc8 /usr/local/m68k-elf/lib/libidp.a(mc68ec.o)

.debug_abbrev   0x0000000000000000     0x8248
 .debug_abbrev  0x0000000000000000       0xef csys68k.o
 .debug_abbrev  0x00000000000000ef      0x3f8 mtk_c.o
 .debug_abbrev  0x00000000000004e7      0x253 test3.o
 .debug_abbrev  0x000000000000073a       0xbe /usr/local/m68k-elf/lib/libc.a(libc_a-exit.o)
 .debug_abbrev  0x00000000000007f8      0x201 /usr/local/m68k-elf/lib/libc.a(libc_a-rand.o)
 .debug_abbrev  0x00000000000009f9      0x28d /usr/local/m68k-elf/lib/libc.a(libc_a-fdopen.o)
 .debug_abbrev  0x0000000000000c86      0x425 /usr/local/m68k-elf/lib/libc.a(libc_a-findfp.o)
 .debug_abbrev  0x00000000000010ab      0x1d5 /usr/local/m68k-elf/lib/libc.a(libc_a-flags.o)
 .debug_abbrev  0x0000000000001280      0x1d6 /usr/local/m68k-elf/lib/libc.a(libc_a-fwalk.o)
 .debug_abbrev  0x0000000000001456      0x243 /usr/local/m68k-elf/lib/libc.a(libc_a-stdio.o)
 .debug_abbrev  0x0000000000001699      0x265 /usr/local/m68k-elf/lib/libc.a(libc_a-vsprintf.o)
 .debug_abbrev  0x00000000000018fe       0x92 /usr/local/m68k-elf/lib/libc.a(libc_a-strncmp.o)
 .debug_abbrev  0x0000000000001990      0x1e0 /usr/local/m68k-elf/lib/libc.a(libc_a-closer.o)
 .debug_abbrev  0x0000000000001b70      0x208 /usr/local/m68k-elf/lib/libc.a(libc_a-reent.o)
 .debug_abbrev  0x0000000000001d78      0x185 /usr/local/m68k-elf/lib/libc.a(libc_a-impure.o)
 .debug_abbrev  0x0000000000001efd      0x1f1 /usr/local/m68k-elf/lib/libc.a(libc_a-lseekr.o)
 .debug_abbrev  0x00000000000020ee      0x1e0 /usr/local/m68k-elf/lib/libc.a(libc_a-readr.o)
 .debug_abbrev  0x00000000000022ce      0x1e5 /usr/local/m68k-elf/lib/libc.a(libc_a-writer.o)
 .debug_abbrev  0x00000000000024b3       0x8a /usr/local/m68k-elf/lib/libc.a(libc_a-strlen.o)
 .debug_abbrev  0x000000000000253d       0x14 /usr/local/m68k-elf/lib/libc.a(libc_a-memset.o)
 .debug_abbrev  0x0000000000002551      0x154 /usr/local/m68k-elf/lib/libc.a(libc_a-__call_atexit.o)
 .debug_abbrev  0x00000000000026a5      0x274 /usr/local/m68k-elf/lib/libc.a(libc_a-freer.o)
 .debug_abbrev  0x0000000000002919      0x2b7 /usr/local/m68k-elf/lib/libc.a(libc_a-mallocr.o)
 .debug_abbrev  0x0000000000002bd0      0x1ce /usr/local/m68k-elf/lib/libc.a(libc_a-mlock.o)
 .debug_abbrev  0x0000000000002d9e      0x3de /usr/local/m68k-elf/lib/libc.a(libc_a-svfprintf.o)
 .debug_abbrev  0x000000000000317c      0x2c1 /usr/local/m68k-elf/lib/libc.a(libc_a-fclose.o)
 .debug_abbrev  0x000000000000343d      0x311 /usr/local/m68k-elf/lib/libc.a(libc_a-fflush.o)
 .debug_abbrev  0x000000000000374e       0xd4 /usr/local/m68k-elf/lib/libc.a(libc_a-memchr.o)
 .debug_abbrev  0x0000000000003822      0x264 /usr/local/m68k-elf/lib/libc.a(libc_a-localeconv.o)
 .debug_abbrev  0x0000000000003a86      0x1f3 /usr/local/m68k-elf/lib/libc.a(libc_a-sbrkr.o)
 .debug_abbrev  0x0000000000003c79      0x365 /usr/local/m68k-elf/lib/libc.a(libc_a-dtoa.o)
 .debug_abbrev  0x0000000000003fde      0x527 /usr/local/m68k-elf/lib/libc.a(libc_a-mprec.o)
 .debug_abbrev  0x0000000000004505      0x311 /usr/local/m68k-elf/lib/libc.a(libc_a-svfiprintf.o)
 .debug_abbrev  0x0000000000004816       0xc3 /usr/local/m68k-elf/lib/libc.a(libc_a-memmove.o)
 .debug_abbrev  0x00000000000048d9      0x2e5 /usr/local/m68k-elf/lib/libc.a(libc_a-locale.o)
 .debug_abbrev  0x0000000000004bbe       0x14 /usr/local/m68k-elf/lib/libc.a(libc_a-memcpy.o)
 .debug_abbrev  0x0000000000004bd2      0x206 /usr/local/m68k-elf/lib/libc.a(libc_a-assert.o)
 .debug_abbrev  0x0000000000004dd8      0x238 /usr/local/m68k-elf/lib/libc.a(libc_a-callocr.o)
 .debug_abbrev  0x0000000000005010      0x252 /usr/local/m68k-elf/lib/libc.a(libc_a-mbtowc_r.o)
 .debug_abbrev  0x0000000000005262      0x256 /usr/local/m68k-elf/lib/libc.a(libc_a-reallocr.o)
 .debug_abbrev  0x00000000000054b8      0x226 /usr/local/m68k-elf/lib/libc.a(libc_a-wctomb_r.o)
 .debug_abbrev  0x00000000000056de       0x62 /usr/local/m68k-elf/lib/libc.a(libc_a-ctype_.o)
 .debug_abbrev  0x0000000000005740      0x221 /usr/local/m68k-elf/lib/libc.a(libc_a-fiprintf.o)
 .debug_abbrev  0x0000000000005961      0x46c /usr/local/m68k-elf/lib/libc.a(libc_a-vfiprintf.o)
 .debug_abbrev  0x0000000000005dcd      0x241 /usr/local/m68k-elf/lib/libc.a(libc_a-fvwrite.o)
 .debug_abbrev  0x000000000000600e      0x1fe /usr/local/m68k-elf/lib/libc.a(libc_a-wsetup.o)
 .debug_abbrev  0x000000000000620c      0x34a /usr/local/m68k-elf/lib/libc.a(libc_a-fputwc.o)
 .debug_abbrev  0x0000000000006556       0x83 /usr/local/m68k-elf/lib/libc.a(libc_a-strcmp.o)
 .debug_abbrev  0x00000000000065d9      0x19a /usr/local/m68k-elf/lib/libc.a(libc_a-errno.o)
 .debug_abbrev  0x0000000000006773       0x85 /usr/local/m68k-elf/lib/libc.a(libc_a-abort.o)
 .debug_abbrev  0x00000000000067f8      0x233 /usr/local/m68k-elf/lib/libc.a(libc_a-wcrtomb.o)
 .debug_abbrev  0x0000000000006a2b      0x2ad /usr/local/m68k-elf/lib/libc.a(libc_a-makebuf.o)
 .debug_abbrev  0x0000000000006cd8      0x25a /usr/local/m68k-elf/lib/libc.a(libc_a-wbuf.o)
 .debug_abbrev  0x0000000000006f32      0x2f9 /usr/local/m68k-elf/lib/libc.a(libc_a-signal.o)
 .debug_abbrev  0x000000000000722b      0x1f0 /usr/local/m68k-elf/lib/libc.a(libc_a-fstatr.o)
 .debug_abbrev  0x000000000000741b      0x1e0 /usr/local/m68k-elf/lib/libc.a(libc_a-isattyr.o)
 .debug_abbrev  0x00000000000075fb      0x22d /usr/local/m68k-elf/lib/libc.a(libc_a-signalr.o)
 .debug_abbrev  0x0000000000007828       0x14 /usr/local/lib/gcc/m68k-elf/11/libgcc.a(_mulsi3.o)
 .debug_abbrev  0x000000000000783c       0x14 /usr/local/lib/gcc/m68k-elf/11/libgcc.a(_udivsi3.o)
 .debug_abbrev  0x0000000000007850       0x14 /usr/local/lib/gcc/m68k-elf/11/libgcc.a(_divsi3.o)
 .debug_abbrev  0x0000000000007864       0x14 /usr/local/lib/gcc/m68k-elf/11/libgcc.a(_umodsi3.o)
 .debug_abbrev  0x0000000000007878       0x14 /usr/local/lib/gcc/m68k-elf/11/libgcc.a(_modsi3.o)
 .debug_abbrev  0x000000000000788c       0x14 /usr/local/lib/gcc/m68k-elf/11/libgcc.a(_double.o)
 .debug_abbrev  0x00000000000078a0       0x14 /usr/local/lib/gcc/m68k-elf/11/libgcc.a(_floatex.o)
 .debug_abbrev  0x00000000000078b4       0x14 /usr/local/lib/gcc/m68k-elf/11/libgcc.a(_eqdf2.o)
 .debug_abbrev  0x00000000000078c8       0x14 /usr/local/lib/gcc/m68k-elf/11/libgcc.a(_nedf2.o)
 .debug_abbrev  0x00000000000078dc       0x14 /usr/local/lib/gcc/m68k-elf/11/libgcc.a(_gtdf2.o)
 .debug_abbrev  0x00000000000078f0       0x14 /usr/local/lib/gcc/m68k-elf/11/libgcc.a(_ltdf2.o)
 .debug_abbrev  0x0000000000007904       0x14 /usr/local/lib/gcc/m68k-elf/11/libgcc.a(_ledf2.o)
 .debug_abbrev  0x0000000000007918       0xf6 /usr/local/lib/gcc/m68k-elf/11/libgcc.a(_muldi3.o)
 .debug_abbrev  0x0000000000007a0e      0x25f /usr/local/lib/gcc/m68k-elf/11/libgcc.a(fpgnulib.o)
 .debug_abbrev  0x0000000000007c6d      0x1e3 /usr/local/lib/gcc/m68k-elf/11/libgcc.a(xfgnulib.o)
 .debug_abbrev  0x0000000000007e50       0x58 /usr/local/m68k-elf/lib/libidp.a(close.o)
 .debug_abbrev  0x0000000000007ea8       0xa6 /usr/local/m68k-elf/lib/libidp.a(fstat.o)
 .debug_abbrev  0x0000000000007f4e       0x45 /usr/local/m68k-elf/lib/libidp.a(getpid.o)
 .debug_abbrev  0x0000000000007f93       0x58 /usr/local/m68k-elf/lib/libidp.a(isatty.o)
 .debug_abbrev  0x0000000000007feb       0x99 /usr/local/m68k-elf/lib/libidp.a(kill.o)
 .debug_abbrev  0x0000000000008084       0x9e /usr/local/m68k-elf/lib/libidp.a(lseek.o)
 .debug_abbrev  0x0000000000008122       0xa5 /usr/local/m68k-elf/lib/libidp.a(sbrk.o)
 .debug_abbrev  0x00000000000081c7       0x81 /usr/local/m68k-elf/lib/libidp.a(mc68ec.o)

.debug_loclists
                0x0000000000000000     0xe46d
 .debug_loclists
                0x0000000000000000      0x11f csys68k.o
 .debug_loclists
                0x000000000000011f      0x50f mtk_c.o
 .debug_loclists
                0x000000000000062e      0x1b1 test3.o
 .debug_loclists
                0x00000000000007df       0x14 /usr/local/m68k-elf/lib/libc.a(libc_a-rand.o)
 .debug_loclists
                0x00000000000007f3      0x15e /usr/local/m68k-elf/lib/libc.a(libc_a-fdopen.o)
 .debug_loclists
                0x0000000000000951      0x19a /usr/local/m68k-elf/lib/libc.a(libc_a-findfp.o)
 .debug_loclists
                0x0000000000000aeb       0xcb /usr/local/m68k-elf/lib/libc.a(libc_a-flags.o)
 .debug_loclists
                0x0000000000000bb6       0x62 /usr/local/m68k-elf/lib/libc.a(libc_a-fwalk.o)
 .debug_loclists
                0x0000000000000c18       0x92 /usr/local/m68k-elf/lib/libc.a(libc_a-stdio.o)
 .debug_loclists
                0x0000000000000caa       0xe9 /usr/local/m68k-elf/lib/libc.a(libc_a-vsprintf.o)
 .debug_loclists
                0x0000000000000d93       0xe9 /usr/local/m68k-elf/lib/libc.a(libc_a-strncmp.o)
 .debug_loclists
                0x0000000000000e7c       0x14 /usr/local/m68k-elf/lib/libc.a(libc_a-closer.o)
 .debug_loclists
                0x0000000000000e90       0x23 /usr/local/m68k-elf/lib/libc.a(libc_a-reent.o)
 .debug_loclists
                0x0000000000000eb3       0x14 /usr/local/m68k-elf/lib/libc.a(libc_a-lseekr.o)
 .debug_loclists
                0x0000000000000ec7       0x14 /usr/local/m68k-elf/lib/libc.a(libc_a-readr.o)
 .debug_loclists
                0x0000000000000edb       0x14 /usr/local/m68k-elf/lib/libc.a(libc_a-writer.o)
 .debug_loclists
                0x0000000000000eef       0x25 /usr/local/m68k-elf/lib/libc.a(libc_a-strlen.o)
 .debug_loclists
                0x0000000000000f14       0xb1 /usr/local/m68k-elf/lib/libc.a(libc_a-__call_atexit.o)
 .debug_loclists
                0x0000000000000fc5      0x3eb /usr/local/m68k-elf/lib/libc.a(libc_a-freer.o)
 .debug_loclists
                0x00000000000013b0      0x9b7 /usr/local/m68k-elf/lib/libc.a(libc_a-mallocr.o)
 .debug_loclists
                0x0000000000001d67     0x265f /usr/local/m68k-elf/lib/libc.a(libc_a-svfprintf.o)
 .debug_loclists
                0x00000000000043c6       0x6c /usr/local/m68k-elf/lib/libc.a(libc_a-fclose.o)
 .debug_loclists
                0x0000000000004432      0x17d /usr/local/m68k-elf/lib/libc.a(libc_a-fflush.o)
 .debug_loclists
                0x00000000000045af       0xe3 /usr/local/m68k-elf/lib/libc.a(libc_a-memchr.o)
 .debug_loclists
                0x0000000000004692       0x21 /usr/local/m68k-elf/lib/libc.a(libc_a-localeconv.o)
 .debug_loclists
                0x00000000000046b3       0x14 /usr/local/m68k-elf/lib/libc.a(libc_a-sbrkr.o)
 .debug_loclists
                0x00000000000046c7     0x270b /usr/local/m68k-elf/lib/libc.a(libc_a-dtoa.o)
 .debug_loclists
                0x0000000000006dd2     0x18c8 /usr/local/m68k-elf/lib/libc.a(libc_a-mprec.o)
 .debug_loclists
                0x000000000000869a     0x1313 /usr/local/m68k-elf/lib/libc.a(libc_a-svfiprintf.o)
 .debug_loclists
                0x00000000000099ad      0x2be /usr/local/m68k-elf/lib/libc.a(libc_a-memmove.o)
 .debug_loclists
                0x0000000000009c6b       0x56 /usr/local/m68k-elf/lib/libc.a(libc_a-locale.o)
 .debug_loclists
                0x0000000000009cc1      0x1c1 /usr/local/m68k-elf/lib/libc.a(libc_a-callocr.o)
 .debug_loclists
                0x0000000000009e82       0x33 /usr/local/m68k-elf/lib/libc.a(libc_a-mbtowc_r.o)
 .debug_loclists
                0x0000000000009eb5     0x131f /usr/local/m68k-elf/lib/libc.a(libc_a-reallocr.o)
 .debug_loclists
                0x000000000000b1d4       0x3a /usr/local/m68k-elf/lib/libc.a(libc_a-wctomb_r.o)
 .debug_loclists
                0x000000000000b20e       0xc1 /usr/local/m68k-elf/lib/libc.a(libc_a-fiprintf.o)
 .debug_loclists
                0x000000000000b2cf     0x1c2f /usr/local/m68k-elf/lib/libc.a(libc_a-vfiprintf.o)
 .debug_loclists
                0x000000000000cefe      0x3e1 /usr/local/m68k-elf/lib/libc.a(libc_a-fvwrite.o)
 .debug_loclists
                0x000000000000d2df       0x1d /usr/local/m68k-elf/lib/libc.a(libc_a-wsetup.o)
 .debug_loclists
                0x000000000000d2fc      0x198 /usr/local/m68k-elf/lib/libc.a(libc_a-fputwc.o)
 .debug_loclists
                0x000000000000d494       0x5a /usr/local/m68k-elf/lib/libc.a(libc_a-strcmp.o)
 .debug_loclists
                0x000000000000d4ee      0x1de /usr/local/m68k-elf/lib/libc.a(libc_a-wcrtomb.o)
 .debug_loclists
                0x000000000000d6cc      0x32e /usr/local/m68k-elf/lib/libc.a(libc_a-makebuf.o)
 .debug_loclists
                0x000000000000d9fa       0x7b /usr/local/m68k-elf/lib/libc.a(libc_a-wbuf.o)
 .debug_loclists
                0x000000000000da75      0x245 /usr/local/m68k-elf/lib/libc.a(libc_a-signal.o)
 .debug_loclists
                0x000000000000dcba       0x14 /usr/local/m68k-elf/lib/libc.a(libc_a-fstatr.o)
 .debug_loclists
                0x000000000000dcce       0x14 /usr/local/m68k-elf/lib/libc.a(libc_a-isattyr.o)
 .debug_loclists
                0x000000000000dce2       0x14 /usr/local/m68k-elf/lib/libc.a(libc_a-signalr.o)
 .debug_loclists
                0x000000000000dcf6      0x536 /usr/local/lib/gcc/m68k-elf/11/libgcc.a(fpgnulib.o)
 .debug_loclists
                0x000000000000e22c      0x1eb /usr/local/lib/gcc/m68k-elf/11/libgcc.a(xfgnulib.o)
 .debug_loclists
                0x000000000000e417       0x1f /usr/local/m68k-elf/lib/libidp.a(sbrk.o)
 .debug_loclists
                0x000000000000e436       0x37 /usr/local/m68k-elf/lib/libidp.a(mc68ec.o)

.debug_aranges  0x0000000000000000      0x9f8
 .debug_aranges
                0x0000000000000000       0x20 csys68k.o
 .debug_aranges
                0x0000000000000020       0x20 mtk_c.o
 .debug_aranges
                0x0000000000000040       0x28 test3.o
 .debug_aranges
                0x0000000000000068       0x20 /usr/local/m68k-elf/lib/libc.a(libc_a-exit.o)
 .debug_aranges
                0x0000000000000088       0x20 /usr/local/m68k-elf/lib/libc.a(libc_a-rand.o)
 .debug_aranges
                0x00000000000000a8       0x20 /usr/local/m68k-elf/lib/libc.a(libc_a-fdopen.o)
 .debug_aranges
                0x00000000000000c8       0x20 /usr/local/m68k-elf/lib/libc.a(libc_a-findfp.o)
 .debug_aranges
                0x00000000000000e8       0x20 /usr/local/m68k-elf/lib/libc.a(libc_a-flags.o)
 .debug_aranges
                0x0000000000000108       0x20 /usr/local/m68k-elf/lib/libc.a(libc_a-fwalk.o)
 .debug_aranges
                0x0000000000000128       0x20 /usr/local/m68k-elf/lib/libc.a(libc_a-stdio.o)
 .debug_aranges
                0x0000000000000148       0x20 /usr/local/m68k-elf/lib/libc.a(libc_a-vsprintf.o)
 .debug_aranges
                0x0000000000000168       0x20 /usr/local/m68k-elf/lib/libc.a(libc_a-strncmp.o)
 .debug_aranges
                0x0000000000000188       0x20 /usr/local/m68k-elf/lib/libc.a(libc_a-closer.o)
 .debug_aranges
                0x00000000000001a8       0x20 /usr/local/m68k-elf/lib/libc.a(libc_a-reent.o)
 .debug_aranges
                0x00000000000001c8       0x18 /usr/local/m68k-elf/lib/libc.a(libc_a-impure.o)
 .debug_aranges
                0x00000000000001e0       0x20 /usr/local/m68k-elf/lib/libc.a(libc_a-lseekr.o)
 .debug_aranges
                0x0000000000000200       0x20 /usr/local/m68k-elf/lib/libc.a(libc_a-readr.o)
 .debug_aranges
                0x0000000000000220       0x20 /usr/local/m68k-elf/lib/libc.a(libc_a-writer.o)
 .debug_aranges
                0x0000000000000240       0x20 /usr/local/m68k-elf/lib/libc.a(libc_a-strlen.o)
 .debug_aranges
                0x0000000000000260       0x20 /usr/local/m68k-elf/lib/libc.a(libc_a-memset.o)
 .debug_aranges
                0x0000000000000280       0x20 /usr/local/m68k-elf/lib/libc.a(libc_a-__call_atexit.o)
 .debug_aranges
                0x00000000000002a0       0x20 /usr/local/m68k-elf/lib/libc.a(libc_a-freer.o)
 .debug_aranges
                0x00000000000002c0       0x20 /usr/local/m68k-elf/lib/libc.a(libc_a-mallocr.o)
 .debug_aranges
                0x00000000000002e0       0x20 /usr/local/m68k-elf/lib/libc.a(libc_a-mlock.o)
 .debug_aranges
                0x0000000000000300       0x20 /usr/local/m68k-elf/lib/libc.a(libc_a-svfprintf.o)
 .debug_aranges
                0x0000000000000320       0x20 /usr/local/m68k-elf/lib/libc.a(libc_a-fclose.o)
 .debug_aranges
                0x0000000000000340       0x20 /usr/local/m68k-elf/lib/libc.a(libc_a-fflush.o)
 .debug_aranges
                0x0000000000000360       0x20 /usr/local/m68k-elf/lib/libc.a(libc_a-memchr.o)
 .debug_aranges
                0x0000000000000380       0x20 /usr/local/m68k-elf/lib/libc.a(libc_a-localeconv.o)
 .debug_aranges
                0x00000000000003a0       0x20 /usr/local/m68k-elf/lib/libc.a(libc_a-sbrkr.o)
 .debug_aranges
                0x00000000000003c0       0x20 /usr/local/m68k-elf/lib/libc.a(libc_a-dtoa.o)
 .debug_aranges
                0x00000000000003e0       0x20 /usr/local/m68k-elf/lib/libc.a(libc_a-mprec.o)
 .debug_aranges
                0x0000000000000400       0x20 /usr/local/m68k-elf/lib/libc.a(libc_a-svfiprintf.o)
 .debug_aranges
                0x0000000000000420       0x20 /usr/local/m68k-elf/lib/libc.a(libc_a-memmove.o)
 .debug_aranges
                0x0000000000000440       0x20 /usr/local/m68k-elf/lib/libc.a(libc_a-locale.o)
 .debug_aranges
                0x0000000000000460       0x20 /usr/local/m68k-elf/lib/libc.a(libc_a-memcpy.o)
 .debug_aranges
                0x0000000000000480       0x20 /usr/local/m68k-elf/lib/libc.a(libc_a-assert.o)
 .debug_aranges
                0x00000000000004a0       0x20 /usr/local/m68k-elf/lib/libc.a(libc_a-callocr.o)
 .debug_aranges
                0x00000000000004c0       0x20 /usr/local/m68k-elf/lib/libc.a(libc_a-mbtowc_r.o)
 .debug_aranges
                0x00000000000004e0       0x20 /usr/local/m68k-elf/lib/libc.a(libc_a-reallocr.o)
 .debug_aranges
                0x0000000000000500       0x20 /usr/local/m68k-elf/lib/libc.a(libc_a-wctomb_r.o)
 .debug_aranges
                0x0000000000000520       0x18 /usr/local/m68k-elf/lib/libc.a(libc_a-ctype_.o)
 .debug_aranges
                0x0000000000000538       0x20 /usr/local/m68k-elf/lib/libc.a(libc_a-fiprintf.o)
 .debug_aranges
                0x0000000000000558       0x20 /usr/local/m68k-elf/lib/libc.a(libc_a-vfiprintf.o)
 .debug_aranges
                0x0000000000000578       0x20 /usr/local/m68k-elf/lib/libc.a(libc_a-fvwrite.o)
 .debug_aranges
                0x0000000000000598       0x20 /usr/local/m68k-elf/lib/libc.a(libc_a-wsetup.o)
 .debug_aranges
                0x00000000000005b8       0x20 /usr/local/m68k-elf/lib/libc.a(libc_a-fputwc.o)
 .debug_aranges
                0x00000000000005d8       0x20 /usr/local/m68k-elf/lib/libc.a(libc_a-strcmp.o)
 .debug_aranges
                0x00000000000005f8       0x20 /usr/local/m68k-elf/lib/libc.a(libc_a-errno.o)
 .debug_aranges
                0x0000000000000618       0x20 /usr/local/m68k-elf/lib/libc.a(libc_a-abort.o)
 .debug_aranges
                0x0000000000000638       0x20 /usr/local/m68k-elf/lib/libc.a(libc_a-wcrtomb.o)
 .debug_aranges
                0x0000000000000658       0x20 /usr/local/m68k-elf/lib/libc.a(libc_a-makebuf.o)
 .debug_aranges
                0x0000000000000678       0x20 /usr/local/m68k-elf/lib/libc.a(libc_a-wbuf.o)
 .debug_aranges
                0x0000000000000698       0x20 /usr/local/m68k-elf/lib/libc.a(libc_a-signal.o)
 .debug_aranges
                0x00000000000006b8       0x20 /usr/local/m68k-elf/lib/libc.a(libc_a-fstatr.o)
 .debug_aranges
                0x00000000000006d8       0x20 /usr/local/m68k-elf/lib/libc.a(libc_a-isattyr.o)
 .debug_aranges
                0x00000000000006f8       0x20 /usr/local/m68k-elf/lib/libc.a(libc_a-signalr.o)
 .debug_aranges
                0x0000000000000718       0x20 /usr/local/lib/gcc/m68k-elf/11/libgcc.a(_mulsi3.o)
 .debug_aranges
                0x0000000000000738       0x20 /usr/local/lib/gcc/m68k-elf/11/libgcc.a(_udivsi3.o)
 .debug_aranges
                0x0000000000000758       0x20 /usr/local/lib/gcc/m68k-elf/11/libgcc.a(_divsi3.o)
 .debug_aranges
                0x0000000000000778       0x20 /usr/local/lib/gcc/m68k-elf/11/libgcc.a(_umodsi3.o)
 .debug_aranges
                0x0000000000000798       0x20 /usr/local/lib/gcc/m68k-elf/11/libgcc.a(_modsi3.o)
 .debug_aranges
                0x00000000000007b8       0x20 /usr/local/lib/gcc/m68k-elf/11/libgcc.a(_double.o)
 .debug_aranges
                0x00000000000007d8       0x20 /usr/local/lib/gcc/m68k-elf/11/libgcc.a(_floatex.o)
 .debug_aranges
                0x00000000000007f8       0x20 /usr/local/lib/gcc/m68k-elf/11/libgcc.a(_eqdf2.o)
 .debug_aranges
                0x0000000000000818       0x20 /usr/local/lib/gcc/m68k-elf/11/libgcc.a(_nedf2.o)
 .debug_aranges
                0x0000000000000838       0x20 /usr/local/lib/gcc/m68k-elf/11/libgcc.a(_gtdf2.o)
 .debug_aranges
                0x0000000000000858       0x20 /usr/local/lib/gcc/m68k-elf/11/libgcc.a(_ltdf2.o)
 .debug_aranges
                0x0000000000000878       0x20 /usr/local/lib/gcc/m68k-elf/11/libgcc.a(_ledf2.o)
 .debug_aranges
                0x0000000000000898       0x20 /usr/local/lib/gcc/m68k-elf/11/libgcc.a(_muldi3.o)
 .debug_aranges
                0x00000000000008b8       0x20 /usr/local/lib/gcc/m68k-elf/11/libgcc.a(fpgnulib.o)
 .debug_aranges
                0x00000000000008d8       0x20 /usr/local/lib/gcc/m68k-elf/11/libgcc.a(xfgnulib.o)
 .debug_aranges
                0x00000000000008f8       0x20 /usr/local/m68k-elf/lib/libidp.a(close.o)
 .debug_aranges
                0x0000000000000918       0x20 /usr/local/m68k-elf/lib/libidp.a(fstat.o)
 .debug_aranges
                0x0000000000000938       0x20 /usr/local/m68k-elf/lib/libidp.a(getpid.o)
 .debug_aranges
                0x0000000000000958       0x20 /usr/local/m68k-elf/lib/libidp.a(isatty.o)
 .debug_aranges
                0x0000000000000978       0x20 /usr/local/m68k-elf/lib/libidp.a(kill.o)
 .debug_aranges
                0x0000000000000998       0x20 /usr/local/m68k-elf/lib/libidp.a(lseek.o)
 .debug_aranges
                0x00000000000009b8       0x20 /usr/local/m68k-elf/lib/libidp.a(sbrk.o)
 .debug_aranges
                0x00000000000009d8       0x20 /usr/local/m68k-elf/lib/libidp.a(mc68ec.o)

.debug_line     0x0000000000000000    0x10499
 .debug_line    0x0000000000000000      0x15e csys68k.o
 .debug_line    0x000000000000015e      0x80a mtk_c.o
 .debug_line    0x0000000000000968      0x9a9 test3.o
 .debug_line    0x0000000000001311      0x11f /usr/local/m68k-elf/lib/libc.a(libc_a-exit.o)
 .debug_line    0x0000000000001430      0x16c /usr/local/m68k-elf/lib/libc.a(libc_a-rand.o)
 .debug_line    0x000000000000159c      0x253 /usr/local/m68k-elf/lib/libc.a(libc_a-fdopen.o)
 .debug_line    0x00000000000017ef      0x52f /usr/local/m68k-elf/lib/libc.a(libc_a-findfp.o)
 .debug_line    0x0000000000001d1e      0x19e /usr/local/m68k-elf/lib/libc.a(libc_a-flags.o)
 .debug_line    0x0000000000001ebc      0x199 /usr/local/m68k-elf/lib/libc.a(libc_a-fwalk.o)
 .debug_line    0x0000000000002055      0x21e /usr/local/m68k-elf/lib/libc.a(libc_a-stdio.o)
 .debug_line    0x0000000000002273      0x1fc /usr/local/m68k-elf/lib/libc.a(libc_a-vsprintf.o)
 .debug_line    0x000000000000246f      0x1bf /usr/local/m68k-elf/lib/libc.a(libc_a-strncmp.o)
 .debug_line    0x000000000000262e      0x178 /usr/local/m68k-elf/lib/libc.a(libc_a-closer.o)
 .debug_line    0x00000000000027a6      0x1c1 /usr/local/m68k-elf/lib/libc.a(libc_a-reent.o)
 .debug_line    0x0000000000002967       0xac /usr/local/m68k-elf/lib/libc.a(libc_a-impure.o)
 .debug_line    0x0000000000002a13      0x183 /usr/local/m68k-elf/lib/libc.a(libc_a-lseekr.o)
 .debug_line    0x0000000000002b96      0x177 /usr/local/m68k-elf/lib/libc.a(libc_a-readr.o)
 .debug_line    0x0000000000002d0d      0x178 /usr/local/m68k-elf/lib/libc.a(libc_a-writer.o)
 .debug_line    0x0000000000002e85       0xfa /usr/local/m68k-elf/lib/libc.a(libc_a-strlen.o)
 .debug_line    0x0000000000002f7f       0x6d /usr/local/m68k-elf/lib/libc.a(libc_a-memset.o)
 .debug_line    0x0000000000002fec      0x1a6 /usr/local/m68k-elf/lib/libc.a(libc_a-__call_atexit.o)
 .debug_line    0x0000000000003192      0x500 /usr/local/m68k-elf/lib/libc.a(libc_a-freer.o)
 .debug_line    0x0000000000003692      0x99b /usr/local/m68k-elf/lib/libc.a(libc_a-mallocr.o)
 .debug_line    0x000000000000402d      0x140 /usr/local/m68k-elf/lib/libc.a(libc_a-mlock.o)
 .debug_line    0x000000000000416d     0x1967 /usr/local/m68k-elf/lib/libc.a(libc_a-svfprintf.o)
 .debug_line    0x0000000000005ad4      0x24c /usr/local/m68k-elf/lib/libc.a(libc_a-fclose.o)
 .debug_line    0x0000000000005d20      0x484 /usr/local/m68k-elf/lib/libc.a(libc_a-fflush.o)
 .debug_line    0x00000000000061a4      0x19f /usr/local/m68k-elf/lib/libc.a(libc_a-memchr.o)
 .debug_line    0x0000000000006343      0x173 /usr/local/m68k-elf/lib/libc.a(libc_a-localeconv.o)
 .debug_line    0x00000000000064b6      0x16c /usr/local/m68k-elf/lib/libc.a(libc_a-sbrkr.o)
 .debug_line    0x0000000000006622     0x1617 /usr/local/m68k-elf/lib/libc.a(libc_a-dtoa.o)
 .debug_line    0x0000000000007c39     0x1599 /usr/local/m68k-elf/lib/libc.a(libc_a-mprec.o)
 .debug_line    0x00000000000091d2     0x1007 /usr/local/m68k-elf/lib/libc.a(libc_a-svfiprintf.o)
 .debug_line    0x000000000000a1d9      0x1da /usr/local/m68k-elf/lib/libc.a(libc_a-memmove.o)
 .debug_line    0x000000000000a3b3      0x26f /usr/local/m68k-elf/lib/libc.a(libc_a-locale.o)
 .debug_line    0x000000000000a622       0x69 /usr/local/m68k-elf/lib/libc.a(libc_a-memcpy.o)
 .debug_line    0x000000000000a68b      0x183 /usr/local/m68k-elf/lib/libc.a(libc_a-assert.o)
 .debug_line    0x000000000000a80e      0x226 /usr/local/m68k-elf/lib/libc.a(libc_a-callocr.o)
 .debug_line    0x000000000000aa34      0x201 /usr/local/m68k-elf/lib/libc.a(libc_a-mbtowc_r.o)
 .debug_line    0x000000000000ac35      0x864 /usr/local/m68k-elf/lib/libc.a(libc_a-reallocr.o)
 .debug_line    0x000000000000b499      0x1f4 /usr/local/m68k-elf/lib/libc.a(libc_a-wctomb_r.o)
 .debug_line    0x000000000000b68d       0x5b /usr/local/m68k-elf/lib/libc.a(libc_a-ctype_.o)
 .debug_line    0x000000000000b6e8      0x180 /usr/local/m68k-elf/lib/libc.a(libc_a-fiprintf.o)
 .debug_line    0x000000000000b868     0x12da /usr/local/m68k-elf/lib/libc.a(libc_a-vfiprintf.o)
 .debug_line    0x000000000000cb42      0x610 /usr/local/m68k-elf/lib/libc.a(libc_a-fvwrite.o)
 .debug_line    0x000000000000d152      0x2db /usr/local/m68k-elf/lib/libc.a(libc_a-wsetup.o)
 .debug_line    0x000000000000d42d      0x30b /usr/local/m68k-elf/lib/libc.a(libc_a-fputwc.o)
 .debug_line    0x000000000000d738      0x144 /usr/local/m68k-elf/lib/libc.a(libc_a-strcmp.o)
 .debug_line    0x000000000000d87c      0x10b /usr/local/m68k-elf/lib/libc.a(libc_a-errno.o)
 .debug_line    0x000000000000d987      0x100 /usr/local/m68k-elf/lib/libc.a(libc_a-abort.o)
 .debug_line    0x000000000000da87      0x253 /usr/local/m68k-elf/lib/libc.a(libc_a-wcrtomb.o)
 .debug_line    0x000000000000dcda      0x36d /usr/local/m68k-elf/lib/libc.a(libc_a-makebuf.o)
 .debug_line    0x000000000000e047      0x29f /usr/local/m68k-elf/lib/libc.a(libc_a-wbuf.o)
 .debug_line    0x000000000000e2e6      0x618 /usr/local/m68k-elf/lib/libc.a(libc_a-signal.o)
 .debug_line    0x000000000000e8fe      0x1ed /usr/local/m68k-elf/lib/libc.a(libc_a-fstatr.o)
 .debug_line    0x000000000000eaeb      0x179 /usr/local/m68k-elf/lib/libc.a(libc_a-isattyr.o)
 .debug_line    0x000000000000ec64      0x19f /usr/local/m68k-elf/lib/libc.a(libc_a-signalr.o)
 .debug_line    0x000000000000ee03       0x54 /usr/local/lib/gcc/m68k-elf/11/libgcc.a(_mulsi3.o)
 .debug_line    0x000000000000ee57       0x6d /usr/local/lib/gcc/m68k-elf/11/libgcc.a(_udivsi3.o)
 .debug_line    0x000000000000eec4       0x5c /usr/local/lib/gcc/m68k-elf/11/libgcc.a(_divsi3.o)
 .debug_line    0x000000000000ef20       0x58 /usr/local/lib/gcc/m68k-elf/11/libgcc.a(_umodsi3.o)
 .debug_line    0x000000000000ef78       0x58 /usr/local/lib/gcc/m68k-elf/11/libgcc.a(_modsi3.o)
 .debug_line    0x000000000000efd0      0x3cb /usr/local/lib/gcc/m68k-elf/11/libgcc.a(_double.o)
 .debug_line    0x000000000000f39b       0x63 /usr/local/lib/gcc/m68k-elf/11/libgcc.a(_floatex.o)
 .debug_line    0x000000000000f3fe       0x52 /usr/local/lib/gcc/m68k-elf/11/libgcc.a(_eqdf2.o)
 .debug_line    0x000000000000f450       0x52 /usr/local/lib/gcc/m68k-elf/11/libgcc.a(_nedf2.o)
 .debug_line    0x000000000000f4a2       0x52 /usr/local/lib/gcc/m68k-elf/11/libgcc.a(_gtdf2.o)
 .debug_line    0x000000000000f4f4       0x52 /usr/local/lib/gcc/m68k-elf/11/libgcc.a(_ltdf2.o)
 .debug_line    0x000000000000f546       0x52 /usr/local/lib/gcc/m68k-elf/11/libgcc.a(_ledf2.o)
 .debug_line    0x000000000000f598       0x87 /usr/local/lib/gcc/m68k-elf/11/libgcc.a(_muldi3.o)
 .debug_line    0x000000000000f61f      0x5e1 /usr/local/lib/gcc/m68k-elf/11/libgcc.a(fpgnulib.o)
 .debug_line    0x000000000000fc00      0x35c /usr/local/lib/gcc/m68k-elf/11/libgcc.a(xfgnulib.o)
 .debug_line    0x000000000000ff5c       0x73 /usr/local/m68k-elf/lib/libidp.a(close.o)
 .debug_line    0x000000000000ffcf      0x14a /usr/local/m68k-elf/lib/libidp.a(fstat.o)
 .debug_line    0x0000000000010119       0x74 /usr/local/m68k-elf/lib/libidp.a(getpid.o)
 .debug_line    0x000000000001018d       0x74 /usr/local/m68k-elf/lib/libidp.a(isatty.o)
 .debug_line    0x0000000000010201       0x90 /usr/local/m68k-elf/lib/libidp.a(kill.o)
 .debug_line    0x0000000000010291       0xd4 /usr/local/m68k-elf/lib/libidp.a(lseek.o)
 .debug_line    0x0000000000010365       0xa9 /usr/local/m68k-elf/lib/libidp.a(sbrk.o)
 .debug_line    0x000000000001040e       0x8b /usr/local/m68k-elf/lib/libidp.a(mc68ec.o)

.debug_str      0x0000000000000000    0x10f5a
 .debug_str     0x0000000000000000      0x124 csys68k.o
 .debug_str     0x0000000000000124      0x5b6 mtk_c.o
 .debug_str     0x00000000000006da      0x373 test3.o
 .debug_str     0x0000000000000a4d      0x159 /usr/local/m68k-elf/lib/libc.a(libc_a-exit.o)
 .debug_str     0x0000000000000ba6      0x460 /usr/local/m68k-elf/lib/libc.a(libc_a-rand.o)
 .debug_str     0x0000000000001006      0x49b /usr/local/m68k-elf/lib/libc.a(libc_a-fdopen.o)
 .debug_str     0x00000000000014a1      0x657 /usr/local/m68k-elf/lib/libc.a(libc_a-findfp.o)
 .debug_str     0x0000000000001af8      0x448 /usr/local/m68k-elf/lib/libc.a(libc_a-flags.o)
 .debug_str     0x0000000000001f40      0x45f /usr/local/m68k-elf/lib/libc.a(libc_a-fwalk.o)
 .debug_str     0x000000000000239f      0x4b3 /usr/local/m68k-elf/lib/libc.a(libc_a-stdio.o)
 .debug_str     0x0000000000002852      0x494 /usr/local/m68k-elf/lib/libc.a(libc_a-vsprintf.o)
 .debug_str     0x0000000000002ce6      0x135 /usr/local/m68k-elf/lib/libc.a(libc_a-strncmp.o)
 .debug_str     0x0000000000002e1b      0x44b /usr/local/m68k-elf/lib/libc.a(libc_a-closer.o)
 .debug_str     0x0000000000003266      0x46e /usr/local/m68k-elf/lib/libc.a(libc_a-reent.o)
 .debug_str     0x00000000000036d4      0x454 /usr/local/m68k-elf/lib/libc.a(libc_a-impure.o)
 .debug_str     0x0000000000003b28      0x460 /usr/local/m68k-elf/lib/libc.a(libc_a-lseekr.o)
 .debug_str     0x0000000000003f88      0x44f /usr/local/m68k-elf/lib/libc.a(libc_a-readr.o)
 .debug_str     0x00000000000043d7      0x452 /usr/local/m68k-elf/lib/libc.a(libc_a-writer.o)
 .debug_str     0x0000000000004829      0x139 /usr/local/m68k-elf/lib/libc.a(libc_a-strlen.o)
 .debug_str     0x0000000000004962       0x73 /usr/local/m68k-elf/lib/libc.a(libc_a-memset.o)
 .debug_str     0x00000000000049d5      0x1ca /usr/local/m68k-elf/lib/libc.a(libc_a-__call_atexit.o)
 .debug_str     0x0000000000004b9f      0x5b7 /usr/local/m68k-elf/lib/libc.a(libc_a-freer.o)
 .debug_str     0x0000000000005156      0x66f /usr/local/m68k-elf/lib/libc.a(libc_a-mallocr.o)
 .debug_str     0x00000000000057c5      0x46d /usr/local/m68k-elf/lib/libc.a(libc_a-mlock.o)
 .debug_str     0x0000000000005c32      0x884 /usr/local/m68k-elf/lib/libc.a(libc_a-svfprintf.o)
 .debug_str     0x00000000000064b6      0x4ae /usr/local/m68k-elf/lib/libc.a(libc_a-fclose.o)
 .debug_str     0x0000000000006964      0x4d6 /usr/local/m68k-elf/lib/libc.a(libc_a-fflush.o)
 .debug_str     0x0000000000006e3a      0x14d /usr/local/m68k-elf/lib/libc.a(libc_a-memchr.o)
 .debug_str     0x0000000000006f87      0x695 /usr/local/m68k-elf/lib/libc.a(libc_a-localeconv.o)
 .debug_str     0x000000000000761c      0x457 /usr/local/m68k-elf/lib/libc.a(libc_a-sbrkr.o)
 .debug_str     0x0000000000007a73      0x802 /usr/local/m68k-elf/lib/libc.a(libc_a-dtoa.o)
 .debug_str     0x0000000000008275      0x75d /usr/local/m68k-elf/lib/libc.a(libc_a-mprec.o)
 .debug_str     0x00000000000089d2      0x7bf /usr/local/m68k-elf/lib/libc.a(libc_a-svfiprintf.o)
 .debug_str     0x0000000000009191      0x166 /usr/local/m68k-elf/lib/libc.a(libc_a-memmove.o)
 .debug_str     0x00000000000092f7      0x6ce /usr/local/m68k-elf/lib/libc.a(libc_a-locale.o)
 .debug_str     0x00000000000099c5       0x73 /usr/local/m68k-elf/lib/libc.a(libc_a-memcpy.o)
 .debug_str     0x0000000000009a38      0x488 /usr/local/m68k-elf/lib/libc.a(libc_a-assert.o)
 .debug_str     0x0000000000009ec0      0x4a1 /usr/local/m68k-elf/lib/libc.a(libc_a-callocr.o)
 .debug_str     0x000000000000a361      0x675 /usr/local/m68k-elf/lib/libc.a(libc_a-mbtowc_r.o)
 .debug_str     0x000000000000a9d6      0x542 /usr/local/m68k-elf/lib/libc.a(libc_a-reallocr.o)
 .debug_str     0x000000000000af18      0x67c /usr/local/m68k-elf/lib/libc.a(libc_a-wctomb_r.o)
 .debug_str     0x000000000000b594      0x12c /usr/local/m68k-elf/lib/libc.a(libc_a-ctype_.o)
 .debug_str     0x000000000000b6c0      0x494 /usr/local/m68k-elf/lib/libc.a(libc_a-fiprintf.o)
 .debug_str     0x000000000000bb54      0x800 /usr/local/m68k-elf/lib/libc.a(libc_a-vfiprintf.o)
 .debug_str     0x000000000000c354      0x505 /usr/local/m68k-elf/lib/libc.a(libc_a-fvwrite.o)
 .debug_str     0x000000000000c859      0x480 /usr/local/m68k-elf/lib/libc.a(libc_a-wsetup.o)
 .debug_str     0x000000000000ccd9      0x4d0 /usr/local/m68k-elf/lib/libc.a(libc_a-fputwc.o)
 .debug_str     0x000000000000d1a9      0x12c /usr/local/m68k-elf/lib/libc.a(libc_a-strcmp.o)
 .debug_str     0x000000000000d2d5      0x449 /usr/local/m68k-elf/lib/libc.a(libc_a-errno.o)
 .debug_str     0x000000000000d71e      0x136 /usr/local/m68k-elf/lib/libc.a(libc_a-abort.o)
 .debug_str     0x000000000000d854      0x67b /usr/local/m68k-elf/lib/libc.a(libc_a-wcrtomb.o)
 .debug_str     0x000000000000decf      0x5e2 /usr/local/m68k-elf/lib/libc.a(libc_a-makebuf.o)
 .debug_str     0x000000000000e4b1      0x485 /usr/local/m68k-elf/lib/libc.a(libc_a-wbuf.o)
 .debug_str     0x000000000000e936      0x4d6 /usr/local/m68k-elf/lib/libc.a(libc_a-signal.o)
 .debug_str     0x000000000000ee0c      0x596 /usr/local/m68k-elf/lib/libc.a(libc_a-fstatr.o)
 .debug_str     0x000000000000f3a2      0x44e /usr/local/m68k-elf/lib/libc.a(libc_a-isattyr.o)
 .debug_str     0x000000000000f7f0      0x469 /usr/local/m68k-elf/lib/libc.a(libc_a-signalr.o)
 .debug_str     0x000000000000fc59       0x60 /usr/local/lib/gcc/m68k-elf/11/libgcc.a(_mulsi3.o)
 .debug_str     0x000000000000fcb9       0x60 /usr/local/lib/gcc/m68k-elf/11/libgcc.a(_udivsi3.o)
 .debug_str     0x000000000000fd19       0x60 /usr/local/lib/gcc/m68k-elf/11/libgcc.a(_divsi3.o)
 .debug_str     0x000000000000fd79       0x60 /usr/local/lib/gcc/m68k-elf/11/libgcc.a(_umodsi3.o)
 .debug_str     0x000000000000fdd9       0x60 /usr/local/lib/gcc/m68k-elf/11/libgcc.a(_modsi3.o)
 .debug_str     0x000000000000fe39       0x60 /usr/local/lib/gcc/m68k-elf/11/libgcc.a(_double.o)
 .debug_str     0x000000000000fe99       0x60 /usr/local/lib/gcc/m68k-elf/11/libgcc.a(_floatex.o)
 .debug_str     0x000000000000fef9       0x60 /usr/local/lib/gcc/m68k-elf/11/libgcc.a(_eqdf2.o)
 .debug_str     0x000000000000ff59       0x60 /usr/local/lib/gcc/m68k-elf/11/libgcc.a(_nedf2.o)
 .debug_str     0x000000000000ffb9       0x60 /usr/local/lib/gcc/m68k-elf/11/libgcc.a(_gtdf2.o)
 .debug_str     0x0000000000010019       0x60 /usr/local/lib/gcc/m68k-elf/11/libgcc.a(_ltdf2.o)
 .debug_str     0x0000000000010079       0x60 /usr/local/lib/gcc/m68k-elf/11/libgcc.a(_ledf2.o)
 .debug_str     0x00000000000100d9      0x1bb /usr/local/lib/gcc/m68k-elf/11/libgcc.a(_muldi3.o)
 .debug_str     0x0000000000010294      0x1b0 /usr/local/lib/gcc/m68k-elf/11/libgcc.a(fpgnulib.o)
 .debug_str     0x0000000000010444      0x234 /usr/local/lib/gcc/m68k-elf/11/libgcc.a(xfgnulib.o)
 .debug_str     0x0000000000010678       0xa0 /usr/local/m68k-elf/lib/libidp.a(close.o)
 .debug_str     0x0000000000010718      0x27c /usr/local/m68k-elf/lib/libidp.a(fstat.o)
 .debug_str     0x0000000000010994       0xa2 /usr/local/m68k-elf/lib/libidp.a(getpid.o)
 .debug_str     0x0000000000010a36       0xa2 /usr/local/m68k-elf/lib/libidp.a(isatty.o)
 .debug_str     0x0000000000010ad8       0xa4 /usr/local/m68k-elf/lib/libidp.a(kill.o)
 .debug_str     0x0000000000010b7c      0x15b /usr/local/m68k-elf/lib/libidp.a(lseek.o)
 .debug_str     0x0000000000010cd7      0x148 /usr/local/m68k-elf/lib/libidp.a(sbrk.o)
 .debug_str     0x0000000000010e1f      0x13b /usr/local/m68k-elf/lib/libidp.a(mc68ec.o)

.comment        0x0000000000000000      0x4e6
 .comment       0x0000000000000000       0x13 csys68k.o
 .comment       0x0000000000000013       0x13 mtk_c.o
 .comment       0x0000000000000026       0x13 test3.o
 .comment       0x0000000000000039       0x13 /usr/local/m68k-elf/lib/libc.a(libc_a-exit.o)
 .comment       0x000000000000004c       0x13 /usr/local/m68k-elf/lib/libc.a(libc_a-rand.o)
 .comment       0x000000000000005f       0x13 /usr/local/m68k-elf/lib/libc.a(libc_a-fdopen.o)
 .comment       0x0000000000000072       0x13 /usr/local/m68k-elf/lib/libc.a(libc_a-findfp.o)
 .comment       0x0000000000000085       0x13 /usr/local/m68k-elf/lib/libc.a(libc_a-flags.o)
 .comment       0x0000000000000098       0x13 /usr/local/m68k-elf/lib/libc.a(libc_a-fwalk.o)
 .comment       0x00000000000000ab       0x13 /usr/local/m68k-elf/lib/libc.a(libc_a-stdio.o)
 .comment       0x00000000000000be       0x13 /usr/local/m68k-elf/lib/libc.a(libc_a-vsprintf.o)
 .comment       0x00000000000000d1       0x13 /usr/local/m68k-elf/lib/libc.a(libc_a-strncmp.o)
 .comment       0x00000000000000e4       0x13 /usr/local/m68k-elf/lib/libc.a(libc_a-closer.o)
 .comment       0x00000000000000f7       0x13 /usr/local/m68k-elf/lib/libc.a(libc_a-reent.o)
 .comment       0x000000000000010a       0x13 /usr/local/m68k-elf/lib/libc.a(libc_a-impure.o)
 .comment       0x000000000000011d       0x13 /usr/local/m68k-elf/lib/libc.a(libc_a-lseekr.o)
 .comment       0x0000000000000130       0x13 /usr/local/m68k-elf/lib/libc.a(libc_a-readr.o)
 .comment       0x0000000000000143       0x13 /usr/local/m68k-elf/lib/libc.a(libc_a-writer.o)
 .comment       0x0000000000000156       0x13 /usr/local/m68k-elf/lib/libc.a(libc_a-strlen.o)
 .comment       0x0000000000000169       0x13 /usr/local/m68k-elf/lib/libc.a(libc_a-__call_atexit.o)
 .comment       0x000000000000017c       0x13 /usr/local/m68k-elf/lib/libc.a(libc_a-freer.o)
 .comment       0x000000000000018f       0x13 /usr/local/m68k-elf/lib/libc.a(libc_a-mallocr.o)
 .comment       0x00000000000001a2       0x13 /usr/local/m68k-elf/lib/libc.a(libc_a-mlock.o)
 .comment       0x00000000000001b5       0x13 /usr/local/m68k-elf/lib/libc.a(libc_a-svfprintf.o)
 .comment       0x00000000000001c8       0x13 /usr/local/m68k-elf/lib/libc.a(libc_a-fclose.o)
 .comment       0x00000000000001db       0x13 /usr/local/m68k-elf/lib/libc.a(libc_a-fflush.o)
 .comment       0x00000000000001ee       0x13 /usr/local/m68k-elf/lib/libc.a(libc_a-memchr.o)
 .comment       0x0000000000000201       0x13 /usr/local/m68k-elf/lib/libc.a(libc_a-localeconv.o)
 .comment       0x0000000000000214       0x13 /usr/local/m68k-elf/lib/libc.a(libc_a-sbrkr.o)
 .comment       0x0000000000000227       0x13 /usr/local/m68k-elf/lib/libc.a(libc_a-dtoa.o)
 .comment       0x000000000000023a       0x13 /usr/local/m68k-elf/lib/libc.a(libc_a-mprec.o)
 .comment       0x000000000000024d       0x13 /usr/local/m68k-elf/lib/libc.a(libc_a-svfiprintf.o)
 .comment       0x0000000000000260       0x13 /usr/local/m68k-elf/lib/libc.a(libc_a-memmove.o)
 .comment       0x0000000000000273       0x13 /usr/local/m68k-elf/lib/libc.a(libc_a-locale.o)
 .comment       0x0000000000000286       0x13 /usr/local/m68k-elf/lib/libc.a(libc_a-assert.o)
 .comment       0x0000000000000299       0x13 /usr/local/m68k-elf/lib/libc.a(libc_a-callocr.o)
 .comment       0x00000000000002ac       0x13 /usr/local/m68k-elf/lib/libc.a(libc_a-mbtowc_r.o)
 .comment       0x00000000000002bf       0x13 /usr/local/m68k-elf/lib/libc.a(libc_a-reallocr.o)
 .comment       0x00000000000002d2       0x13 /usr/local/m68k-elf/lib/libc.a(libc_a-wctomb_r.o)
 .comment       0x00000000000002e5       0x13 /usr/local/m68k-elf/lib/libc.a(libc_a-ctype_.o)
 .comment       0x00000000000002f8       0x13 /usr/local/m68k-elf/lib/libc.a(libc_a-fiprintf.o)
 .comment       0x000000000000030b       0x13 /usr/local/m68k-elf/lib/libc.a(libc_a-vfiprintf.o)
 .comment       0x000000000000031e       0x13 /usr/local/m68k-elf/lib/libc.a(libc_a-fvwrite.o)
 .comment       0x0000000000000331       0x13 /usr/local/m68k-elf/lib/libc.a(libc_a-wsetup.o)
 .comment       0x0000000000000344       0x13 /usr/local/m68k-elf/lib/libc.a(libc_a-fputwc.o)
 .comment       0x0000000000000357       0x13 /usr/local/m68k-elf/lib/libc.a(libc_a-strcmp.o)
 .comment       0x000000000000036a       0x13 /usr/local/m68k-elf/lib/libc.a(libc_a-errno.o)