Archive member included to satisfy reference by file (symbol)

/usr/local/m68k-elf/lib/libc.a(libc_a-exit.o)
                              crt0.o (exit)
/usr/local/m68k-elf/lib/libc.a(libc_a-findfp.o)
                              /usr/local/m68k-elf/lib/libc.a(libc_a-exit.o) (__stdio_exit_handler)
/usr/local/m68k-elf/lib/libc.a(libc_a-fwalk.o)
                              /usr/local/m68k-elf/lib/libc.a(libc_a-findfp.o) (_fwalk_sglue)
/usr/local/m68k-elf/lib/libc.a(libc_a-putchar.o)
                              test1.o (putchar)
/usr/local/m68k-elf/lib/libc.a(libc_a-puts.o)
                              test1.o (puts)
/usr/local/m68k-elf/lib/libc.a(libc_a-scanf.o)
                              test1.o (scanf)
/usr/local/m68k-elf/lib/libc.a(libc_a-stdio.o)
                              /usr/local/m68k-elf/lib/libc.a(libc_a-findfp.o) (__sread)
/usr/local/m68k-elf/lib/libc.a(libc_a-closer.o)
                              /usr/local/m68k-elf/lib/libc.a(libc_a-stdio.o) (_close_r)
/usr/local/m68k-elf/lib/libc.a(libc_a-reent.o)
                              /usr/local/m68k-elf/lib/libc.a(libc_a-closer.o) (errno)
/usr/local/m68k-elf/lib/libc.a(libc_a-impure.o)
                              /usr/local/m68k-elf/lib/libc.a(libc_a-putchar.o) (_impure_ptr)
/usr/local/m68k-elf/lib/libc.a(libc_a-lseekr.o)
                              /usr/local/m68k-elf/lib/libc.a(libc_a-stdio.o) (_lseek_r)
/usr/local/m68k-elf/lib/libc.a(libc_a-readr.o)
                              /usr/local/m68k-elf/lib/libc.a(libc_a-stdio.o) (_read_r)
/usr/local/m68k-elf/lib/libc.a(libc_a-writer.o)
                              /usr/local/m68k-elf/lib/libc.a(libc_a-stdio.o) (_write_r)
/usr/local/m68k-elf/lib/libc.a(libc_a-strlen.o)
                              /usr/local/m68k-elf/lib/libc.a(libc_a-puts.o) (strlen)
/usr/local/m68k-elf/lib/libc.a(libc_a-memset.o)
                              /usr/local/m68k-elf/lib/libc.a(libc_a-findfp.o) (memset)
/usr/local/m68k-elf/lib/libc.a(libc_a-__call_atexit.o)
                              /usr/local/m68k-elf/lib/libc.a(libc_a-exit.o) (__call_exitprocs)
/usr/local/m68k-elf/lib/libc.a(libc_a-freer.o)
                              /usr/local/m68k-elf/lib/libc.a(libc_a-reent.o) (_free_r)
/usr/local/m68k-elf/lib/libc.a(libc_a-mallocr.o)
                              /usr/local/m68k-elf/lib/libc.a(libc_a-findfp.o) (_malloc_r)
/usr/local/m68k-elf/lib/libc.a(libc_a-mlock.o)
                              /usr/local/m68k-elf/lib/libc.a(libc_a-freer.o) (__malloc_lock)
/usr/local/m68k-elf/lib/libc.a(libc_a-vfscanf.o)
                              /usr/local/m68k-elf/lib/libc.a(libc_a-scanf.o) (_vfscanf_r)
/usr/local/m68k-elf/lib/libc.a(libc_a-fclose.o)
                              /usr/local/m68k-elf/lib/libc.a(libc_a-findfp.o) (_fclose_r)
/usr/local/m68k-elf/lib/libc.a(libc_a-fflush.o)
                              /usr/local/m68k-elf/lib/libc.a(libc_a-fclose.o) (__sflush_r)
/usr/local/m68k-elf/lib/libc.a(libc_a-fread.o)
                              /usr/local/m68k-elf/lib/libc.a(libc_a-vfscanf.o) (_fread_r)
/usr/local/m68k-elf/lib/libc.a(libc_a-fvwrite.o)
                              /usr/local/m68k-elf/lib/libc.a(libc_a-puts.o) (__sfvwrite_r)
/usr/local/m68k-elf/lib/libc.a(libc_a-putc.o)
                              /usr/local/m68k-elf/lib/libc.a(libc_a-putchar.o) (_putc_r)
/usr/local/m68k-elf/lib/libc.a(libc_a-refill.o)
                              /usr/local/m68k-elf/lib/libc.a(libc_a-vfscanf.o) (__srefill_r)
/usr/local/m68k-elf/lib/libc.a(libc_a-sccl.o)
                              /usr/local/m68k-elf/lib/libc.a(libc_a-vfscanf.o) (__sccl)
/usr/local/m68k-elf/lib/libc.a(libc_a-sprintf.o)
                              /usr/local/m68k-elf/lib/libc.a(libc_a-vfscanf.o) (sprintf)
/usr/local/m68k-elf/lib/libc.a(libc_a-ungetc.o)
                              /usr/local/m68k-elf/lib/libc.a(libc_a-vfscanf.o) (_ungetc_r)
/usr/local/m68k-elf/lib/libc.a(libc_a-wbuf.o)
                              /usr/local/m68k-elf/lib/libc.a(libc_a-putc.o) (__swbuf_r)
/usr/local/m68k-elf/lib/libc.a(libc_a-wsetup.o)
                              /usr/local/m68k-elf/lib/libc.a(libc_a-fvwrite.o) (__swsetup_r)
/usr/local/m68k-elf/lib/libc.a(libc_a-memchr.o)
                              /usr/local/m68k-elf/lib/libc.a(libc_a-fvwrite.o) (memchr)
/usr/local/m68k-elf/lib/libc.a(libc_a-memmove.o)
                              /usr/local/m68k-elf/lib/libc.a(libc_a-fvwrite.o) (memmove)
/usr/local/m68k-elf/lib/libc.a(libc_a-locale.o)
                              /usr/local/m68k-elf/lib/libc.a(libc_a-vfscanf.o) (__locale_mb_cur_max)
/usr/local/m68k-elf/lib/libc.a(libc_a-localeconv.o)
                              /usr/local/m68k-elf/lib/libc.a(libc_a-vfscanf.o) (_localeconv_r)
/usr/local/m68k-elf/lib/libc.a(libc_a-sbrkr.o)
                              /usr/local/m68k-elf/lib/libc.a(libc_a-freer.o) (_sbrk_r)
/usr/local/m68k-elf/lib/libc.a(libc_a-memcpy.o)
                              /usr/local/m68k-elf/lib/libc.a(libc_a-fread.o) (memcpy)
[...]
Memory Configuration

Name             Origin             Length             Attributes
ram              0x0000000000000000 0x0000000000040000 xrw
rom0             0x0000000000c00000 0x0000000000080000
device           0x0000000000fff000 0x0000000000001000
*default*        0x0000000000000000 0xffffffffffffffff

Linker script and memory map

LOAD crt0.o
LOAD mon.o
LOAD inchrw.o
LOAD outchr.o
LOAD csys68k.o
LOAD test1.o
START GROUP
LOAD /usr/local/m68k-elf/lib/libidp.a
LOAD /usr/local/m68k-elf/lib/libc.a
LOAD /usr/local/lib/gcc/m68k-elf/11/libgcc.a
END GROUP
                0x0000000000000000                __DYNAMIC = 0x0
                0x000000000003fff0                PROVIDE (__stack = 0x3fff0)
                0x0000000000000000                PROVIDE (hardware_init_hook = 0x0)
                [!provide]                        PROVIDE (_hardware_init_hook = 0x0)
                0x0000000000000000                PROVIDE (software_init_hook = 0x0)
                [!provide]                        PROVIDE (_software_init_hook = 0x0)

.vector
 *(.vector)

.text           0x0000000000000400    0x112d8
                0x0000000000000400                __text_start = .
 *(.text)
 .text          0x0000000000000400       0x90 crt0.o
                0x000000000000043c                start
 .text          0x0000000000000490      0x378 mon.o
                0x0000000000000490                monitor_begin
 .text          0x0000000000000808       0x28 inchrw.o
                0x0000000000000808                inbyte
 .text          0x0000000000000830       0x28 outchr.o
                0x0000000000000830                outbyte
 .text          0x0000000000000858       0xe6 csys68k.o
                0x0000000000000858                read
                0x00000000000008e8                write
 *fill*         0x000000000000093e        0x2 
 .text          0x0000000000000940        0x0 test1.o
 .text          0x0000000000000940       0x28 /usr/local/m68k-elf/lib/libc.a(libc_a-exit.o)
                0x0000000000000940                exit
 .text          0x0000000000000968      0x362 /usr/local/m68k-elf/lib/libc.a(libc_a-findfp.o)
                0x0000000000000b68                __sfp
                0x0000000000000c76                __sinit
                0x0000000000000c96                __sfp_lock_acquire
                0x0000000000000c98                __sfp_lock_release
                0x0000000000000c9a                __fp_lock_all
                0x0000000000000cb2                __fp_unlock_all
 *fill*         0x0000000000000cca        0x2 
 .text          0x0000000000000ccc       0x56 /usr/local/m68k-elf/lib/libc.a(libc_a-fwalk.o)
                0x0000000000000ccc                _fwalk_sglue
 *fill*         0x0000000000000d22        0x2 
 .text          0x0000000000000d24       0x36 /usr/local/m68k-elf/lib/libc.a(libc_a-putchar.o)
                0x0000000000000d24                _putchar_r
                0x0000000000000d3e                putchar
 *fill*         0x0000000000000d5a        0x2 
 .text          0x0000000000000d5c       0xb6 /usr/local/m68k-elf/lib/libc.a(libc_a-puts.o)
                0x0000000000000d5c                _puts_r
                0x0000000000000e00                puts
 *fill*         0x0000000000000e12        0x2 
 .text          0x0000000000000e14       0x4a /usr/local/m68k-elf/lib/libc.a(libc_a-scanf.o)
                0x0000000000000e14                scanf
                0x0000000000000e3a                _scanf_r
 *fill*         0x0000000000000e5e        0x2 
 .text          0x0000000000000e60      0x114 /usr/local/m68k-elf/lib/libc.a(libc_a-stdio.o)
                0x0000000000000e60                __sread
                0x0000000000000e98                __seofread
                0x0000000000000e9c                __swrite
                0x0000000000000f22                __sseek
                0x0000000000000f62                __sclose
 .text          0x0000000000000f74       0x2a /usr/local/m68k-elf/lib/libc.a(libc_a-closer.o)
                0x0000000000000f74                _close_r
 *fill*         0x0000000000000f9e        0x2 
 .text          0x0000000000000fa0       0x92 /usr/local/m68k-elf/lib/libc.a(libc_a-reent.o)
                0x0000000000000fa0                _reclaim_reent
 *fill*         0x0000000000001032        0x2 
 .text          0x0000000000001034        0x0 /usr/local/m68k-elf/lib/libc.a(libc_a-impure.o)
 .text          0x0000000000001034       0x34 /usr/local/m68k-elf/lib/libc.a(libc_a-lseekr.o)
                0x0000000000001034                _lseek_r
 .text          0x0000000000001068       0x34 /usr/local/m68k-elf/lib/libc.a(libc_a-readr.o)
                0x0000000000001068                _read_r
 .text          0x000000000000109c       0x34 /usr/local/m68k-elf/lib/libc.a(libc_a-writer.o)
                0x000000000000109c                _write_r
 .text          0x00000000000010d0       0x14 /usr/local/m68k-elf/lib/libc.a(libc_a-strlen.o)
                0x00000000000010d0                strlen
 .text          0x00000000000010e4       0x72 /usr/local/m68k-elf/lib/libc.a(libc_a-memset.o)
                0x00000000000010e4                memset
 *fill*         0x0000000000001156        0x2 
 .text          0x0000000000001158       0xaa /usr/local/m68k-elf/lib/libc.a(libc_a-__call_atexit.o)
                0x0000000000001158                __call_exitprocs
 *fill*         0x0000000000001202        0x2 
 .text          0x0000000000001204      0x424 /usr/local/m68k-elf/lib/libc.a(libc_a-freer.o)
                0x0000000000001204                _malloc_trim_r
                0x00000000000012de                _free_r
 .text          0x0000000000001628      0x85a /usr/local/m68k-elf/lib/libc.a(libc_a-mallocr.o)
                0x0000000000001628                _malloc_r
 *fill*         0x0000000000001e82        0x2 
 .text          0x0000000000001e84        0x4 /usr/local/m68k-elf/lib/libc.a(libc_a-mlock.o)
                0x0000000000001e84                __malloc_lock
                0x0000000000001e86                __malloc_unlock
 .text          0x0000000000001e88     0x188c /usr/local/m68k-elf/lib/libc.a(libc_a-vfscanf.o)
                0x0000000000001e88                __svfscanf_r
                0x000000000000364c                vfscanf
                0x000000000000369e                __svfscanf
                0x00000000000036ba                _vfscanf_r
 .text          0x0000000000003714       0xea /usr/local/m68k-elf/lib/libc.a(libc_a-fclose.o)
                0x0000000000003714                _fclose_r
                0x00000000000037ec                fclose
 *fill*         0x00000000000037fe        0x2 
 .text          0x0000000000003800      0x296 /usr/local/m68k-elf/lib/libc.a(libc_a-fflush.o)
                0x0000000000003800                __sflush_r
                0x00000000000039e4                _fflush_r
                0x0000000000003a26                fflush
 *fill*         0x0000000000003a96        0x2 
 .text          0x0000000000003a98      0x1ee /usr/local/m68k-elf/lib/libc.a(libc_a-fread.o)
                0x0000000000003a98                _fread_r
                0x0000000000003c66                fread
 *fill*         0x0000000000003c86        0x2 
 .text          0x0000000000003c88      0x3cc /usr/local/m68k-elf/lib/libc.a(libc_a-fvwrite.o)
                0x0000000000003c88                __sfvwrite_r
 .text          0x0000000000004054       0xec /usr/local/m68k-elf/lib/libc.a(libc_a-putc.o)
                0x0000000000004054                _putc_r
                0x00000000000040cc                putc
 .text          0x0000000000004140      0x1fc /usr/local/m68k-elf/lib/libc.a(libc_a-refill.o)
                0x0000000000004168                __srefill_r
 .text          0x000000000000433c       0xce /usr/local/m68k-elf/lib/libc.a(libc_a-sccl.o)
                0x000000000000433c                __sccl
 *fill*         0x000000000000440a        0x2 
 .text          0x000000000000440c       0xa2 /usr/local/m68k-elf/lib/libc.a(libc_a-sprintf.o)
                0x000000000000440c                _sprintf_r
                0x000000000000445c                sprintf
 *fill*         0x00000000000044ae        0x2 
 .text          0x00000000000044b0      0x1fe /usr/local/m68k-elf/lib/libc.a(libc_a-ungetc.o)
                0x00000000000044b0                __submore
                0x0000000000004552                _ungetc_r
                0x0000000000004696                ungetc
 *fill*         0x00000000000046ae        0x2 
 .text          0x00000000000046b0      0x12a /usr/local/m68k-elf/lib/libc.a(libc_a-wbuf.o)
                0x00000000000046b0                __swbuf_r
                0x00000000000047c2                __swbuf
 *fill*         0x00000000000047da        0x2 
 .text          0x00000000000047dc      0x12a /usr/local/m68k-elf/lib/libc.a(libc_a-wsetup.o)
                0x00000000000047dc                __swsetup_r
 *fill*         0x0000000000004906        0x2 
 .text          0x0000000000004908       0x9c /usr/local/m68k-elf/lib/libc.a(libc_a-memchr.o)
                0x0000000000004908                memchr
 .text          0x00000000000049a4       0xfa /usr/local/m68k-elf/lib/libc.a(libc_a-memmove.o)
                0x00000000000049a4                memmove
 *fill*         0x0000000000004a9e        0x2 
 .text          0x0000000000004aa0       0xb4 /usr/local/m68k-elf/lib/libc.a(libc_a-locale.o)
                0x0000000000004aa0                _setlocale_r
                0x0000000000004af4                __locale_mb_cur_max
                0x0000000000004b00                setlocale
 .text          0x0000000000004b54       0x1c /usr/local/m68k-elf/lib/libc.a(libc_a-localeconv.o)
                0x0000000000004b54                __localeconv_l
                0x0000000000004b60                _localeconv_r
                0x0000000000004b68                localeconv
 .text          0x0000000000004b70       0x2a /usr/local/m68k-elf/lib/libc.a(libc_a-sbrkr.o)
                0x0000000000004b70                _sbrk_r
 *fill*         0x0000000000004b9a        0x2 
 .text          0x0000000000004b9c       0x6e /usr/local/m68k-elf/lib/libc.a(libc_a-memcpy.o)
                0x0000000000004b9c                memcpy
 *fill*         0x0000000000004c0a        0x2 
 .text          0x0000000000004c0c        0x8 /usr/local/m68k-elf/lib/libc.a(libm_a-sf_nan.o)
                0x0000000000004c0c                nanf
 .text          0x0000000000004c14       0x4c /usr/local/m68k-elf/lib/libc.a(libc_a-mbtowc_r.o)
                0x0000000000004c14                _mbtowc_r
                0x0000000000004c1c                __ascii_mbtowc
 .text          0x0000000000004c60      0x61a /usr/local/m68k-elf/lib/libc.a(libc_a-reallocr.o)
                0x0000000000004c60                _realloc_r
 *fill*         0x000000000000527a        0x2 
 .text          0x000000000000527c     0x1980 /usr/local/m68k-elf/lib/libc.a(libc_a-strtod.o)
                0x000000000000527c                _strtod_l
                0x00000000000069a2                _strtod_r
                0x00000000000069be                strtod_l
                0x00000000000069da                strtod
                0x00000000000069f8                strtof_l
                0x0000000000006af4                strtof
 .text          0x0000000000006bfc      0x2ba /usr/local/m68k-elf/lib/libc.a(libc_a-strtol.o)
                0x0000000000006e78                _strtol_r
                0x0000000000006e7c                strtol_l
                0x0000000000006e9a                strtol
 *fill*         0x0000000000006eb6        0x2 
 .text          0x0000000000006eb8      0x240 /usr/local/m68k-elf/lib/libc.a(libc_a-strtoul.o)
                0x00000000000070ba                _strtoul_r
                0x00000000000070be                strtoul_l
                0x00000000000070dc                strtoul
 .text          0x00000000000070f8       0x36 /usr/local/m68k-elf/lib/libc.a(libc_a-wctomb_r.o)
                0x00000000000070f8                _wctomb_r
                0x0000000000007100                __ascii_wctomb
 *fill*         0x000000000000712e        0x2 
 .text          0x0000000000007130       0xc8 /usr/local/m68k-elf/lib/libc.a(libc_a-mbrtowc.o)
                0x0000000000007130                _mbrtowc_r
                0x0000000000007192                mbrtowc
 .text          0x00000000000071f8        0x0 /usr/local/m68k-elf/lib/libc.a(libc_a-ctype_.o)
 .text          0x00000000000071f8       0x10 /usr/local/m68k-elf/lib/libc.a(libc_a-iswspace.o)
                0x00000000000071f8                iswspace
 .text          0x0000000000007208       0x26 /usr/local/m68k-elf/lib/libc.a(libc_a-iswspace_l.o)
                0x0000000000007208                iswspace_l
 *fill*         0x000000000000722e        0x2 
 .text          0x0000000000007230     0x1db0 /usr/local/m68k-elf/lib/libc.a(libc_a-svfprintf.o)
                0x0000000000007230                _svfprintf_r
 .text          0x0000000000008fe0      0x1d2 /usr/local/m68k-elf/lib/libc.a(libc_a-makebuf.o)
                0x0000000000008fe0                __smakebuf_r
                0x0000000000009116                __swhatbuf_r
 *fill*         0x00000000000091b2        0x2 
 .text          0x00000000000091b4       0x6e /usr/local/m68k-elf/lib/libc.a(libc_a-strcmp.o)
                0x00000000000091b4                strcmp
 *fill*         0x0000000000009222        0x2 
 .text          0x0000000000009224       0xa4 /usr/local/m68k-elf/lib/libc.a(libc_a-strncmp.o)
                0x0000000000009224                strncmp
 .text          0x00000000000092c8       0x2e /usr/local/m68k-elf/lib/libc.a(libc_a-fstatr.o)
                0x00000000000092c8                _fstat_r
 *fill*         0x00000000000092f6        0x2 
 .text          0x00000000000092f8       0x2a /usr/local/m68k-elf/lib/libc.a(libc_a-isattyr.o)
                0x00000000000092f8                _isatty_r
 *fill*         0x0000000000009322        0x2 
 .text          0x0000000000009324        0x8 /usr/local/m68k-elf/lib/libc.a(libc_a-errno.o)
                0x0000000000009324                __errno
 .text          0x000000000000932c        0xa /usr/local/m68k-elf/lib/libc.a(libm_a-s_nan.o)
                0x000000000000932c                nan
 *fill*         0x0000000000009336        0x2 
 .text          0x0000000000009338     0x1ae0 /usr/local/m68k-elf/lib/libc.a(libc_a-dtoa.o)
                0x00000000000094c0                _dtoa_r
 .text          0x000000000000ae18      0x8d0 /usr/local/m68k-elf/lib/libc.a(libc_a-gdtoa-gethex.o)
                0x000000000000aee6                __gethex
 .text          0x000000000000b6e8      0x268 /usr/local/m68k-elf/lib/libc.a(libc_a-gdtoa-hexnan.o)
                0x000000000000b6e8                __match
                0x000000000000b72e                __hexnan
 .text          0x000000000000b950      0xe1a /usr/local/m68k-elf/lib/libc.a(libc_a-mprec.o)
                0x000000000000b950                _Balloc
                0x000000000000b9e0                _Bfree
                0x000000000000ba04                __multadd
                0x000000000000bafe                __s2b
                0x000000000000bbda                __hi0bits
                0x000000000000bc34                __lo0bits
                0x000000000000bcaa                __i2b
                0x000000000000bd4e                __multiply
                0x000000000000bf5e                __pow5mult
                0x000000000000c056                __lshift
                0x000000000000c146                __mcmp
                0x000000000000c194                __mdiff
                0x000000000000c36a                __ulp
                0x000000000000c3bc                __b2d
                0x000000000000c4ae                __d2b
                0x000000000000c5c8                __ratio
                0x000000000000c660                _mprec_log10
                0x000000000000c6ba                __copybits
                0x000000000000c710                __any_on
 *fill*         0x000000000000c76a        0x2 
 .text          0x000000000000c76c      0xe32 /usr/local/m68k-elf/lib/libc.a(libc_a-svfiprintf.o)
                0x000000000000c76c                __ssprint_r
                0x000000000000c8cc                _svfiprintf_r
 *fill*         0x000000000000d59e        0x2 
 .text          0x000000000000d5a0       0x80 /usr/local/m68k-elf/lib/libc.a(libc_a-assert.o)
                0x000000000000d5a0                __assert_func
                0x000000000000d60e                __assert
 .text          0x000000000000d620      0x122 /usr/local/m68k-elf/lib/libc.a(libc_a-callocr.o)
                0x000000000000d620                _calloc_r
 *fill*         0x000000000000d742        0x2 
 .text          0x000000000000d744       0x46 /usr/local/m68k-elf/lib/libc.a(libc_a-fiprintf.o)
                0x000000000000d744                _fiprintf_r
                0x000000000000d766                fiprintf
 *fill*         0x000000000000d78a        0x2 
 .text          0x000000000000d78c     0x11c4 /usr/local/m68k-elf/lib/libc.a(libc_a-vfiprintf.o)
                0x000000000000d828                __sprint_r
                0x000000000000d852                _vfiprintf_r
                0x000000000000e892                vfiprintf
 .text          0x000000000000e950      0x166 /usr/local/m68k-elf/lib/libc.a(libc_a-fputwc.o)
                0x000000000000e950                __fputwc
                0x000000000000ea2e                _fputwc_r
                0x000000000000ea62                fputwc
 *fill*         0x000000000000eab6        0x2 
 .text          0x000000000000eab8       0x14 /usr/local/m68k-elf/lib/libc.a(libc_a-abort.o)
                0x000000000000eab8                abort
 .text          0x000000000000eacc       0xc8 /usr/local/m68k-elf/lib/libc.a(libc_a-wcrtomb.o)
                0x000000000000eacc                _wcrtomb_r
                0x000000000000eb2c                wcrtomb
 .text          0x000000000000eb94      0x390 /usr/local/m68k-elf/lib/libc.a(libc_a-signal.o)
                0x000000000000eb94                _init_signal_r
                0x000000000000ebd6                _signal_r
                0x000000000000ec42                _raise_r
                0x000000000000ecc6                __sigtramp_r
                0x000000000000ed58                raise
                0x000000000000edde                signal
                0x000000000000ee4c                _init_signal
                0x000000000000ee90                __sigtramp
 .text          0x000000000000ef24       0x34 /usr/local/m68k-elf/lib/libc.a(libc_a-signalr.o)
                0x000000000000ef24                _kill_r
                0x000000000000ef52                _getpid_r
 .text          0x000000000000ef58       0x22 /usr/local/lib/gcc/m68k-elf/11/libgcc.a(_mulsi3.o)
                0x000000000000ef58                __mulsi3
 *fill*         0x000000000000ef7a        0x2 
 .text          0x000000000000ef7c       0x5c /usr/local/lib/gcc/m68k-elf/11/libgcc.a(_udivsi3.o)
                0x000000000000ef7c                __udivsi3
 .text          0x000000000000efd8       0x2e /usr/local/lib/gcc/m68k-elf/11/libgcc.a(_divsi3.o)
                0x000000000000efd8                __divsi3
 *fill*         0x000000000000f006        0x2 
 .text          0x000000000000f008       0x2e /usr/local/lib/gcc/m68k-elf/11/libgcc.a(_umodsi3.o)
                0x000000000000f008                __umodsi3
 *fill*         0x000000000000f036        0x2 
 .text          0x000000000000f038       0x2e /usr/local/lib/gcc/m68k-elf/11/libgcc.a(_modsi3.o)
                0x000000000000f038                __modsi3
 *fill*         0x000000000000f066        0x2 
 .text          0x000000000000f068      0x9cc /usr/local/lib/gcc/m68k-elf/11/libgcc.a(_double.o)
                0x000000000000f0c2                __subdf3
                0x000000000000f0c8                __adddf3
                0x000000000000f45e                __muldf3
                0x000000000000f60c                __divdf3
                0x000000000000f880                __negdf2
                0x000000000000f8de                __cmpdf2_internal
                0x000000000000f9ae                __cmpdf2
 .text          0x000000000000fa34       0x6a /usr/local/lib/gcc/m68k-elf/11/libgcc.a(_floatex.o)
                0x000000000000fa34                __clear_sticky_bit
                0x000000000000fa42                $_exception_handler
 *fill*         0x000000000000fa9e        0x2 
 .text          0x000000000000faa0       0x22 /usr/local/lib/gcc/m68k-elf/11/libgcc.a(_eqdf2.o)
                0x000000000000faa0                __eqdf2
 *fill*         0x000000000000fac2        0x2 
 .text          0x000000000000fac4       0x22 /usr/local/lib/gcc/m68k-elf/11/libgcc.a(_nedf2.o)
                0x000000000000fac4                __nedf2
 *fill*         0x000000000000fae6        0x2 
 .text          0x000000000000fae8       0x22 /usr/local/lib/gcc/m68k-elf/11/libgcc.a(_gtdf2.o)
                0x000000000000fae8                __gtdf2
 *fill*         0x000000000000fb0a        0x2 
 .text          0x000000000000fb0c       0x22 /usr/local/lib/gcc/m68k-elf/11/libgcc.a(_ltdf2.o)
                0x000000000000fb0c                __ltdf2
 *fill*         0x000000000000fb2e        0x2 
 .text          0x000000000000fb30       0x22 /usr/local/lib/gcc/m68k-elf/11/libgcc.a(_ledf2.o)
                0x000000000000fb30                __ledf2
 *fill*         0x000000000000fb52        0x2 
 .text          0x000000000000fb54       0x1a /usr/local/lib/gcc/m68k-elf/11/libgcc.a(_lesf2.o)
                0x000000000000fb54                __lesf2
 *fill*         0x000000000000fb6e        0x2 
 .text          0x000000000000fb70       0x66 /usr/local/lib/gcc/m68k-elf/11/libgcc.a(_fixunsdfsi.o)
                0x000000000000fb70                __fixunsdfsi
 *fill*         0x000000000000fbd6        0x2 
 .text          0x000000000000fbd8       0x52 /usr/local/lib/gcc/m68k-elf/11/libgcc.a(_fixdfdi.o)
                0x000000000000fbd8                __fixdfdi
 *fill*         0x000000000000fc2a        0x2 
 .text          0x000000000000fc2c       0x72 /usr/local/lib/gcc/m68k-elf/11/libgcc.a(_fixunsdfdi.o)
                0x000000000000fc2c                __fixunsdfdi
 *fill*         0x000000000000fc9e        0x2 
 .text          0x000000000000fca0       0x4a /usr/local/lib/gcc/m68k-elf/11/libgcc.a(_floatdidf.o)
                0x000000000000fca0                __floatdidf
 *fill*         0x000000000000fcea        0x2 
 .text          0x000000000000fcec      0x53a /usr/local/lib/gcc/m68k-elf/11/libgcc.a(fpgnulib.o)
                0x000000000000fd9a                __unordsf2
                0x000000000000fdf0                __unorddf2
                0x000000000000fe60                __floatunsidf
                0x000000000000fed6                __floatsidf
                0x000000000000feea                __floatunsisf
                0x000000000000ff64                __floatsisf
                0x000000000000ff80                __extendsfdf2
                0x000000000000fff4                __truncdfsf2
                0x0000000000010102                __fixdfsi
                0x0000000000010192                __fixsfsi
 *fill*         0x0000000000010226        0x2 
 .text          0x0000000000010228      0x8c0 /usr/local/lib/gcc/m68k-elf/11/libgcc.a(xfgnulib.o)
                0x0000000000010228                __unordxf2
                0x00000000000102c8                __extenddfxf2
                0x000000000001037c                __truncxfdf2
                0x0000000000010444                __extendsfxf2
                0x00000000000104fe                __truncxfsf2
                0x00000000000105f8                __floatsixf
                0x000000000001063e                __floatunsixf
                0x0000000000010684                __fixxfsi
                0x00000000000106a6                __addxf3
                0x000000000001071c                __subxf3
                0x0000000000010792                __mulxf3
                0x0000000000010808                __divxf3
                0x000000000001087e                __negxf2
                0x00000000000108d4                __cmpxf2
                0x0000000000010920                __eqxf2
                0x000000000001096c                __nexf2
                0x00000000000109b8                __ltxf2
                0x0000000000010a04                __lexf2
                0x0000000000010a50                __gtxf2
                0x0000000000010a9c                __gexf2
 .text          0x0000000000010ae8      0x72a /usr/local/lib/gcc/m68k-elf/11/libgcc.a(_float.o)
                0x0000000000010b30                __subsf3
                0x0000000000010b36                __addsf3
                0x0000000000010dc4                __mulsf3
                0x0000000000010ef0                __divsf3
                0x00000000000110b6                __negsf2
                0x0000000000011108                __cmpsf2_internal
                0x00000000000111a4                __cmpsf2
 *fill*         0x0000000000011212        0x2 
 .text          0x0000000000011214       0x22 /usr/local/lib/gcc/m68k-elf/11/libgcc.a(_gedf2.o)
                0x0000000000011214                __gedf2
 *fill*         0x0000000000011236        0x2 
 .text          0x0000000000011238        0x4 /usr/local/m68k-elf/lib/libidp.a(close.o)
                0x0000000000011238                close
 .text          0x000000000001123c       0x14 /usr/local/m68k-elf/lib/libidp.a(fstat.o)
                0x000000000001123c                fstat
 .text          0x0000000000011250        0x4 /usr/local/m68k-elf/lib/libidp.a(getpid.o)
                0x0000000000011250                getpid
 .text          0x0000000000011254        0x4 /usr/local/m68k-elf/lib/libidp.a(isatty.o)
                0x0000000000011254                isatty
 .text          0x0000000000011258       0x16 /usr/local/m68k-elf/lib/libidp.a(kill.o)
                0x0000000000011258                kill
 *fill*         0x000000000001126e        0x2 
 .text          0x0000000000011270       0x10 /usr/local/m68k-elf/lib/libidp.a(lseek.o)
                0x0000000000011270                lseek
 .text          0x0000000000011280       0x2a /usr/local/m68k-elf/lib/libidp.a(sbrk.o)
                0x0000000000011280                sbrk
 *fill*         0x00000000000112aa        0x2 
 .text          0x00000000000112ac       0x12 /usr/local/m68k-elf/lib/libidp.a(mc68ec.o)
                0x00000000000112ac                _exit
                0x00000000000112b0                delay
                0x00000000000112c0                . = ALIGN (0x4)
 *fill*         0x00000000000112be        0x2 
                0x00000000000112c0                __CTOR_LIST__ = .
                0x00000000000112c0                ___CTOR_LIST__ = .
                0x00000000000112c0        0x4 LONG 0x0 (((__CTOR_END__ - __CTOR_LIST__) / 0x4) - 0x2)
 *(.ctors)
                0x00000000000112c4        0x4 LONG 0x0
                0x00000000000112c8                __CTOR_END__ = .
                0x00000000000112c8                __DTOR_LIST__ = .
                0x00000000000112c8                ___DTOR_LIST__ = .
                0x00000000000112c8        0x4 LONG 0x0 (((__DTOR_END__ - __DTOR_LIST__) / 0x4) - 0x2)
 *(.dtors)
                0x00000000000112cc        0x4 LONG 0x0
                0x00000000000112d0                __DTOR_END__ = .
 *(.rodata)
 .rodata        0x00000000000112d0       0x22 /usr/local/m68k-elf/lib/libc.a(libc_a-vfscanf.o)
 .rodata        0x00000000000112f2       0x50 /usr/local/m68k-elf/lib/libc.a(libc_a-strtod.o)
 .rodata        0x0000000000011342      0x101 /usr/local/m68k-elf/lib/libc.a(libc_a-ctype_.o)
                0x0000000000011342                _ctype_
 .rodata        0x0000000000011443       0x20 /usr/local/m68k-elf/lib/libc.a(libc_a-svfprintf.o)
 .rodata        0x0000000000011463      0x100 /usr/local/m68k-elf/lib/libc.a(libc_a-gdtoa-gethex.o)
                0x0000000000011463                __hexdig
 *fill*         0x0000000000011563        0x1 
 .rodata        0x0000000000011564      0x124 /usr/local/m68k-elf/lib/libc.a(libc_a-mprec.o)
                0x0000000000011570                __mprec_tinytens
                0x0000000000011598                __mprec_bigtens
                0x00000000000115c0                __mprec_tens
 .rodata        0x0000000000011688       0x20 /usr/local/m68k-elf/lib/libc.a(libc_a-svfiprintf.o)
 .rodata        0x00000000000116a8       0x20 /usr/local/m68k-elf/lib/libc.a(libc_a-vfiprintf.o)
 *(.gcc_except_table)
                0x00000000000116c8                __INIT_SECTION__ = .
                0x00000000000116c8        0x4 LONG 0x4e560000
 *(.init)
                0x00000000000116cc        0x2 SHORT 0x4e5e
                0x00000000000116ce        0x2 SHORT 0x4e75
                0x00000000000116d0                __FINI_SECTION__ = .
                0x00000000000116d0        0x4 LONG 0x4e560000
 *(.fini)
                0x00000000000116d4        0x2 SHORT 0x4e5e
                0x00000000000116d6        0x2 SHORT 0x4e75
                0x00000000000116d8                _etext = .
 *(.lit)

.text.startup   0x00000000000116d8       0x64
 .text.startup  0x00000000000116d8       0x64 test1.o
                0x00000000000116d8                main

.rodata.str1.1  0x000000000001173c      0x1f7
 .rodata.str1.1
                0x000000000001173c       0x12 test1.o
 .rodata.str1.1
                0x000000000001174e        0x2 /usr/local/m68k-elf/lib/libc.a(libc_a-puts.o)
 .rodata.str1.1
                0x0000000000011750        0x6 /usr/local/m68k-elf/lib/libc.a(libc_a-vfscanf.o)
 .rodata.str1.1
                0x0000000000011756        0xb /usr/local/m68k-elf/lib/libc.a(libc_a-locale.o)
 .rodata.str1.1
                0x0000000000011761        0xf /usr/local/m68k-elf/lib/libc.a(libc_a-strtod.o)
 .rodata.str1.1
                0x0000000000011770        0x1 /usr/local/m68k-elf/lib/libc.a(libc_a-mbrtowc.o)
 .rodata.str1.1
                0x0000000000011771       0x3b /usr/local/m68k-elf/lib/libc.a(libc_a-svfprintf.o)
 .rodata.str1.1
                0x00000000000117ac       0x59 /usr/local/m68k-elf/lib/libc.a(libc_a-dtoa.o)
 .rodata.str1.1
                0x0000000000011805       0x54 /usr/local/m68k-elf/lib/libc.a(libc_a-gdtoa-gethex.o)
 .rodata.str1.1
                0x0000000000011859       0x4b /usr/local/m68k-elf/lib/libc.a(libc_a-mprec.o)
 .rodata.str1.1
                0x00000000000118a4       0x29 /usr/local/m68k-elf/lib/libc.a(libc_a-svfiprintf.o)
 .rodata.str1.1
                0x00000000000118cd       0x3d /usr/local/m68k-elf/lib/libc.a(libc_a-assert.o)
 .rodata.str1.1
                0x000000000001190a       0x29 /usr/local/m68k-elf/lib/libc.a(libc_a-vfiprintf.o)

.data           0x0000000000011934      0x6cc
 *(.shdata)
 *(.data)
 .data          0x0000000000011934        0x4 crt0.o
 .data          0x0000000000011938        0xa mon.o
 *fill*         0x0000000000011942        0x2 
 .data          0x0000000000011944        0x0 inchrw.o
 .data          0x0000000000011944        0x0 outchr.o
 .data          0x0000000000011944        0x0 csys68k.o
 .data          0x0000000000011944        0x0 test1.o
 .data          0x0000000000011944        0x0 /usr/local/m68k-elf/lib/libc.a(libc_a-exit.o)
 .data          0x0000000000011944        0xc /usr/local/m68k-elf/lib/libc.a(libc_a-findfp.o)
                0x0000000000011944                __sglue
 .data          0x0000000000011950        0x0 /usr/local/m68k-elf/lib/libc.a(libc_a-fwalk.o)
 .data          0x0000000000011950        0x0 /usr/local/m68k-elf/lib/libc.a(libc_a-putchar.o)
 .data          0x0000000000011950        0x0 /usr/local/m68k-elf/lib/libc.a(libc_a-puts.o)
 .data          0x0000000000011950        0x0 /usr/local/m68k-elf/lib/libc.a(libc_a-scanf.o)
 .data          0x0000000000011950        0x0 /usr/local/m68k-elf/lib/libc.a(libc_a-stdio.o)
 .data          0x0000000000011950        0x0 /usr/local/m68k-elf/lib/libc.a(libc_a-closer.o)
 .data          0x0000000000011950        0x0 /usr/local/m68k-elf/lib/libc.a(libc_a-reent.o)
 .data          0x0000000000011950      0x11a /usr/local/m68k-elf/lib/libc.a(libc_a-impure.o)
                0x0000000000011950                _impure_ptr
                0x0000000000011954                _impure_data
 *fill*         0x0000000000011a6a        0x2 
 .data          0x0000000000011a6c        0x0 /usr/local/m68k-elf/lib/libc.a(libc_a-lseekr.o)
 .data          0x0000000000011a6c        0x0 /usr/local/m68k-elf/lib/libc.a(libc_a-readr.o)
 .data          0x0000000000011a6c        0x0 /usr/local/m68k-elf/lib/libc.a(libc_a-writer.o)
 .data          0x0000000000011a6c        0x0 /usr/local/m68k-elf/lib/libc.a(libc_a-strlen.o)
 .data          0x0000000000011a6c        0x0 /usr/local/m68k-elf/lib/libc.a(libc_a-memset.o)
 .data          0x0000000000011a6c        0x0 /usr/local/m68k-elf/lib/libc.a(libc_a-__call_atexit.o)
 .data          0x0000000000011a6c        0x0 /usr/local/m68k-elf/lib/libc.a(libc_a-freer.o)
 .data          0x0000000000011a6c      0x410 /usr/local/m68k-elf/lib/libc.a(libc_a-mallocr.o)
                0x0000000000011a6c                __malloc_sbrk_base
                0x0000000000011a70                __malloc_trim_threshold
                0x0000000000011a74                __malloc_av_
 .data          0x0000000000011e7c        0x0 /usr/local/m68k-elf/lib/libc.a(libc_a-mlock.o)
 .data          0x0000000000011e7c        0x0 /usr/local/m68k-elf/lib/libc.a(libc_a-vfscanf.o)
 .data          0x0000000000011e7c        0x0 /usr/local/m68k-elf/lib/libc.a(libc_a-fclose.o)
 .data          0x0000000000011e7c        0x0 /usr/local/m68k-elf/lib/libc.a(libc_a-fflush.o)
 .data          0x0000000000011e7c        0x0 /usr/local/m68k-elf/lib/libc.a(libc_a-fread.o)
 .data          0x0000000000011e7c        0x0 /usr/local/m68k-elf/lib/libc.a(libc_a-fvwrite.o)
 .data          0x0000000000011e7c        0x0 /usr/local/m68k-elf/lib/libc.a(libc_a-putc.o)
 .data          0x0000000000011e7c        0x0 /usr/local/m68k-elf/lib/libc.a(libc_a-refill.o)
 .data          0x0000000000011e7c        0x0 /usr/local/m68k-elf/lib/libc.a(libc_a-sccl.o)
 .data          0x0000000000011e7c        0x0 /usr/local/m68k-elf/lib/libc.a(libc_a-sprintf.o)
 .data          0x0000000000011e7c        0x0 /usr/local/m68k-elf/lib/libc.a(libc_a-ungetc.o)
 .data          0x0000000000011e7c        0x0 /usr/local/m68k-elf/lib/libc.a(libc_a-wbuf.o)
 .data          0x0000000000011e7c        0x0 /usr/local/m68k-elf/lib/libc.a(libc_a-wsetup.o)
 .data          0x0000000000011e7c        0x0 /usr/local/m68k-elf/lib/libc.a(libc_a-memchr.o)
 .data          0x0000000000011e7c        0x0 /usr/local/m68k-elf/lib/libc.a(libc_a-memmove.o)
 .data          0x0000000000011e7c      0x168 /usr/local/m68k-elf/lib/libc.a(libc_a-locale.o)
                0x0000000000011e7c                __global_locale
 .data          0x0000000000011fe4        0x0 /usr/local/m68k-elf/lib/libc.a(libc_a-localeconv.o)
 .data          0x0000000000011fe4        0x0 /usr/local/m68k-elf/lib/libc.a(libc_a-sbrkr.o)
 .data          0x0000000000011fe4        0x0 /usr/local/m68k-elf/lib/libc.a(libc_a-memcpy.o)
 .data          0x0000000000011fe4        0x0 /usr/local/m68k-elf/lib/libc.a(libm_a-sf_nan.o)
 .data          0x0000000000011fe4        0x0 /usr/local/m68k-elf/lib/libc.a(libc_a-mbtowc_r.o)
 .data          0x0000000000011fe4        0x0 /usr/local/m68k-elf/lib/libc.a(libc_a-reallocr.o)
 .data          0x0000000000011fe4        0x0 /usr/local/m68k-elf/lib/libc.a(libc_a-strtod.o)
 .data          0x0000000000011fe4        0x0 /usr/local/m68k-elf/lib/libc.a(libc_a-strtol.o)
 .data          0x0000000000011fe4        0x0 /usr/local/m68k-elf/lib/libc.a(libc_a-strtoul.o)
 .data          0x0000000000011fe4        0x0 /usr/local/m68k-elf/lib/libc.a(libc_a-wctomb_r.o)
 .data          0x0000000000011fe4        0x0 /usr/local/m68k-elf/lib/libc.a(libc_a-mbrtowc.o)
 .data          0x0000000000011fe4        0x0 /usr/local/m68k-elf/lib/libc.a(libc_a-ctype_.o)
 .data          0x0000000000011fe4        0x0 /usr/local/m68k-elf/lib/libc.a(libc_a-iswspace.o)
 .data          0x0000000000011fe4        0x0 /usr/local/m68k-elf/lib/libc.a(libc_a-iswspace_l.o)
 .data          0x0000000000011fe4        0x0 /usr/local/m68k-elf/lib/libc.a(libc_a-svfprintf.o)
 .data          0x0000000000011fe4        0x0 /usr/local/m68k-elf/lib/libc.a(libc_a-makebuf.o)
 .data          0x0000000000011fe4        0x0 /usr/local/m68k-elf/lib/libc.a(libc_a-strcmp.o)
 .data          0x0000000000011fe4        0x0 /usr/local/m68k-elf/lib/libc.a(libc_a-strncmp.o)
 .data          0x0000000000011fe4        0x0 /usr/local/m68k-elf/lib/libc.a(libc_a-fstatr.o)
 .data          0x0000000000011fe4        0x0 /usr/local/m68k-elf/lib/libc.a(libc_a-isattyr.o)
 .data          0x0000000000011fe4        0x0 /usr/local/m68k-elf/lib/libc.a(libc_a-errno.o)
 .data          0x0000000000011fe4        0x0 /usr/local/m68k-elf/lib/libc.a(libm_a-s_nan.o)
 .data          0x0000000000011fe4        0x0 /usr/local/m68k-elf/lib/libc.a(libc_a-dtoa.o)
 .data          0x0000000000011fe4        0x0 /usr/local/m68k-elf/lib/libc.a(libc_a-gdtoa-gethex.o)
 .data          0x0000000000011fe4        0x0 /usr/local/m68k-elf/lib/libc.a(libc_a-gdtoa-hexnan.o)
 .data          0x0000000000011fe4        0x0 /usr/local/m68k-elf/lib/libc.a(libc_a-mprec.o)
 .data          0x0000000000011fe4        0x0 /usr/local/m68k-elf/lib/libc.a(libc_a-svfiprintf.o)
 .data          0x0000000000011fe4        0x0 /usr/local/m68k-elf/lib/libc.a(libc_a-assert.o)
 .data          0x0000000000011fe4        0x0 /usr/local/m68k-elf/lib/libc.a(libc_a-callocr.o)
 .data          0x0000000000011fe4        0x0 /usr/local/m68k-elf/lib/libc.a(libc_a-fiprintf.o)
 .data          0x0000000000011fe4        0x0 /usr/local/m68k-elf/lib/libc.a(libc_a-vfiprintf.o)
 .data          0x0000000000011fe4        0x0 /usr/local/m68k-elf/lib/libc.a(libc_a-fputwc.o)
 .data          0x0000000000011fe4        0x0 /usr/local/m68k-elf/lib/libc.a(libc_a-abort.o)
 .data          0x0000000000011fe4        0x0 /usr/local/m68k-elf/lib/libc.a(libc_a-wcrtomb.o)
 .data          0x0000000000011fe4        0x0 /usr/local/m68k-elf/lib/libc.a(libc_a-signal.o)
 .data          0x0000000000011fe4        0x0 /usr/local/m68k-elf/lib/libc.a(libc_a-signalr.o)
 .data          0x0000000000011fe4        0x0 /usr/local/lib/gcc/m68k-elf/11/libgcc.a(_mulsi3.o)
 .data          0x0000000000011fe4        0x0 /usr/local/lib/gcc/m68k-elf/11/libgcc.a(_udivsi3.o)
 .data          0x0000000000011fe4        0x0 /usr/local/lib/gcc/m68k-elf/11/libgcc.a(_divsi3.o)
 .data          0x0000000000011fe4        0x0 /usr/local/lib/gcc/m68k-elf/11/libgcc.a(_umodsi3.o)
 .data          0x0000000000011fe4        0x0 /usr/local/lib/gcc/m68k-elf/11/libgcc.a(_modsi3.o)
 .data          0x0000000000011fe4        0x0 /usr/local/lib/gcc/m68k-elf/11/libgcc.a(_double.o)
 .data          0x0000000000011fe4       0x1c /usr/local/lib/gcc/m68k-elf/11/libgcc.a(_floatex.o)
                0x0000000000011fe4                _fpCCR
 .data          0x0000000000012000        0x0 /usr/local/lib/gcc/m68k-elf/11/libgcc.a(_eqdf2.o)
 .data          0x0000000000012000        0x0 /usr/local/lib/gcc/m68k-elf/11/libgcc.a(_nedf2.o)
 .data          0x0000000000012000        0x0 /usr/local/lib/gcc/m68k-elf/11/libgcc.a(_gtdf2.o)
 .data          0x0000000000012000        0x0 /usr/local/lib/gcc/m68k-elf/11/libgcc.a(_ltdf2.o)
 .data          0x0000000000012000        0x0 /usr/local/lib/gcc/m68k-elf/11/libgcc.a(_ledf2.o)
 .data          0x0000000000012000        0x0 /usr/local/lib/gcc/m68k-elf/11/libgcc.a(_lesf2.o)
 .data          0x0000000000012000        0x0 /usr/local/lib/gcc/m68k-elf/11/libgcc.a(_fixunsdfsi.o)
 .data          0x0000000000012000        0x0 /usr/local/lib/gcc/m68k-elf/11/libgcc.a(_fixdfdi.o)
 .data          0x0000000000012000        0x0 /usr/local/lib/gcc/m68k-elf/11/libgcc.a(_fixunsdfdi.o)
 .data          0x0000000000012000        0x0 /usr/local/lib/gcc/m68k-elf/11/libgcc.a(_floatdidf.o)
 .data          0x0000000000012000        0x0 /usr/local/lib/gcc/m68k-elf/11/libgcc.a(fpgnulib.o)
 .data          0x0000000000012000        0x0 /usr/local/lib/gcc/m68k-elf/11/libgcc.a(xfgnulib.o)
 .data          0x0000000000012000        0x0 /usr/local/lib/gcc/m68k-elf/11/libgcc.a(_float.o)
 .data          0x0000000000012000        0x0 /usr/local/lib/gcc/m68k-elf/11/libgcc.a(_gedf2.o)
 .data          0x0000000000012000        0x0 /usr/local/m68k-elf/lib/libidp.a(close.o)
 .data          0x0000000000012000        0x0 /usr/local/m68k-elf/lib/libidp.a(fstat.o)
 .data          0x0000000000012000        0x0 /usr/local/m68k-elf/lib/libidp.a(getpid.o)
 .data          0x0000000000012000        0x0 /usr/local/m68k-elf/lib/libidp.a(isatty.o)
 .data          0x0000000000012000        0x0 /usr/local/m68k-elf/lib/libidp.a(kill.o)
 .data          0x0000000000012000        0x0 /usr/local/m68k-elf/lib/libidp.a(lseek.o)
 .data          0x0000000000012000        0x0 /usr/local/m68k-elf/lib/libidp.a(sbrk.o)
 .data          0x0000000000012000        0x0 /usr/local/m68k-elf/lib/libidp.a(mc68ec.o)
                0x0000000000012000                _edata = .

.bss            0x0000000000012000     0x84a0
                0x0000000000012000                . = ALIGN (0x4)
                0x0000000000012000                __bss_start = .
 *(.shbss)
 *(.bss)
 .bss           0x0000000000012000        0x0 crt0.o
 .bss           0x0000000000012000     0x8318 mon.o
 .bss           0x000000000001a318        0x2 inchrw.o
 *fill*         0x000000000001a31a        0x2 
 .bss           0x000000000001a31c        0x2 outchr.o
 *fill*         0x000000000001a31e        0x2 
 .bss           0x000000000001a320        0x0 csys68k.o
 .bss           0x000000000001a320        0x0 test1.o
 .bss           0x000000000001a320        0x0 /usr/local/m68k-elf/lib/libc.a(libc_a-exit.o)
 .bss           0x000000000001a320      0x13c /usr/local/m68k-elf/lib/libc.a(libc_a-findfp.o)
                0x000000000001a320                __sf
                0x000000000001a458                __stdio_exit_handler
 .bss           0x000000000001a45c        0x0 /usr/local/m68k-elf/lib/libc.a(libc_a-fwalk.o)
 .bss           0x000000000001a45c        0x0 /usr/local/m68k-elf/lib/libc.a(libc_a-putchar.o)
 .bss           0x000000000001a45c        0x0 /usr/local/m68k-elf/lib/libc.a(libc_a-puts.o)
 .bss           0x000000000001a45c        0x0 /usr/local/m68k-elf/lib/libc.a(libc_a-scanf.o)
 .bss           0x000000000001a45c        0x0 /usr/local/m68k-elf/lib/libc.a(libc_a-stdio.o)
 .bss           0x000000000001a45c        0x0 /usr/local/m68k-elf/lib/libc.a(libc_a-closer.o)
 .bss           0x000000000001a45c        0x4 /usr/local/m68k-elf/lib/libc.a(libc_a-reent.o)
                0x000000000001a45c                errno
 .bss           0x000000000001a460        0x0 /usr/local/m68k-elf/lib/libc.a(libc_a-impure.o)
 .bss           0x000000000001a460        0x0 /usr/local/m68k-elf/lib/libc.a(libc_a-lseekr.o)
 .bss           0x000000000001a460        0x0 /usr/local/m68k-elf/lib/libc.a(libc_a-readr.o)
 .bss           0x000000000001a460        0x0 /usr/local/m68k-elf/lib/libc.a(libc_a-writer.o)
 .bss           0x000000000001a460        0x0 /usr/local/m68k-elf/lib/libc.a(libc_a-strlen.o)
 .bss           0x000000000001a460        0x0 /usr/local/m68k-elf/lib/libc.a(libc_a-memset.o)
 .bss           0x000000000001a460        0x4 /usr/local/m68k-elf/lib/libc.a(libc_a-__call_atexit.o)
                0x000000000001a460                __atexit
 .bss           0x000000000001a464        0x0 /usr/local/m68k-elf/lib/libc.a(libc_a-freer.o)
 .bss           0x000000000001a464       0x34 /usr/local/m68k-elf/lib/libc.a(libc_a-mallocr.o)
                0x000000000001a464                __malloc_current_mallinfo
                0x000000000001a48c                __malloc_max_total_mem
                0x000000000001a490                __malloc_max_sbrked_mem
                0x000000000001a494                __malloc_top_pad
 .bss           0x000000000001a498        0x0 /usr/local/m68k-elf/lib/libc.a(libc_a-mlock.o)
 .bss           0x000000000001a498        0x0 /usr/local/m68k-elf/lib/libc.a(libc_a-vfscanf.o)
 .bss           0x000000000001a498        0x0 /usr/local/m68k-elf/lib/libc.a(libc_a-fclose.o)
 .bss           0x000000000001a498        0x0 /usr/local/m68k-elf/lib/libc.a(libc_a-fflush.o)
 .bss           0x000000000001a498        0x0 /usr/local/m68k-elf/lib/libc.a(libc_a-fread.o)
 .bss           0x000000000001a498        0x0 /usr/local/m68k-elf/lib/libc.a(libc_a-fvwrite.o)
 .bss           0x000000000001a498        0x0 /usr/local/m68k-elf/lib/libc.a(libc_a-putc.o)
 .bss           0x000000000001a498        0x0 /usr/local/m68k-elf/lib/libc.a(libc_a-refill.o)
 .bss           0x000000000001a498        0x0 /usr/local/m68k-elf/lib/libc.a(libc_a-sccl.o)
 .bss           0x000000000001a498        0x0 /usr/local/m68k-elf/lib/libc.a(libc_a-sprintf.o)
 .bss           0x000000000001a498        0x0 /usr/local/m68k-elf/lib/libc.a(libc_a-ungetc.o)
 .bss           0x000000000001a498        0x0 /usr/local/m68k-elf/lib/libc.a(libc_a-wbuf.o)
 .bss           0x000000000001a498        0x0 /usr/local/m68k-elf/lib/libc.a(libc_a-wsetup.o)
 .bss           0x000000000001a498        0x0 /usr/local/m68k-elf/lib/libc.a(libc_a-memchr.o)
 .bss           0x000000000001a498        0x0 /usr/local/m68k-elf/lib/libc.a(libc_a-memmove.o)
 .bss           0x000000000001a498        0x4 /usr/local/m68k-elf/lib/libc.a(libc_a-locale.o)
                0x000000000001a498                _PathLocale
 .bss           0x000000000001a49c        0x0 /usr/local/m68k-elf/lib/libc.a(libc_a-localeconv.o)
 .bss           0x000000000001a49c        0x0 /usr/local/m68k-elf/lib/libc.a(libc_a-sbrkr.o)
 .bss           0x000000000001a49c        0x0 /usr/local/m68k-elf/lib/libc.a(libc_a-memcpy.o)
 .bss           0x000000000001a49c        0x0 /usr/local/m68k-elf/lib/libc.a(libm_a-sf_nan.o)
 .bss           0x000000000001a49c        0x0 /usr/local/m68k-elf/lib/libc.a(libc_a-mbtowc_r.o)
 .bss           0x000000000001a49c        0x0 /usr/local/m68k-elf/lib/libc.a(libc_a-reallocr.o)
 .bss           0x000000000001a49c        0x0 /usr/local/m68k-elf/lib/libc.a(libc_a-strtod.o)
 .bss           0x000000000001a49c        0x0 /usr/local/m68k-elf/lib/libc.a(libc_a-strtol.o)
 .bss           0x000000000001a49c        0x0 /usr/local/m68k-elf/lib/libc.a(libc_a-strtoul.o)
 .bss           0x000000000001a49c        0x0 /usr/local/m68k-elf/lib/libc.a(libc_a-wctomb_r.o)
 .bss           0x000000000001a49c        0x0 /usr/local/m68k-elf/lib/libc.a(libc_a-mbrtowc.o)
 .bss           0x000000000001a49c        0x0 /usr/local/m68k-elf/lib/libc.a(libc_a-ctype_.o)
 .bss           0x000000000001a49c        0x0 /usr/local/m68k-elf/lib/libc.a(libc_a-iswspace.o)
 .bss           0x000000000001a49c        0x0 /usr/local/m68k-elf/lib/libc.a(libc_a-iswspace_l.o)
 .bss           0x000000000001a49c        0x0 /usr/local/m68k-elf/lib/libc.a(libc_a-svfprintf.o)
 .bss           0x000000000001a49c        0x0 /usr/local/m68k-elf/lib/libc.a(libc_a-makebuf.o)
 .bss           0x000000000001a49c        0x0 /usr/local/m68k-elf/lib/libc.a(libc_a-strcmp.o)
 .bss           0x000000000001a49c        0x0 /usr/local/m68k-elf/lib/libc.a(libc_a-strncmp.o)
 .bss           0x000000000001a49c        0x0 /usr/local/m68k-elf/lib/libc.a(libc_a-fstatr.o)
 .bss           0x000000000001a49c        0x0 /usr/local/m68k-elf/lib/libc.a(libc_a-isattyr.o)
 .bss           0x000000000001a49c        0x0 /usr/local/m68k-elf/lib/libc.a(libc_a-errno.o)
 .bss           0x000000000001a49c        0x0 /usr/local/m68k-elf/lib/libc.a(libm_a-s_nan.o)
 .bss           0x000000000001a49c        0x0 /usr/local/m68k-elf/lib/libc.a(libc_a-dtoa.o)
 .bss           0x000000000001a49c        0x0 /usr/local/m68k-elf/lib/libc.a(libc_a-gdtoa-gethex.o)
 .bss           0x000000000001a49c        0x0 /usr/local/m68k-elf/lib/libc.a(libc_a-gdtoa-hexnan.o)
 .bss           0x000000000001a49c        0x0 /usr/local/m68k-elf/lib/libc.a(libc_a-mprec.o)
 .bss           0x000000000001a49c        0x0 /usr/local/m68k-elf/lib/libc.a(libc_a-svfiprintf.o)
 .bss           0x000000000001a49c        0x0 /usr/local/m68k-elf/lib/libc.a(libc_a-assert.o)
 .bss           0x000000000001a49c        0x0 /usr/local/m68k-elf/lib/libc.a(libc_a-callocr.o)
 .bss           0x000000000001a49c        0x0 /usr/local/m68k-elf/lib/libc.a(libc_a-fiprintf.o)
 .bss           0x000000000001a49c        0x0 /usr/local/m68k-elf/lib/libc.a(libc_a-vfiprintf.o)
 .bss           0x000000000001a49c        0x0 /usr/local/m68k-elf/lib/libc.a(libc_a-fputwc.o)
 .bss           0x000000000001a49c        0x0 /usr/local/m68k-elf/lib/libc.a(libc_a-abort.o)
 .bss           0x000000000001a49c        0x0 /usr/local/m68k-elf/lib/libc.a(libc_a-wcrtomb.o)
 .bss           0x000000000001a49c        0x0 /usr/local/m68k-elf/lib/libc.a(libc_a-signal.o)
 .bss           0x000000000001a49c        0x0 /usr/local/m68k-elf/lib/libc.a(libc_a-signalr.o)
 .bss           0x000000000001a49c        0x0 /usr/local/lib/gcc/m68k-elf/11/libgcc.a(_mulsi3.o)
 .bss           0x000000000001a49c        0x0 /usr/local/lib/gcc/m68k-elf/11/libgcc.a(_udivsi3.o)
 .bss           0x000000000001a49c        0x0 /usr/local/lib/gcc/m68k-elf/11/libgcc.a(_divsi3.o)
 .bss           0x000000000001a49c        0x0 /usr/local/lib/gcc/m68k-elf/11/libgcc.a(_umodsi3.o)
 .bss           0x000000000001a49c        0x0 /usr/local/lib/gcc/m68k-elf/11/libgcc.a(_modsi3.o)
 .bss           0x000000000001a49c        0x0 /usr/local/lib/gcc/m68k-elf/11/libgcc.a(_double.o)
 .bss           0x000000000001a49c        0x0 /usr/local/lib/gcc/m68k-elf/11/libgcc.a(_floatex.o)
 .bss           0x000000000001a49c        0x0 /usr/local/lib/gcc/m68k-elf/11/libgcc.a(_eqdf2.o)
 .bss           0x000000000001a49c        0x0 /usr/local/lib/gcc/m68k-elf/11/libgcc.a(_nedf2.o)
 .bss           0x000000000001a49c        0x0 /usr/local/lib/gcc/m68k-elf/11/libgcc.a(_gtdf2.o)
 .bss           0x000000000001a49c        0x0 /usr/local/lib/gcc/m68k-elf/11/libgcc.a(_ltdf2.o)
 .bss           0x000000000001a49c        0x0 /usr/local/lib/gcc/m68k-elf/11/libgcc.a(_ledf2.o)
 .bss           0x000000000001a49c        0x0 /usr/local/lib/gcc/m68k-elf/11/libgcc.a(_lesf2.o)
 .bss           0x000000000001a49c        0x0 /usr/local/lib/gcc/m68k-elf/11/libgcc.a(_fixunsdfsi.o)
 .bss           0x000000000001a49c        0x0 /usr/local/lib/gcc/m68k-elf/11/libgcc.a(_fixdfdi.o)
 .bss           0x000000000001a49c        0x0 /usr/local/lib/gcc/m68k-elf/11/libgcc.a(_fixunsdfdi.o)
 .bss           0x000000000001a49c        0x0 /usr/local/lib/gcc/m68k-elf/11/libgcc.a(_floatdidf.o)
 .bss           0x000000000001a49c        0x0 /usr/local/lib/gcc/m68k-elf/11/libgcc.a(fpgnulib.o)
 .bss           0x000000000001a49c        0x0 /usr/local/lib/gcc/m68k-elf/11/libgcc.a(xfgnulib.o)
 .bss           0x000000000001a49c        0x0 /usr/local/lib/gcc/m68k-elf/11/libgcc.a(_float.o)
 .bss           0x000000000001a49c        0x0 /usr/local/lib/gcc/m68k-elf/11/libgcc.a(_gedf2.o)
 .bss           0x000000000001a49c        0x0 /usr/local/m68k-elf/lib/libidp.a(close.o)
 .bss           0x000000000001a49c        0x0 /usr/local/m68k-elf/lib/libidp.a(fstat.o)
 .bss           0x000000000001a49c        0x0 /usr/local/m68k-elf/lib/libidp.a(getpid.o)
 .bss           0x000000000001a49c        0x0 /usr/local/m68k-elf/lib/libidp.a(isatty.o)
 .bss           0x000000000001a49c        0x0 /usr/local/m68k-elf/lib/libidp.a(kill.o)
 .bss           0x000000000001a49c        0x0 /usr/local/m68k-elf/lib/libidp.a(lseek.o)
 .bss           0x000000000001a49c        0x4 /usr/local/m68k-elf/lib/libidp.a(sbrk.o)
                0x000000000001a49c                heap_ptr
 .bss           0x000000000001a4a0        0x0 /usr/local/m68k-elf/lib/libidp.a(mc68ec.o)
 *(COMMON)
                0x000000000001a4a0                _end = ALIGN (0x8)
                0x000000000001a4a0                __end = _end

.stab
 *(.stab)

.stabstr
 *(.stabstr)
OUTPUT(test1.hex srec)

.debug_info     0x0000000000000000    0x28ad1
 .debug_info    0x0000000000000000      0x17f csys68k.o
 .debug_info    0x000000000000017f      0x106 test1.o
 .debug_info    0x0000000000000285       0xee /usr/local/m68k-elf/lib/libc.a(libc_a-exit.o)
 .debug_info    0x0000000000000373      0xdee /usr/local/m68k-elf/lib/libc.a(libc_a-findfp.o)
 .debug_info    0x0000000000001161      0x7d6 /usr/local/m68k-elf/lib/libc.a(libc_a-fwalk.o)
 .debug_info    0x0000000000001937      0x7b1 /usr/local/m68k-elf/lib/libc.a(libc_a-putchar.o)
 .debug_info    0x00000000000020e8      0x8d4 /usr/local/m68k-elf/lib/libc.a(libc_a-puts.o)
 .debug_info    0x00000000000029bc      0x829 /usr/local/m68k-elf/lib/libc.a(libc_a-scanf.o)
 .debug_info    0x00000000000031e5      0x9ff /usr/local/m68k-elf/lib/libc.a(libc_a-stdio.o)
 .debug_info    0x0000000000003be4      0x764 /usr/local/m68k-elf/lib/libc.a(libc_a-closer.o)
 .debug_info    0x0000000000004348      0x7bb /usr/local/m68k-elf/lib/libc.a(libc_a-reent.o)
 .debug_info    0x0000000000004b03      0x735 /usr/local/m68k-elf/lib/libc.a(libc_a-impure.o)
 .debug_info    0x0000000000005238      0x7a3 /usr/local/m68k-elf/lib/libc.a(libc_a-lseekr.o)
 .debug_info    0x00000000000059db      0x796 /usr/local/m68k-elf/lib/libc.a(libc_a-readr.o)
 .debug_info    0x0000000000006171      0x79c /usr/local/m68k-elf/lib/libc.a(libc_a-writer.o)
 .debug_info    0x000000000000690d       0xdb /usr/local/m68k-elf/lib/libc.a(libc_a-strlen.o)
 .debug_info    0x00000000000069e8       0x24 /usr/local/m68k-elf/lib/libc.a(libc_a-memset.o)
 .debug_info    0x0000000000006a0c      0x21b /usr/local/m68k-elf/lib/libc.a(libc_a-__call_atexit.o)
 .debug_info    0x0000000000006c27      0xac7 /usr/local/m68k-elf/lib/libc.a(libc_a-freer.o)
 .debug_info    0x00000000000076ee      0xc29 /usr/local/m68k-elf/lib/libc.a(libc_a-mallocr.o)
 .debug_info    0x0000000000008317      0x747 /usr/local/m68k-elf/lib/libc.a(libc_a-mlock.o)
 .debug_info    0x0000000000008a5e     0x149c /usr/local/m68k-elf/lib/libc.a(libc_a-vfscanf.o)
 .debug_info    0x0000000000009efa      0x897 /usr/local/m68k-elf/lib/libc.a(libc_a-fclose.o)
 .debug_info    0x000000000000a791      0x9ca /usr/local/m68k-elf/lib/libc.a(libc_a-fflush.o)
 .debug_info    0x000000000000b15b      0x99f /usr/local/m68k-elf/lib/libc.a(libc_a-fread.o)
 .debug_info    0x000000000000bafa      0xa3c /usr/local/m68k-elf/lib/libc.a(libc_a-fvwrite.o)
 .debug_info    0x000000000000c536      0x8e7 /usr/local/m68k-elf/lib/libc.a(libc_a-putc.o)
 .debug_info    0x000000000000ce1d      0x931 /usr/local/m68k-elf/lib/libc.a(libc_a-refill.o)
 .debug_info    0x000000000000d74e      0x10b /usr/local/m68k-elf/lib/libc.a(libc_a-sccl.o)
 .debug_info    0x000000000000d859      0x85d /usr/local/m68k-elf/lib/libc.a(libc_a-sprintf.o)
 .debug_info    0x000000000000e0b6      0x8e4 /usr/local/m68k-elf/lib/libc.a(libc_a-ungetc.o)
 .debug_info    0x000000000000e99a      0x830 /usr/local/m68k-elf/lib/libc.a(libc_a-wbuf.o)
 .debug_info    0x000000000000f1ca      0x7b9 /usr/local/m68k-elf/lib/libc.a(libc_a-wsetup.o)
 .debug_info    0x000000000000f983      0x142 /usr/local/m68k-elf/lib/libc.a(libc_a-memchr.o)
 .debug_info    0x000000000000fac5      0x144 /usr/local/m68k-elf/lib/libc.a(libc_a-memmove.o)
 .debug_info    0x000000000000fc09      0xbc8 /usr/local/m68k-elf/lib/libc.a(libc_a-locale.o)
 .debug_info    0x00000000000107d1      0xa2e /usr/local/m68k-elf/lib/libc.a(libc_a-localeconv.o)
 .debug_info    0x00000000000111ff      0x783 /usr/local/m68k-elf/lib/libc.a(libc_a-sbrkr.o)
 .debug_info    0x0000000000011982       0x24 /usr/local/m68k-elf/lib/libc.a(libc_a-memcpy.o)
 .debug_info    0x00000000000119a6       0xca /usr/local/m68k-elf/lib/libc.a(libm_a-sf_nan.o)
 .debug_info    0x0000000000011a70      0xaa2 /usr/local/m68k-elf/lib/libc.a(libc_a-mbtowc_r.o)
 .debug_info    0x0000000000012512      0xb69 /usr/local/m68k-elf/lib/libc.a(libc_a-reallocr.o)
 .debug_info    0x000000000001307b     0x1b8f /usr/local/m68k-elf/lib/libc.a(libc_a-strtod.o)
 .debug_info    0x0000000000014c0a      0xd78 /usr/local/m68k-elf/lib/libc.a(libc_a-strtol.o)
 .debug_info    0x0000000000015982      0xcc1 /usr/local/m68k-elf/lib/libc.a(libc_a-strtoul.o)
 .debug_info    0x0000000000016643      0xa63 /usr/local/m68k-elf/lib/libc.a(libc_a-wctomb_r.o)
 .debug_info    0x00000000000170a6      0xa8a /usr/local/m68k-elf/lib/libc.a(libc_a-mbrtowc.o)
 .debug_info    0x0000000000017b30       0xb9 /usr/local/m68k-elf/lib/libc.a(libc_a-ctype_.o)
 .debug_info    0x0000000000017be9       0xd9 /usr/local/m68k-elf/lib/libc.a(libc_a-iswspace.o)
 .debug_info    0x0000000000017cc2      0x9b7 /usr/local/m68k-elf/lib/libc.a(libc_a-iswspace_l.o)
 .debug_info    0x0000000000018679     0x1402 /usr/local/m68k-elf/lib/libc.a(libc_a-svfprintf.o)
 .debug_info    0x0000000000019a7b      0xbcc /usr/local/m68k-elf/lib/libc.a(libc_a-makebuf.o)
 .debug_info    0x000000000001a647       0xeb /usr/local/m68k-elf/lib/libc.a(libc_a-strcmp.o)
 .debug_info    0x000000000001a732      0x108 /usr/local/m68k-elf/lib/libc.a(libc_a-strncmp.o)
 .debug_info    0x000000000001a83a      0x977 /usr/local/m68k-elf/lib/libc.a(libc_a-fstatr.o)
 .debug_info    0x000000000001b1b1      0x764 /usr/local/m68k-elf/lib/libc.a(libc_a-isattyr.o)
 .debug_info    0x000000000001b915      0x71b /usr/local/m68k-elf/lib/libc.a(libc_a-errno.o)
 .debug_info    0x000000000001c030       0xce /usr/local/m68k-elf/lib/libc.a(libm_a-s_nan.o)
 .debug_info    0x000000000001c0fe     0x156f /usr/local/m68k-elf/lib/libc.a(libc_a-dtoa.o)
 .debug_info    0x000000000001d66d     0x10ec /usr/local/m68k-elf/lib/libc.a(libc_a-gdtoa-gethex.o)
 .debug_info    0x000000000001e759      0x3c1 /usr/local/m68k-elf/lib/libc.a(libc_a-gdtoa-hexnan.o)
 .debug_info    0x000000000001eb1a     0x1b9d /usr/local/m68k-elf/lib/libc.a(libc_a-mprec.o)
 .debug_info    0x00000000000206b7      0xfd3 /usr/local/m68k-elf/lib/libc.a(libc_a-svfiprintf.o)
 .debug_info    0x000000000002168a      0x7ef /usr/local/m68k-elf/lib/libc.a(libc_a-assert.o)
 .debug_info    0x0000000000021e79      0x8a6 /usr/local/m68k-elf/lib/libc.a(libc_a-callocr.o)
 .debug_info    0x000000000002271f      0x830 /usr/local/m68k-elf/lib/libc.a(libc_a-fiprintf.o)
 .debug_info    0x0000000000022f4f     0x164c /usr/local/m68k-elf/lib/libc.a(libc_a-vfiprintf.o)
 .debug_info    0x000000000002459b      0x9e8 /usr/local/m68k-elf/lib/libc.a(libc_a-fputwc.o)
 .debug_info    0x0000000000024f83       0xc8 /usr/local/m68k-elf/lib/libc.a(libc_a-abort.o)
 .debug_info    0x000000000002504b      0xab8 /usr/local/m68k-elf/lib/libc.a(libc_a-wcrtomb.o)
 .debug_info    0x0000000000025b03      0xc54 /usr/local/m68k-elf/lib/libc.a(libc_a-signal.o)
 .debug_info    0x0000000000026757      0x7da /usr/local/m68k-elf/lib/libc.a(libc_a-signalr.o)
 .debug_info    0x0000000000026f31       0x24 /usr/local/lib/gcc/m68k-elf/11/libgcc.a(_mulsi3.o)
 .debug_info    0x0000000000026f55       0x24 /usr/local/lib/gcc/m68k-elf/11/libgcc.a(_udivsi3.o)
 .debug_info    0x0000000000026f79       0x24 /usr/local/lib/gcc/m68k-elf/11/libgcc.a(_divsi3.o)
 .debug_info    0x0000000000026f9d       0x24 /usr/local/lib/gcc/m68k-elf/11/libgcc.a(_umodsi3.o)
 .debug_info    0x0000000000026fc1       0x24 /usr/local/lib/gcc/m68k-elf/11/libgcc.a(_modsi3.o)
 .debug_info    0x0000000000026fe5       0x25 /usr/local/lib/gcc/m68k-elf/11/libgcc.a(_double.o)
 .debug_info    0x000000000002700a       0x24 /usr/local/lib/gcc/m68k-elf/11/libgcc.a(_floatex.o)
 .debug_info    0x000000000002702e       0x24 /usr/local/lib/gcc/m68k-elf/11/libgcc.a(_eqdf2.o)
 .debug_info    0x0000000000027052       0x24 /usr/local/lib/gcc/m68k-elf/11/libgcc.a(_nedf2.o)
 .debug_info    0x0000000000027076       0x24 /usr/local/lib/gcc/m68k-elf/11/libgcc.a(_gtdf2.o)
 .debug_info    0x000000000002709a       0x24 /usr/local/lib/gcc/m68k-elf/11/libgcc.a(_ltdf2.o)
 .debug_info    0x00000000000270be       0x24 /usr/local/lib/gcc/m68k-elf/11/libgcc.a(_ledf2.o)
 .debug_info    0x00000000000270e2       0x24 /usr/local/lib/gcc/m68k-elf/11/libgcc.a(_lesf2.o)
 .debug_info    0x0000000000027106      0x128 /usr/local/lib/gcc/m68k-elf/11/libgcc.a(_fixunsdfsi.o)
 .debug_info    0x000000000002722e      0x124 /usr/local/lib/gcc/m68k-elf/11/libgcc.a(_fixdfdi.o)
 .debug_info    0x0000000000027352      0x156 /usr/local/lib/gcc/m68k-elf/11/libgcc.a(_fixunsdfdi.o)
 .debug_info    0x00000000000274a8      0x14f /usr/local/lib/gcc/m68k-elf/11/libgcc.a(_floatdidf.o)
 .debug_info    0x00000000000275f7      0x5bf /usr/local/lib/gcc/m68k-elf/11/libgcc.a(fpgnulib.o)
 .debug_info    0x0000000000027bb6      0x7d0 /usr/local/lib/gcc/m68k-elf/11/libgcc.a(xfgnulib.o)
 .debug_info    0x0000000000028386       0x25 /usr/local/lib/gcc/m68k-elf/11/libgcc.a(_float.o)
 .debug_info    0x00000000000283ab       0x24 /usr/local/lib/gcc/m68k-elf/11/libgcc.a(_gedf2.o)
 .debug_info    0x00000000000283cf       0x5e /usr/local/m68k-elf/lib/libidp.a(close.o)
 .debug_info    0x000000000002842d      0x2b9 /usr/local/m68k-elf/lib/libidp.a(fstat.o)
 .debug_info    0x00000000000286e6       0x4b /usr/local/m68k-elf/lib/libidp.a(getpid.o)
 .debug_info    0x0000000000028731       0x5e /usr/local/m68k-elf/lib/libidp.a(isatty.o)
 .debug_info    0x000000000002878f       0x9b /usr/local/m68k-elf/lib/libidp.a(kill.o)
 .debug_info    0x000000000002882a       0xfb /usr/local/m68k-elf/lib/libidp.a(lseek.o)
 .debug_info    0x0000000000028925       0xe4 /usr/local/m68k-elf/lib/libidp.a(sbrk.o)
 .debug_info    0x0000000000028a09       0xc8 /usr/local/m68k-elf/lib/libidp.a(mc68ec.o)

.debug_abbrev   0x0000000000000000     0xa45a
 .debug_abbrev  0x0000000000000000       0xf3 csys68k.o
 .debug_abbrev  0x00000000000000f3       0xa5 test1.o
 .debug_abbrev  0x0000000000000198       0xbe /usr/local/m68k-elf/lib/libc.a(libc_a-exit.o)
 .debug_abbrev  0x0000000000000256      0x425 /usr/local/m68k-elf/lib/libc.a(libc_a-findfp.o)
 .debug_abbrev  0x000000000000067b      0x1d6 /usr/local/m68k-elf/lib/libc.a(libc_a-fwalk.o)
 .debug_abbrev  0x0000000000000851      0x1fd /usr/local/m68k-elf/lib/libc.a(libc_a-putchar.o)
 .debug_abbrev  0x0000000000000a4e      0x275 /usr/local/m68k-elf/lib/libc.a(libc_a-puts.o)
 .debug_abbrev  0x0000000000000cc3      0x23c /usr/local/m68k-elf/lib/libc.a(libc_a-scanf.o)
 .debug_abbrev  0x0000000000000eff      0x243 /usr/local/m68k-elf/lib/libc.a(libc_a-stdio.o)
 .debug_abbrev  0x0000000000001142      0x1e0 /usr/local/m68k-elf/lib/libc.a(libc_a-closer.o)
 .debug_abbrev  0x0000000000001322      0x208 /usr/local/m68k-elf/lib/libc.a(libc_a-reent.o)
 .debug_abbrev  0x000000000000152a      0x185 /usr/local/m68k-elf/lib/libc.a(libc_a-impure.o)
 .debug_abbrev  0x00000000000016af      0x1f1 /usr/local/m68k-elf/lib/libc.a(libc_a-lseekr.o)
 .debug_abbrev  0x00000000000018a0      0x1e0 /usr/local/m68k-elf/lib/libc.a(libc_a-readr.o)
 .debug_abbrev  0x0000000000001a80      0x1e5 /usr/local/m68k-elf/lib/libc.a(libc_a-writer.o)
 .debug_abbrev  0x0000000000001c65       0x8a /usr/local/m68k-elf/lib/libc.a(libc_a-strlen.o)
 .debug_abbrev  0x0000000000001cef       0x14 /usr/local/m68k-elf/lib/libc.a(libc_a-memset.o)
 .debug_abbrev  0x0000000000001d03      0x154 /usr/local/m68k-elf/lib/libc.a(libc_a-__call_atexit.o)
 .debug_abbrev  0x0000000000001e57      0x274 /usr/local/m68k-elf/lib/libc.a(libc_a-freer.o)
 .debug_abbrev  0x00000000000020cb      0x2b7 /usr/local/m68k-elf/lib/libc.a(libc_a-mallocr.o)
 .debug_abbrev  0x0000000000002382      0x1ce /usr/local/m68k-elf/lib/libc.a(libc_a-mlock.o)
 .debug_abbrev  0x0000000000002550      0x44c /usr/local/m68k-elf/lib/libc.a(libc_a-vfscanf.o)
 .debug_abbrev  0x000000000000299c      0x2c1 /usr/local/m68k-elf/lib/libc.a(libc_a-fclose.o)
 .debug_abbrev  0x0000000000002c5d      0x311 /usr/local/m68k-elf/lib/libc.a(libc_a-fflush.o)
 .debug_abbrev  0x0000000000002f6e      0x299 /usr/local/m68k-elf/lib/libc.a(libc_a-fread.o)
 .debug_abbrev  0x0000000000003207      0x241 /usr/local/m68k-elf/lib/libc.a(libc_a-fvwrite.o)
 .debug_abbrev  0x0000000000003448      0x28f /usr/local/m68k-elf/lib/libc.a(libc_a-putc.o)
 .debug_abbrev  0x00000000000036d7      0x2a7 /usr/local/m68k-elf/lib/libc.a(libc_a-refill.o)
 .debug_abbrev  0x000000000000397e       0xaa /usr/local/m68k-elf/lib/libc.a(libc_a-sccl.o)
 .debug_abbrev  0x0000000000003a28      0x23b /usr/local/m68k-elf/lib/libc.a(libc_a-sprintf.o)
 .debug_abbrev  0x0000000000003c63      0x297 /usr/local/m68k-elf/lib/libc.a(libc_a-ungetc.o)
 .debug_abbrev  0x0000000000003efa      0x25a /usr/local/m68k-elf/lib/libc.a(libc_a-wbuf.o)
 .debug_abbrev  0x0000000000004154      0x1fe /usr/local/m68k-elf/lib/libc.a(libc_a-wsetup.o)
 .debug_abbrev  0x0000000000004352       0xd4 /usr/local/m68k-elf/lib/libc.a(libc_a-memchr.o)
 .debug_abbrev  0x0000000000004426       0xc3 /usr/local/m68k-elf/lib/libc.a(libc_a-memmove.o)
 .debug_abbrev  0x00000000000044e9      0x2e5 /usr/local/m68k-elf/lib/libc.a(libc_a-locale.o)
 .debug_abbrev  0x00000000000047ce      0x264 /usr/local/m68k-elf/lib/libc.a(libc_a-localeconv.o)
 .debug_abbrev  0x0000000000004a32      0x1f3 /usr/local/m68k-elf/lib/libc.a(libc_a-sbrkr.o)
 .debug_abbrev  0x0000000000004c25       0x14 /usr/local/m68k-elf/lib/libc.a(libc_a-memcpy.o)
 .debug_abbrev  0x0000000000004c39       0x77 /usr/local/m68k-elf/lib/libc.a(libm_a-sf_nan.o)
 .debug_abbrev  0x0000000000004cb0      0x252 /usr/local/m68k-elf/lib/libc.a(libc_a-mbtowc_r.o)
 .debug_abbrev  0x0000000000004f02      0x256 /usr/local/m68k-elf/lib/libc.a(libc_a-reallocr.o)
 .debug_abbrev  0x0000000000005158      0x52e /usr/local/m68k-elf/lib/libc.a(libc_a-strtod.o)
 .debug_abbrev  0x0000000000005686      0x330 /usr/local/m68k-elf/lib/libc.a(libc_a-strtol.o)
 .debug_abbrev  0x00000000000059b6      0x2f3 /usr/local/m68k-elf/lib/libc.a(libc_a-strtoul.o)
 .debug_abbrev  0x0000000000005ca9      0x226 /usr/local/m68k-elf/lib/libc.a(libc_a-wctomb_r.o)
 .debug_abbrev  0x0000000000005ecf      0x21d /usr/local/m68k-elf/lib/libc.a(libc_a-mbrtowc.o)
 .debug_abbrev  0x00000000000060ec       0x62 /usr/local/m68k-elf/lib/libc.a(libc_a-ctype_.o)
 .debug_abbrev  0x000000000000614e       0xad /usr/local/m68k-elf/lib/libc.a(libc_a-iswspace.o)
 .debug_abbrev  0x00000000000061fb      0x1db /usr/local/m68k-elf/lib/libc.a(libc_a-iswspace_l.o)
 .debug_abbrev  0x00000000000063d6      0x3de /usr/local/m68k-elf/lib/libc.a(libc_a-svfprintf.o)
 .debug_abbrev  0x00000000000067b4      0x2ad /usr/local/m68k-elf/lib/libc.a(libc_a-makebuf.o)
 .debug_abbrev  0x0000000000006a61       0x83 /usr/local/m68k-elf/lib/libc.a(libc_a-strcmp.o)
 .debug_abbrev  0x0000000000006ae4       0x92 /usr/local/m68k-elf/lib/libc.a(libc_a-strncmp.o)
 .debug_abbrev  0x0000000000006b76      0x1f0 /usr/local/m68k-elf/lib/libc.a(libc_a-fstatr.o)
 .debug_abbrev  0x0000000000006d66      0x1e0 /usr/local/m68k-elf/lib/libc.a(libc_a-isattyr.o)
 .debug_abbrev  0x0000000000006f46      0x19a /usr/local/m68k-elf/lib/libc.a(libc_a-errno.o)
 .debug_abbrev  0x00000000000070e0       0x77 /usr/local/m68k-elf/lib/libc.a(libm_a-s_nan.o)
 .debug_abbrev  0x0000000000007157      0x365 /usr/local/m68k-elf/lib/libc.a(libc_a-dtoa.o)
 .debug_abbrev  0x00000000000074bc      0x3e8 /usr/local/m68k-elf/lib/libc.a(libc_a-gdtoa-gethex.o)
 .debug_abbrev  0x00000000000078a4      0x1c8 /usr/local/m68k-elf/lib/libc.a(libc_a-gdtoa-hexnan.o)
 .debug_abbrev  0x0000000000007a6c      0x527 /usr/local/m68k-elf/lib/libc.a(libc_a-mprec.o)
 .debug_abbrev  0x0000000000007f93      0x311 /usr/local/m68k-elf/lib/libc.a(libc_a-svfiprintf.o)
 .debug_abbrev  0x00000000000082a4      0x206 /usr/local/m68k-elf/lib/libc.a(libc_a-assert.o)
 .debug_abbrev  0x00000000000084aa      0x238 /usr/local/m68k-elf/lib/libc.a(libc_a-callocr.o)
 .debug_abbrev  0x00000000000086e2      0x221 /usr/local/m68k-elf/lib/libc.a(libc_a-fiprintf.o)
 .debug_abbrev  0x0000000000008903      0x46c /usr/local/m68k-elf/lib/libc.a(libc_a-vfiprintf.o)
 .debug_abbrev  0x0000000000008d6f      0x34a /usr/local/m68k-elf/lib/libc.a(libc_a-fputwc.o)
 .debug_abbrev  0x00000000000090b9       0x85 /usr/local/m68k-elf/lib/libc.a(libc_a-abort.o)
 .debug_abbrev  0x000000000000913e      0x233 /usr/local/m68k-elf/lib/libc.a(libc_a-wcrtomb.o)
 .debug_abbrev  0x0000000000009371      0x2f9 /usr/local/m68k-elf/lib/libc.a(libc_a-signal.o)
 .debug_abbrev  0x000000000000966a      0x22d /usr/local/m68k-elf/lib/libc.a(libc_a-signalr.o)
 .debug_abbrev  0x0000000000009897       0x14 /usr/local/lib/gcc/m68k-elf/11/libgcc.a(_mulsi3.o)
 .debug_abbrev  0x00000000000098ab       0x14 /usr/local/lib/gcc/m68k-elf/11/libgcc.a(_udivsi3.o)
 .debug_abbrev  0x00000000000098bf       0x14 /usr/local/lib/gcc/m68k-elf/11/libgcc.a(_divsi3.o)
 .debug_abbrev  0x00000000000098d3       0x14 /usr/local/lib/gcc/m68k-elf/11/libgcc.a(_umodsi3.o)
 .debug_abbrev  0x00000000000098e7       0x14 /usr/local/lib/gcc/m68k-elf/11/libgcc.a(_modsi3.o)
 .debug_abbrev  0x00000000000098fb       0x14 /usr/local/lib/gcc/m68k-elf/11/libgcc.a(_double.o)
 .debug_abbrev  0x000000000000990f       0x14 /usr/local/lib/gcc/m68k-elf/11/libgcc.a(_floatex.o)
 .debug_abbrev  0x0000000000009923       0x14 /usr/local/lib/gcc/m68k-elf/11/libgcc.a(_eqdf2.o)
 .debug_abbrev  0x0000000000009937       0x14 /usr/local/lib/gcc/m68k-elf/11/libgcc.a(_nedf2.o)
 .debug_abbrev  0x000000000000994b       0x14 /usr/local/lib/gcc/m68k-elf/11/libgcc.a(_gtdf2.o)
 .debug_abbrev  0x000000000000995f       0x14 /usr/local/lib/gcc/m68k-elf/11/libgcc.a(_ltdf2.o)
 .debug_abbrev  0x0000000000009973       0x14 /usr/local/lib/gcc/m68k-elf/11/libgcc.a(_ledf2.o)
 .debug_abbrev  0x0000000000009987       0x14 /usr/local/lib/gcc/m68k-elf/11/libgcc.a(_lesf2.o)
 .debug_abbrev  0x000000000000999b       0x7e /usr/local/lib/gcc/m68k-elf/11/libgcc.a(_fixunsdfsi.o)
 .debug_abbrev  0x0000000000009a19       0xa8 /usr/local/lib/gcc/m68k-elf/11/libgcc.a(_fixdfdi.o)
 .debug_abbrev  0x0000000000009ac1       0xa5 /usr/local/lib/gcc/m68k-elf/11/libgcc.a(_fixunsdfdi.o)
 .debug_abbrev  0x0000000000009b66       0x92 /usr/local/lib/gcc/m68k-elf/11/libgcc.a(_floatdidf.o)
 .debug_abbrev  0x0000000000009bf8      0x25f /usr/local/lib/gcc/m68k-elf/11/libgcc.a(fpgnulib.o)
 .debug_abbrev  0x0000000000009e57      0x1e3 /usr/local/lib/gcc/m68k-elf/11/libgcc.a(xfgnulib.o)
 .debug_abbrev  0x000000000000a03a       0x14 /usr/local/lib/gcc/m68k-elf/11/libgcc.a(_float.o)
 .debug_abbrev  0x000000000000a04e       0x14 /usr/local/lib/gcc/m68k-elf/11/libgcc.a(_gedf2.o)
 .debug_abbrev  0x000000000000a062       0x58 /usr/local/m68k-elf/lib/libidp.a(close.o)
 .debug_abbrev  0x000000000000a0ba       0xa6 /usr/local/m68k-elf/lib/libidp.a(fstat.o)
 .debug_abbrev  0x000000000000a160       0x45 /usr/local/m68k-elf/lib/libidp.a(getpid.o)
 .debug_abbrev  0x000000000000a1a5       0x58 /usr/local/m68k-elf/lib/libidp.a(isatty.o)
 .debug_abbrev  0x000000000000a1fd       0x99 /usr/local/m68k-elf/lib/libidp.a(kill.o)
 .debug_abbrev  0x000000000000a296       0x9e /usr/local/m68k-elf/lib/libidp.a(lseek.o)
 .debug_abbrev  0x000000000000a334       0xa5 /usr/local/m68k-elf/lib/libidp.a(sbrk.o)
 .debug_abbrev  0x000000000000a3d9       0x81 /usr/local/m68k-elf/lib/libidp.a(mc68ec.o)

.debug_loclists
                0x0000000000000000    0x13caa
 .debug_loclists
                0x0000000000000000       0xe7 csys68k.o
 .debug_loclists
                0x00000000000000e7      0x19a /usr/local/m68k-elf/lib/libc.a(libc_a-findfp.o)
 .debug_loclists
                0x0000000000000281       0x62 /usr/local/m68k-elf/lib/libc.a(libc_a-fwalk.o)
 .debug_loclists
                0x00000000000002e3       0x14 /usr/local/m68k-elf/lib/libc.a(libc_a-putchar.o)
 .debug_loclists
                0x00000000000002f7       0xd2 /usr/local/m68k-elf/lib/libc.a(libc_a-puts.o)
 .debug_loclists
                0x00000000000003c9       0x87 /usr/local/m68k-elf/lib/libc.a(libc_a-scanf.o)
 .debug_loclists
                0x0000000000000450       0x92 /usr/local/m68k-elf/lib/libc.a(libc_a-stdio.o)
 .debug_loclists
                0x00000000000004e2       0x14 /usr/local/m68k-elf/lib/libc.a(libc_a-closer.o)
 .debug_loclists
                0x00000000000004f6       0x23 /usr/local/m68k-elf/lib/libc.a(libc_a-reent.o)
 .debug_loclists
                0x0000000000000519       0x14 /usr/local/m68k-elf/lib/libc.a(libc_a-lseekr.o)
 .debug_loclists
                0x000000000000052d       0x14 /usr/local/m68k-elf/lib/libc.a(libc_a-readr.o)
 .debug_loclists
                0x0000000000000541       0x14 /usr/local/m68k-elf/lib/libc.a(libc_a-writer.o)
 .debug_loclists
                0x0000000000000555       0x25 /usr/local/m68k-elf/lib/libc.a(libc_a-strlen.o)
 .debug_loclists
                0x000000000000057a       0xb1 /usr/local/m68k-elf/lib/libc.a(libc_a-__call_atexit.o)
 .debug_loclists
                0x000000000000062b      0x3eb /usr/local/m68k-elf/lib/libc.a(libc_a-freer.o)
 .debug_loclists
                0x0000000000000a16      0x9b7 /usr/local/m68k-elf/lib/libc.a(libc_a-mallocr.o)
 .debug_loclists
                0x00000000000013cd     0x1ed3 /usr/local/m68k-elf/lib/libc.a(libc_a-vfscanf.o)
 .debug_loclists
                0x00000000000032a0       0x6c /usr/local/m68k-elf/lib/libc.a(libc_a-fclose.o)
 .debug_loclists
                0x000000000000330c      0x17d /usr/local/m68k-elf/lib/libc.a(libc_a-fflush.o)
 .debug_loclists
                0x0000000000003489      0x1b8 /usr/local/m68k-elf/lib/libc.a(libc_a-fread.o)
 .debug_loclists
                0x0000000000003641      0x3e1 /usr/local/m68k-elf/lib/libc.a(libc_a-fvwrite.o)
 .debug_loclists
                0x0000000000003a22      0x10c /usr/local/m68k-elf/lib/libc.a(libc_a-putc.o)
 .debug_loclists
                0x0000000000003b2e       0x90 /usr/local/m68k-elf/lib/libc.a(libc_a-refill.o)
 .debug_loclists
                0x0000000000003bbe      0x19e /usr/local/m68k-elf/lib/libc.a(libc_a-sccl.o)
 .debug_loclists
                0x0000000000003d5c       0xa1 /usr/local/m68k-elf/lib/libc.a(libc_a-sprintf.o)
 .debug_loclists
                0x0000000000003dfd      0x119 /usr/local/m68k-elf/lib/libc.a(libc_a-ungetc.o)
 .debug_loclists
                0x0000000000003f16       0x7b /usr/local/m68k-elf/lib/libc.a(libc_a-wbuf.o)
 .debug_loclists
                0x0000000000003f91       0x1d /usr/local/m68k-elf/lib/libc.a(libc_a-wsetup.o)
 .debug_loclists
                0x0000000000003fae       0xe3 /usr/local/m68k-elf/lib/libc.a(libc_a-memchr.o)
 .debug_loclists
                0x0000000000004091      0x2be /usr/local/m68k-elf/lib/libc.a(libc_a-memmove.o)
 .debug_loclists
                0x000000000000434f       0x56 /usr/local/m68k-elf/lib/libc.a(libc_a-locale.o)
 .debug_loclists
                0x00000000000043a5       0x21 /usr/local/m68k-elf/lib/libc.a(libc_a-localeconv.o)
 .debug_loclists
                0x00000000000043c6       0x14 /usr/local/m68k-elf/lib/libc.a(libc_a-sbrkr.o)
 .debug_loclists
                0x00000000000043da       0x33 /usr/local/m68k-elf/lib/libc.a(libc_a-mbtowc_r.o)
 .debug_loclists
                0x000000000000440d     0x131f /usr/local/m68k-elf/lib/libc.a(libc_a-reallocr.o)
 .debug_loclists
                0x000000000000572c     0x1efd /usr/local/m68k-elf/lib/libc.a(libc_a-strtod.o)
 .debug_loclists
                0x0000000000007629      0x3d4 /usr/local/m68k-elf/lib/libc.a(libc_a-strtol.o)
 .debug_loclists
                0x00000000000079fd      0x375 /usr/local/m68k-elf/lib/libc.a(libc_a-strtoul.o)
 .debug_loclists
                0x0000000000007d72       0x3a /usr/local/m68k-elf/lib/libc.a(libc_a-wctomb_r.o)
 .debug_loclists
                0x0000000000007dac       0x6c /usr/local/m68k-elf/lib/libc.a(libc_a-mbrtowc.o)
 .debug_loclists
                0x0000000000007e18     0x265f /usr/local/m68k-elf/lib/libc.a(libc_a-svfprintf.o)
 .debug_loclists
                0x000000000000a477      0x32e /usr/local/m68k-elf/lib/libc.a(libc_a-makebuf.o)
 .debug_loclists
                0x000000000000a7a5       0x5a /usr/local/m68k-elf/lib/libc.a(libc_a-strcmp.o)
 .debug_loclists
                0x000000000000a7ff       0xe9 /usr/local/m68k-elf/lib/libc.a(libc_a-strncmp.o)
 .debug_loclists
                0x000000000000a8e8       0x14 /usr/local/m68k-elf/lib/libc.a(libc_a-fstatr.o)
 .debug_loclists
                0x000000000000a8fc       0x14 /usr/local/m68k-elf/lib/libc.a(libc_a-isattyr.o)
 .debug_loclists
                0x000000000000a910     0x270b /usr/local/m68k-elf/lib/libc.a(libc_a-dtoa.o)
 .debug_loclists
                0x000000000000d01b      0xece /usr/local/m68k-elf/lib/libc.a(libc_a-gdtoa-gethex.o)
 .debug_loclists
                0x000000000000dee9      0x536 /usr/local/m68k-elf/lib/libc.a(libc_a-gdtoa-hexnan.o)
 .debug_loclists
                0x000000000000e41f     0x18c8 /usr/local/m68k-elf/lib/libc.a(libc_a-mprec.o)
 .debug_loclists
                0x000000000000fce7     0x1313 /usr/local/m68k-elf/lib/libc.a(libc_a-svfiprintf.o)
 .debug_loclists
                0x0000000000010ffa      0x1c1 /usr/local/m68k-elf/lib/libc.a(libc_a-callocr.o)
 .debug_loclists
                0x00000000000111bb       0xc1 /usr/local/m68k-elf/lib/libc.a(libc_a-fiprintf.o)
 .debug_loclists
                0x000000000001127c     0x1c2f /usr/local/m68k-elf/lib/libc.a(libc_a-vfiprintf.o)
 .debug_loclists
                0x0000000000012eab      0x198 /usr/local/m68k-elf/lib/libc.a(libc_a-fputwc.o)
 .debug_loclists
                0x0000000000013043      0x1de /usr/local/m68k-elf/lib/libc.a(libc_a-wcrtomb.o)
 .debug_loclists
                0x0000000000013221      0x245 /usr/local/m68k-elf/lib/libc.a(libc_a-signal.o)
 .debug_loclists
                0x0000000000013466       0x14 /usr/local/m68k-elf/lib/libc.a(libc_a-signalr.o)
 .debug_loclists
                0x000000000001347a       0x82 /usr/local/lib/gcc/m68k-elf/11/libgcc.a(_fixunsdfdi.o)
 .debug_loclists
                0x00000000000134fc       0x37 /usr/local/lib/gcc/m68k-elf/11/libgcc.a(_floatdidf.o)
 .debug_loclists
                0x0000000000013533      0x536 /usr/local/lib/gcc/m68k-elf/11/libgcc.a(fpgnulib.o)
 .debug_loclists
                0x0000000000013a69      0x1eb /usr/local/lib/gcc/m68k-elf/11/libgcc.a(xfgnulib.o)
 .debug_loclists
                0x0000000000013c54       0x1f /usr/local/m68k-elf/lib/libidp.a(sbrk.o)
 .debug_loclists
                0x0000000000013c73       0x37 /usr/local/m68k-elf/lib/libidp.a(mc68ec.o)

.debug_aranges  0x0000000000000000      0xc90
 .debug_aranges
                0x0000000000000000       0x20 csys68k.o
 .debug_aranges
                0x0000000000000020       0x20 test1.o
 .debug_aranges
                0x0000000000000040       0x20 /usr/local/m68k-elf/lib/libc.a(libc_a-exit.o)
 .debug_aranges
                0x0000000000000060       0x20 /usr/local/m68k-elf/lib/libc.a(libc_a-findfp.o)
 .debug_aranges
                0x0000000000000080       0x20 /usr/local/m68k-elf/lib/libc.a(libc_a-fwalk.o)
 .debug_aranges
                0x00000000000000a0       0x20 /usr/local/m68k-elf/lib/libc.a(libc_a-putchar.o)
 .debug_aranges
                0x00000000000000c0       0x20 /usr/local/m68k-elf/lib/libc.a(libc_a-puts.o)
 .debug_aranges
                0x00000000000000e0       0x20 /usr/local/m68k-elf/lib/libc.a(libc_a-scanf.o)
 .debug_aranges
                0x0000000000000100       0x20 /usr/local/m68k-elf/lib/libc.a(libc_a-stdio.o)
 .debug_aranges
                0x0000000000000120       0x20 /usr/local/m68k-elf/lib/libc.a(libc_a-closer.o)
 .debug_aranges
                0x0000000000000140       0x20 /usr/local/m68k-elf/lib/libc.a(libc_a-reent.o)
 .debug_aranges
                0x0000000000000160       0x18 /usr/local/m68k-elf/lib/libc.a(libc_a-impure.o)
 .debug_aranges
                0x0000000000000178       0x20 /usr/local/m68k-elf/lib/libc.a(libc_a-lseekr.o)
 .debug_aranges
                0x0000000000000198       0x20 /usr/local/m68k-elf/lib/libc.a(libc_a-readr.o)
 .debug_aranges
                0x00000000000001b8       0x20 /usr/local/m68k-elf/lib/libc.a(libc_a-writer.o)
 .debug_aranges
                0x00000000000001d8       0x20 /usr/local/m68k-elf/lib/libc.a(libc_a-strlen.o)
 .debug_aranges
                0x00000000000001f8       0x20 /usr/local/m68k-elf/lib/libc.a(libc_a-memset.o)
 .debug_aranges
                0x0000000000000218       0x20 /usr/local/m68k-elf/lib/libc.a(libc_a-__call_atexit.o)
 .debug_aranges
                0x0000000000000238       0x20 /usr/local/m68k-elf/lib/libc.a(libc_a-freer.o)
 .debug_aranges
                0x0000000000000258       0x20 /usr/local/m68k-elf/lib/libc.a(libc_a-mallocr.o)
 .debug_aranges
                0x0000000000000278       0x20 /usr/local/m68k-elf/lib/libc.a(libc_a-mlock.o)
 .debug_aranges
                0x0000000000000298       0x20 /usr/local/m68k-elf/lib/libc.a(libc_a-vfscanf.o)
 .debug_aranges
                0x00000000000002b8       0x20 /usr/local/m68k-elf/lib/libc.a(libc_a-fclose.o)
 .debug_aranges
                0x00000000000002d8       0x20 /usr/local/m68k-elf/lib/libc.a(libc_a-fflush.o)
 .debug_aranges
                0x00000000000002f8       0x20 /usr/local/m68k-elf/lib/libc.a(libc_a-fread.o)
 .debug_aranges
                0x0000000000000318       0x20 /usr/local/m68k-elf/lib/libc.a(libc_a-fvwrite.o)
 .debug_aranges
                0x0000000000000338       0x20 /usr/local/m68k-elf/lib/libc.a(libc_a-putc.o)
 .debug_aranges
                0x0000000000000358       0x20 /usr/local/m68k-elf/lib/libc.a(libc_a-refill.o)
 .debug_aranges
                0x0000000000000378       0x20 /usr/local/m68k-elf/lib/libc.a(libc_a-sccl.o)
 .debug_aranges
                0x0000000000000398       0x20 /usr/local/m68k-elf/lib/libc.a(libc_a-sprintf.o)
 .debug_aranges
                0x00000000000003b8       0x20 /usr/local/m68k-elf/lib/libc.a(libc_a-ungetc.o)
 .debug_aranges
                0x00000000000003d8       0x20 /usr/local/m68k-elf/lib/libc.a(libc_a-wbuf.o)
 .debug_aranges
                0x00000000000003f8       0x20 /usr/local/m68k-elf/lib/libc.a(libc_a-wsetup.o)
 .debug_aranges
                0x0000000000000418       0x20 /usr/local/m68k-elf/lib/libc.a(libc_a-memchr.o)
 .debug_aranges
                0x0000000000000438       0x20 /usr/local/m68k-elf/lib/libc.a(libc_a-memmove.o)
 .debug_aranges
                0x0000000000000458       0x20 /usr/local/m68k-elf/lib/libc.a(libc_a-locale.o)
 .debug_aranges
                0x0000000000000478       0x20 /usr/local/m68k-elf/lib/libc.a(libc_a-localeconv.o)
 .debug_aranges
                0x0000000000000498       0x20 /usr/local/m68k-elf/lib/libc.a(libc_a-sbrkr.o)
 .debug_aranges
                0x00000000000004b8       0x20 /usr/local/m68k-elf/lib/libc.a(libc_a-memcpy.o)
 .debug_aranges
                0x00000000000004d8       0x20 /usr/local/m68k-elf/lib/libc.a(libm_a-sf_nan.o)
 .debug_aranges
                0x00000000000004f8       0x20 /usr/local/m68k-elf/lib/libc.a(libc_a-mbtowc_r.o)
 .debug_aranges
                0x0000000000000518       0x20 /usr/local/m68k-elf/lib/libc.a(libc_a-reallocr.o)
 .debug_aranges
                0x0000000000000538       0x20 /usr/local/m68k-elf/lib/libc.a(libc_a-strtod.o)
 .debug_aranges
                0x0000000000000558       0x20 /usr/local/m68k-elf/lib/libc.a(libc_a-strtol.o)
 .debug_aranges
                0x0000000000000578       0x20 /usr/local/m68k-elf/lib/libc.a(libc_a-strtoul.o)
 .debug_aranges
                0x0000000000000598       0x20 /usr/local/m68k-elf/lib/libc.a(libc_a-wctomb_r.o)
 .debug_aranges
                0x00000000000005b8       0x20 /usr/local/m68k-elf/lib/libc.a(libc_a-mbrtowc.o)
 .debug_aranges
                0x00000000000005d8       0x18 /usr/local/m68k-elf/lib/libc.a(libc_a-ctype_.o)
 .debug_aranges
                0x00000000000005f0       0x20 /usr/local/m68k-elf/lib/libc.a(libc_a-iswspace.o)
 .debug_aranges
                0x0000000000000610       0x20 /usr/local/m68k-elf/lib/libc.a(libc_a-iswspace_l.o)
 .debug_aranges
                0x0000000000000630       0x20 /usr/local/m68k-elf/lib/libc.a(libc_a-svfprintf.o)
 .debug_aranges
                0x0000000000000650       0x20 /usr/local/m68k-elf/lib/libc.a(libc_a-makebuf.o)
 .debug_aranges
                0x0000000000000670       0x20 /usr/local/m68k-elf/lib/libc.a(libc_a-strcmp.o)
 .debug_aranges
                0x0000000000000690       0x20 /usr/local/m68k-elf/lib/libc.a(libc_a-strncmp.o)
 .debug_aranges
                0x00000000000006b0       0x20 /usr/local/m68k-elf/lib/libc.a(libc_a-fstatr.o)
 .debug_aranges
                0x00000000000006d0       0x20 /usr/local/m68k-elf/lib/libc.a(libc_a-isattyr.o)
 .debug_aranges
                0x00000000000006f0       0x20 /usr/local/m68k-elf/lib/libc.a(libc_a-errno.o)
 .debug_aranges
                0x0000000000000710       0x20 /usr/local/m68k-elf/lib/libc.a(libm_a-s_nan.o)
 .debug_aranges
                0x0000000000000730       0x20 /usr/local/m68k-elf/lib/libc.a(libc_a-dtoa.o)
 .debug_aranges
                0x0000000000000750       0x20 /usr/local/m68k-elf/lib/libc.a(libc_a-gdtoa-gethex.o)
 .debug_aranges
                0x0000000000000770       0x20 /usr/local/m68k-elf/lib/libc.a(libc_a-gdtoa-hexnan.o)
 .debug_aranges
                0x0000000000000790       0x20 /usr/local/m68k-elf/lib/libc.a(libc_a-mprec.o)
 .debug_aranges
                0x00000000000007b0       0x20 /usr/local/m68k-elf/lib/libc.a(libc_a-svfiprintf.o)
 .debug_aranges
                0x00000000000007d0       0x20 /usr/local/m68k-elf/lib/libc.a(libc_a-assert.o)
 .debug_aranges
                0x00000000000007f0       0x20 /usr/local/m68k-elf/lib/libc.a(libc_a-callocr.o)
 .debug_aranges
                0x0000000000000810       0x20 /usr/local/m68k-elf/lib/libc.a(libc_a-fiprintf.o)
 .debug_aranges
                0x0000000000000830       0x20 /usr/local/m68k-elf/lib/libc.a(libc_a-vfiprintf.o)
 .debug_aranges
                0x0000000000000850       0x20 /usr/local/m68k-elf/lib/libc.a(libc_a-fputwc.o)
 .debug_aranges
                0x0000000000000870       0x20 /usr/local/m68k-elf/lib/libc.a(libc_a-abort.o)
 .debug_aranges
                0x0000000000000890       0x20 /usr/local/m68k-elf/lib/libc.a(libc_a-wcrtomb.o)
 .debug_aranges
                0x00000000000008b0       0x20 /usr/local/m68k-elf/lib/libc.a(libc_a-signal.o)
 .debug_aranges
                0x00000000000008d0       0x20 /usr/local/m68k-elf/lib/libc.a(libc_a-signalr.o)
 .debug_aranges
                0x00000000000008f0       0x20 /usr/local/lib/gcc/m68k-elf/11/libgcc.a(_mulsi3.o)
 .debug_aranges
                0x0000000000000910       0x20 /usr/local/lib/gcc/m68k-elf/11/libgcc.a(_udivsi3.o)
 .debug_aranges
                0x0000000000000930       0x20 /usr/local/lib/gcc/m68k-elf/11/libgcc.a(_divsi3.o)
 .debug_aranges
                0x0000000000000950       0x20 /usr/local/lib/gcc/m68k-elf/11/libgcc.a(_umodsi3.o)
 .debug_aranges
                0x0000000000000970       0x20 /usr/local/lib/gcc/m68k-elf/11/libgcc.a(_modsi3.o)
 .debug_aranges
                0x0000000000000990       0x20 /usr/local/lib/gcc/m68k-elf/11/libgcc.a(_double.o)
 .debug_aranges
                0x00000000000009b0       0x20 /usr/local/lib/gcc/m68k-elf/11/libgcc.a(_floatex.o)
 .debug_aranges
                0x00000000000009d0       0x20 /usr/local/lib/gcc/m68k-elf/11/libgcc.a(_eqdf2.o)
 .debug_aranges
                0x00000000000009f0       0x20 /usr/local/lib/gcc/m68k-elf/11/libgcc.a(_nedf2.o)
 .debug_aranges
                0x0000000000000a10       0x20 /usr/local/lib/gcc/m68k-elf/11/libgcc.a(_gtdf2.o)
 .debug_aranges
                0x0000000000000a30       0x20 /usr/local/lib/gcc/m68k-elf/11/libgcc.a(_ltdf2.o)
 .debug_aranges
                0x0000000000000a50       0x20 /usr/local/lib/gcc/m68k-elf/11/libgcc.a(_ledf2.o)
 .debug_aranges
                0x0000000000000a70       0x20 /usr/local/lib/gcc/m68k-elf/11/libgcc.a(_lesf2.o)
 .debug_aranges
                0x0000000000000a90       0x20 /usr/local/lib/gcc/m68k-elf/11/libgcc.a(_fixunsdfsi.o)
 .debug_aranges
                0x0000000000000ab0       0x20 /usr/local/lib/gcc/m68k-elf/11/libgcc.a(_fixdfdi.o)
 .debug_aranges
                0x0000000000000ad0       0x20 /usr/local/lib/gcc/m68k-elf/11/libgcc.a(_fixunsdfdi.o)
 .debug_aranges
                0x0000000000000af0       0x20 /usr/local/lib/gcc/m68k-elf/11/libgcc.a(_floatdidf.o)
 .debug_aranges
                0x0000000000000b10       0x20 /usr/local/lib/gcc/m68k-elf/11/libgcc.a(fpgnulib.o)
 .debug_aranges
                0x0000000000000b30       0x20 /usr/local/lib/gcc/m68k-elf/11/libgcc.a(xfgnulib.o)
 .debug_aranges
                0x0000000000000b50       0x20 /usr/local/lib/gcc/m68k-elf/11/libgcc.a(_float.o)
 .debug_aranges
                0x0000000000000b70       0x20 /usr/local/lib/gcc/m68k-elf/11/libgcc.a(_gedf2.o)
 .debug_aranges
                0x0000000000000b90       0x20 /usr/local/m68k-elf/lib/libidp.a(close.o)
 .debug_aranges
                0x0000000000000bb0       0x20 /usr/local/m68k-elf/lib/libidp.a(fstat.o)
 .debug_aranges
                0x0000000000000bd0       0x20 /usr/local/m68k-elf/lib/libidp.a(getpid.o)
 .debug_aranges
                0x0000000000000bf0       0x20 /usr/local/m68k-elf/lib/libidp.a(isatty.o)
 .debug_aranges
                0x0000000000000c10       0x20 /usr/local/m68k-elf/lib/libidp.a(kill.o)
 .debug_aranges
                0x0000000000000c30       0x20 /usr/local/m68k-elf/lib/libidp.a(lseek.o)
 .debug_aranges
                0x0000000000000c50       0x20 /usr/local/m68k-elf/lib/libidp.a(sbrk.o)
 .debug_aranges
                0x0000000000000c70       0x20 /usr/local/m68k-elf/lib/libidp.a(mc68ec.o)

.debug_line     0x0000000000000000    0x15377
 .debug_line    0x0000000000000000      0x118 csys68k.o
 .debug_line    0x0000000000000118       0xa5 test1.o
 .debug_line    0x00000000000001bd      0x11f /usr/local/m68k-elf/lib/libc.a(libc_a-exit.o)
 .debug_line    0x00000000000002dc      0x52f /usr/local/m68k-elf/lib/libc.a(libc_a-findfp.o)
 .debug_line    0x000000000000080b      0x199 /usr/local/m68k-elf/lib/libc.a(libc_a-fwalk.o)
 .debug_line    0x00000000000009a4      0x162 /usr/local/m68k-elf/lib/libc.a(libc_a-putchar.o)
 .debug_line    0x0000000000000b06      0x239 /usr/local/m68k-elf/lib/libc.a(libc_a-puts.o)
 .debug_line    0x0000000000000d3f      0x18f /usr/local/m68k-elf/lib/libc.a(libc_a-scanf.o)
 .debug_line    0x0000000000000ece      0x21e /usr/local/m68k-elf/lib/libc.a(libc_a-stdio.o)
 .debug_line    0x00000000000010ec      0x178 /usr/local/m68k-elf/lib/libc.a(libc_a-closer.o)
 .debug_line    0x0000000000001264      0x1c1 /usr/local/m68k-elf/lib/libc.a(libc_a-reent.o)
 .debug_line    0x0000000000001425       0xac /usr/local/m68k-elf/lib/libc.a(libc_a-impure.o)
 .debug_line    0x00000000000014d1      0x183 /usr/local/m68k-elf/lib/libc.a(libc_a-lseekr.o)
 .debug_line    0x0000000000001654      0x177 /usr/local/m68k-elf/lib/libc.a(libc_a-readr.o)
 .debug_line    0x00000000000017cb      0x178 /usr/local/m68k-elf/lib/libc.a(libc_a-writer.o)
 .debug_line    0x0000000000001943       0xfa /usr/local/m68k-elf/lib/libc.a(libc_a-strlen.o)
 .debug_line    0x0000000000001a3d       0x6d /usr/local/m68k-elf/lib/libc.a(libc_a-memset.o)
 .debug_line    0x0000000000001aaa      0x1a6 /usr/local/m68k-elf/lib/libc.a(libc_a-__call_atexit.o)
 .debug_line    0x0000000000001c50      0x500 /usr/local/m68k-elf/lib/libc.a(libc_a-freer.o)
 .debug_line    0x0000000000002150      0x99b /usr/local/m68k-elf/lib/libc.a(libc_a-mallocr.o)
 .debug_line    0x0000000000002aeb      0x140 /usr/local/m68k-elf/lib/libc.a(libc_a-mlock.o)
 .debug_line    0x0000000000002c2b     0x1951 /usr/local/m68k-elf/lib/libc.a(libc_a-vfscanf.o)
 .debug_line    0x000000000000457c      0x24c /usr/local/m68k-elf/lib/libc.a(libc_a-fclose.o)
 .debug_line    0x00000000000047c8      0x484 /usr/local/m68k-elf/lib/libc.a(libc_a-fflush.o)
 .debug_line    0x0000000000004c4c      0x3c5 /usr/local/m68k-elf/lib/libc.a(libc_a-fread.o)
 .debug_line    0x0000000000005011      0x610 /usr/local/m68k-elf/lib/libc.a(libc_a-fvwrite.o)
 .debug_line    0x0000000000005621      0x279 /usr/local/m68k-elf/lib/libc.a(libc_a-putc.o)
 .debug_line    0x000000000000589a      0x37f /usr/local/m68k-elf/lib/libc.a(libc_a-refill.o)
 .debug_line    0x0000000000005c19      0x1b5 /usr/local/m68k-elf/lib/libc.a(libc_a-sccl.o)
 .debug_line    0x0000000000005dce      0x1ef /usr/local/m68k-elf/lib/libc.a(libc_a-sprintf.o)
 .debug_line    0x0000000000005fbd      0x3e1 /usr/local/m68k-elf/lib/libc.a(libc_a-ungetc.o)
 .debug_line    0x000000000000639e      0x29f /usr/local/m68k-elf/lib/libc.a(libc_a-wbuf.o)
 .debug_line    0x000000000000663d      0x2db /usr/local/m68k-elf/lib/libc.a(libc_a-wsetup.o)
 .debug_line    0x0000000000006918      0x19f /usr/local/m68k-elf/lib/libc.a(libc_a-memchr.o)
 .debug_line    0x0000000000006ab7      0x1da /usr/local/m68k-elf/lib/libc.a(libc_a-memmove.o)
 .debug_line    0x0000000000006c91      0x26f /usr/local/m68k-elf/lib/libc.a(libc_a-locale.o)
 .debug_line    0x0000000000006f00      0x173 /usr/local/m68k-elf/lib/libc.a(libc_a-localeconv.o)
 .debug_line    0x0000000000007073      0x16c /usr/local/m68k-elf/lib/libc.a(libc_a-sbrkr.o)
 .debug_line    0x00000000000071df       0x69 /usr/local/m68k-elf/lib/libc.a(libc_a-memcpy.o)
 .debug_line    0x0000000000007248       0xb0 /usr/local/m68k-elf/lib/libc.a(libm_a-sf_nan.o)
 .debug_line    0x00000000000072f8      0x201 /usr/local/m68k-elf/lib/libc.a(libc_a-mbtowc_r.o)
 .debug_line    0x00000000000074f9      0x864 /usr/local/m68k-elf/lib/libc.a(libc_a-reallocr.o)
 .debug_line    0x0000000000007d5d     0x14c4 /usr/local/m68k-elf/lib/libc.a(libc_a-strtod.o)
 .debug_line    0x0000000000009221      0x483 /usr/local/m68k-elf/lib/libc.a(libc_a-strtol.o)
 .debug_line    0x00000000000096a4      0x402 /usr/local/m68k-elf/lib/libc.a(libc_a-strtoul.o)
 .debug_line    0x0000000000009aa6      0x1f4 /usr/local/m68k-elf/lib/libc.a(libc_a-wctomb_r.o)
 .debug_line    0x0000000000009c9a      0x24b /usr/local/m68k-elf/lib/libc.a(libc_a-mbrtowc.o)
 .debug_line    0x0000000000009ee5       0x5b /usr/local/m68k-elf/lib/libc.a(libc_a-ctype_.o)
 .debug_line    0x0000000000009f40      0x132 /usr/local/m68k-elf/lib/libc.a(libc_a-iswspace.o)
 .debug_line    0x000000000000a072      0x1c7 /usr/local/m68k-elf/lib/libc.a(libc_a-iswspace_l.o)
 .debug_line    0x000000000000a239     0x1967 /usr/local/m68k-elf/lib/libc.a(libc_a-svfprintf.o)
 .debug_line    0x000000000000bba0      0x36d /usr/local/m68k-elf/lib/libc.a(libc_a-makebuf.o)
 .debug_line    0x000000000000bf0d      0x144 /usr/local/m68k-elf/lib/libc.a(libc_a-strcmp.o)
 .debug_line    0x000000000000c051      0x1bf /usr/local/m68k-elf/lib/libc.a(libc_a-strncmp.o)
 .debug_line    0x000000000000c210      0x1ed /usr/local/m68k-elf/lib/libc.a(libc_a-fstatr.o)
 .debug_line    0x000000000000c3fd      0x179 /usr/local/m68k-elf/lib/libc.a(libc_a-isattyr.o)